[{"id":"2bacb9f8-c3f3-4fbd-9d1c-11aff8c71b9f","status":"succeeded","total_attempts":1,"next_retry_at":null,"last_error":null,"created_at":"2026-04-24T01:40:26.489227Z","updated_at":"2026-04-24T01:40:26.860495Z","endpoint_id":"68662502-747d-4f8d-a56f-f45cc4ec54ec","endpoint_name":"local-test","endpoint_target_url":"http://host.docker.internal:9000/webhook","event_id":"3950fad6-1a06-462f-971f-9925501c12d2","event_type":"test.event"},{"id":"37f50303-6fc3-42df-a839-7e66ad5d2e15","status":"retrying","total_attempts":1,"next_retry_at":"2026-04-24T03:48:51.358750Z","last_error":"http_5xx: 502","created_at":"2026-04-24T03:48:21.312661Z","updated_at":"2026-04-24T03:48:21.358763Z","endpoint_id":"68662502-747d-4f8d-a56f-f45cc4ec54ec","endpoint_name":"local-test","endpoint_target_url":"http://host.docker.internal:9000/webhook","event_id":"3950fad6-1a06-462f-971f-9925501c12d2","event_type":"test.event"},{"id":"6b755aff-0c48-47aa-a80b-4c542642d807","status":"succeeded","total_attempts":1,"next_retry_at":null,"last_error":null,"created_at":"2026-04-24T01:41:43.433770Z","updated_at":"2026-04-24T01:41:43.505331Z","endpoint_id":"68662502-747d-4f8d-a56f-f45cc4ec54ec","endpoint_name":"local-test","endpoint_target_url":"http://host.docker.internal:9000/webhook","event_id":"02c8b0c1-e56a-4c47-b7ee-9455d35847c4","event_type":"test.event"},{"id":"118ec805-db0e-452d-904c-9f852051b46e","status":"retrying","total_attempts":1,"next_retry_at":"2026-04-24T03:48:20.168420Z","last_error":"http_5xx: 502","created_at":"2026-04-24T03:47:49.923183Z","updated_at":"2026-04-24T03:47:50.168431Z","endpoint_id":"68662502-747d-4f8d-a56f-f45cc4ec54ec","endpoint_name":"local-test","endpoint_target_url":"http://host.docker.internal:9000/webhook","event_id":"3950fad6-1a06-462f-971f-9925501c12d2","event_type":"test.event"},{"id":"027bdb39-05c4-41f3-8bb9-516fd80c19b1","status":"succeeded","total_attempts":1,"next_retry_at":null,"last_error":null,"created_at":"2026-04-24T01:42:10.528104Z","updated_at":"2026-04-24T01:42:13.634312Z","endpoint_id":"68662502-747d-4f8d-a56f-f45cc4ec54ec","endpoint_name":"local-test","endpoint_target_url":"http://host.docker.internal:9000/webhook","event_id":"cf960e34-115a-41fe-b5ee-21c79cfbb5c5","event_type":"test.event"},{"id":"98f83fe7-f0c2-4742-b09b-c26fe2c6c23c","status":"retrying","total_attempts":1,"next_retry_at":"2026-04-24T03:48:21.114962Z","last_error":"http_5xx: 502","created_at":"2026-04-24T03:47:50.951012Z","updated_at":"2026-04-24T03:47:51.115010Z","endpoint_id":"68662502-747d-4f8d-a56f-f45cc4ec54ec","endpoint_name":"local-test","endpoint_target_url":"http://host.docker.internal:9000/webhook","event_id":"3950fad6-1a06-462f-971f-9925501c12d2","event_type":"test.event"},{"id":"cf7d1949-b3a9-4ce0-b8f7-fd41d5f53ecc","status":"retrying","total_attempts":1,"next_retry_at":"2026-04-24T03:48:21.951307Z","last_error":"http_5xx: 502","created_at":"2026-04-24T03:47:51.745177Z","updated_at":"2026-04-24T03:47:51.951350Z","endpoint_id":"68662502-747d-4f8d-a56f-f45cc4ec54ec","endpoint_name":"local-test","endpoint_target_url":"http://host.docker.internal:9000/webhook","event_id":"3950fad6-1a06-462f-971f-9925501c12d2","event_type":"test.event"},{"id":"495af7b9-094d-43d7-8e11-fe475f99acdd","status":"retrying","total_attempts":1,"next_retry_at":"2026-04-24T03:48:58.793062Z","last_error":"http_5xx: 502","created_at":"2026-04-24T03:48:28.656986Z","updated_at":"2026-04-24T03:48:28.793076Z","endpoint_id":"68662502-747d-4f8d-a56f-f45cc4ec54ec","endpoint_name":"local-test","endpoint_target_url":"http://host.docker.internal:9000/webhook","event_id":"3950fad6-1a06-462f-971f-9925501c12d2","event_type":"test.event"},{"id":"d54bdb65-2c9d-414f-b825-fc531cd5874c","status":"retrying","total_attempts":1,"next_retry_at":"2026-04-24T03:48:22.436728Z","last_error":"http_5xx: 502","created_at":"2026-04-24T03:47:52.396743Z","updated_at":"2026-04-24T03:47:52.436741Z","endpoint_id":"68662502-747d-4f8d-a56f-f45cc4ec54ec","endpoint_name":"local-test","endpoint_target_url":"http://host.docker.internal:9000/webhook","event_id":"3950fad6-1a06-462f-971f-9925501c12d2","event_type":"test.event"},{"id":"5bf72c2f-698a-4dee-9e9c-36ec2146216b","status":"retrying","total_attempts":1,"next_retry_at":"2026-04-24T03:48:23.109011Z","last_error":"http_5xx: 502","created_at":"2026-04-24T03:47:52.998129Z","updated_at":"2026-04-24T03:47:53.109027Z","endpoint_id":"68662502-747d-4f8d-a56f-f45cc4ec54ec","endpoint_name":"local-test","endpoint_target_url":"http://host.docker.internal:9000/webhook","event_id":"3950fad6-1a06-462f-971f-9925501c12d2","event_type":"test.event"},{"id":"8983d81f-fabb-478e-97fd-28c91bec0998","status":"failed","total_attempts":3,"next_retry_at":null,"last_error":"All connection attempts failed","created_at":"2026-04-24T01:41:43.433778Z","updated_at":"2026-04-24T01:49:14.245791Z","endpoint_id":"9d6df7b7-0b87-460e-8e62-5509329c488c","endpoint_name":"bad-endpoint","endpoint_target_url":"http://host.docker.internal:9999/webhook","event_id":"02c8b0c1-e56a-4c47-b7ee-9455d35847c4","event_type":"test.event"},{"id":"40061d34-26e6-4aa8-a679-cc907def565a","status":"failed","total_attempts":3,"next_retry_at":null,"last_error":"connection_error: connection failed","created_at":"2026-04-24T03:55:48.986288Z","updated_at":"2026-04-24T03:58:34.302674Z","endpoint_id":"68662502-747d-4f8d-a56f-f45cc4ec54ec","endpoint_name":"local-test","endpoint_target_url":"http://host.docker.internal:9000/webhook","event_id":"3950fad6-1a06-462f-971f-9925501c12d2","event_type":"test.event"},{"id":"02fb079e-1a7f-4a99-9305-1948e6c8712b","status":"failed","total_attempts":3,"next_retry_at":null,"last_error":"All connection attempts failed","created_at":"2026-04-24T01:42:10.528110Z","updated_at":"2026-04-24T01:49:14.260768Z","endpoint_id":"9d6df7b7-0b87-460e-8e62-5509329c488c","endpoint_name":"bad-endpoint","endpoint_target_url":"http://host.docker.internal:9999/webhook","event_id":"cf960e34-115a-41fe-b5ee-21c79cfbb5c5","event_type":"test.event"},{"id":"8d531848-496c-4c93-a1ab-93db36248171","status":"retrying","total_attempts":1,"next_retry_at":"2026-04-24T03:48:27.036283Z","last_error":"http_5xx: 502","created_at":"2026-04-24T03:47:56.877587Z","updated_at":"2026-04-24T03:47:57.036310Z","endpoint_id":"68662502-747d-4f8d-a56f-f45cc4ec54ec","endpoint_name":"local-test","endpoint_target_url":"http://host.docker.internal:9000/webhook","event_id":"3950fad6-1a06-462f-971f-9925501c12d2","event_type":"test.event"},{"id":"f3588693-b254-40ea-9b51-af4eeeee52ae","status":"failed","total_attempts":3,"next_retry_at":null,"last_error":"All connection attempts failed","created_at":"2026-04-24T01:42:10.528113Z","updated_at":"2026-04-24T01:49:14.272916Z","endpoint_id":"d863ae57-beb9-4ef6-8feb-a78c91a2024f","endpoint_name":"bad-endpoint","endpoint_target_url":"http://host.docker.internal:9999/webhook","event_id":"cf960e34-115a-41fe-b5ee-21c79cfbb5c5","event_type":"test.event"},{"id":"f8510394-5c71-49b9-b1af-bc4879c7a65f","status":"retrying","total_attempts":1,"next_retry_at":"2026-04-24T02:01:59.308364Z","last_error":"All connection attempts failed | All connection attempts failed | All connection attempts failed | multiple connection attempts failed","created_at":"2026-04-24T02:01:28.967637Z","updated_at":"2026-04-24T02:01:29.308419Z","endpoint_id":"9d6df7b7-0b87-460e-8e62-5509329c488c","endpoint_name":"bad-endpoint","endpoint_target_url":"http://host.docker.internal:9999/webhook","event_id":"cf960e34-115a-41fe-b5ee-21c79cfbb5c5","event_type":"test.event"},{"id":"baa62027-e731-4ff2-8d48-4d56e443c995","status":"retrying","total_attempts":1,"next_retry_at":"2026-04-24T03:48:59.934750Z","last_error":"http_5xx: 502","created_at":"2026-04-24T03:48:29.807734Z","updated_at":"2026-04-24T03:48:29.934765Z","endpoint_id":"68662502-747d-4f8d-a56f-f45cc4ec54ec","endpoint_name":"local-test","endpoint_target_url":"http://host.docker.internal:9000/webhook","event_id":"3950fad6-1a06-462f-971f-9925501c12d2","event_type":"test.event"},{"id":"42cd50a9-3518-4ea7-9d1d-8054c99b5835","status":"succeeded","total_attempts":1,"next_retry_at":null,"last_error":null,"created_at":"2026-04-24T02:09:06.706093Z","updated_at":"2026-04-24T02:09:06.832339Z","endpoint_id":"68662502-747d-4f8d-a56f-f45cc4ec54ec","endpoint_name":"local-test","endpoint_target_url":"http://host.docker.internal:9000/webhook","event_id":"25dad4c8-f7ae-4420-9207-c8d4bf2c4dee","event_type":"test.failure.clean"},{"id":"bd9f058a-2b4e-45ed-a7d7-dec1a8450628","status":"retrying","total_attempts":1,"next_retry_at":"2026-04-24T03:48:27.118401Z","last_error":"http_5xx: 502","created_at":"2026-04-24T03:47:57.047515Z","updated_at":"2026-04-24T03:47:57.118406Z","endpoint_id":"68662502-747d-4f8d-a56f-f45cc4ec54ec","endpoint_name":"local-test","endpoint_target_url":"http://host.docker.internal:9000/webhook","event_id":"3950fad6-1a06-462f-971f-9925501c12d2","event_type":"test.event"},{"id":"c0392d84-1f15-467c-89f3-d40fbb9f709f","status":"retrying","total_attempts":1,"next_retry_at":"2026-04-24T02:09:36.852217Z","last_error":"All connection attempts failed | All connection attempts failed | All connection attempts failed | multiple connection attempts failed","created_at":"2026-04-24T02:09:06.706103Z","updated_at":"2026-04-24T02:09:06.852232Z","endpoint_id":"c2f7cbd8-9315-4df2-9761-cc9259001e5c","endpoint_name":"bad-clean-test","endpoint_target_url":"http://host.docker.internal:9998/webhook","event_id":"25dad4c8-f7ae-4420-9207-c8d4bf2c4dee","event_type":"test.failure.clean"},{"id":"90a6505a-aa46-4e43-8759-552fab8f694d","status":"succeeded","total_attempts":1,"next_retry_at":null,"last_error":null,"created_at":"2026-04-24T02:12:16.868299Z","updated_at":"2026-04-24T02:12:17.022928Z","endpoint_id":"68662502-747d-4f8d-a56f-f45cc4ec54ec","endpoint_name":"local-test","endpoint_target_url":"http://host.docker.internal:9000/webhook","event_id":"9dcd4bfc-18c4-4596-83ae-a1e493d785dc","event_type":"test.failure.clean"},{"id":"63801e58-87e4-4758-bb5a-9575b6d48b04","status":"retrying","total_attempts":1,"next_retry_at":"2026-04-24T02:12:47.043066Z","last_error":"connection_error: connection failed","created_at":"2026-04-24T02:12:16.868308Z","updated_at":"2026-04-24T02:12:17.043078Z","endpoint_id":"c2f7cbd8-9315-4df2-9761-cc9259001e5c","endpoint_name":"bad-clean-test","endpoint_target_url":"http://host.docker.internal:9998/webhook","event_id":"9dcd4bfc-18c4-4596-83ae-a1e493d785dc","event_type":"test.failure.clean"},{"id":"a4489ea9-6f50-4afc-a636-c7ce9a1a7c2e","status":"retrying","total_attempts":1,"next_retry_at":"2026-04-24T03:48:27.945490Z","last_error":"http_5xx: 502","created_at":"2026-04-24T03:47:57.702380Z","updated_at":"2026-04-24T03:47:57.945523Z","endpoint_id":"68662502-747d-4f8d-a56f-f45cc4ec54ec","endpoint_name":"local-test","endpoint_target_url":"http://host.docker.internal:9000/webhook","event_id":"3950fad6-1a06-462f-971f-9925501c12d2","event_type":"test.event"},{"id":"7630d92c-4ae3-476b-8d48-e5fbb581d61b","status":"retrying","total_attempts":1,"next_retry_at":"2026-04-24T02:12:47.054719Z","last_error":"connection_error: connection failed","created_at":"2026-04-24T02:12:16.868313Z","updated_at":"2026-04-24T02:12:17.054724Z","endpoint_id":"d737d02f-428c-46de-8edc-08e6cc2cc2c5","endpoint_name":"bad-clean-test-2","endpoint_target_url":"http://host.docker.internal:9998/webhook","event_id":"9dcd4bfc-18c4-4596-83ae-a1e493d785dc","event_type":"test.failure.clean"},{"id":"09736305-9d4d-4203-8967-7b74b7eeeb3a","status":"succeeded","total_attempts":1,"next_retry_at":null,"last_error":null,"created_at":"2026-04-24T02:14:01.420676Z","updated_at":"2026-04-24T02:14:01.564946Z","endpoint_id":"68662502-747d-4f8d-a56f-f45cc4ec54ec","endpoint_name":"local-test","endpoint_target_url":"http://host.docker.internal:9000/webhook","event_id":"2277c1a6-a7e8-4383-a3b1-1d4fed5fdbb6","event_type":"test.after.deactivate"},{"id":"6f38857f-24b2-46ab-bd51-58f8f67bc8ab","status":"succeeded","total_attempts":1,"next_retry_at":null,"last_error":null,"created_at":"2026-04-24T02:51:57.019941Z","updated_at":"2026-04-24T02:51:57.433035Z","endpoint_id":"68662502-747d-4f8d-a56f-f45cc4ec54ec","endpoint_name":"local-test","endpoint_target_url":"http://host.docker.internal:9000/webhook","event_id":"6ea38073-51ee-4432-abed-2e895672aa6f","event_type":"test.proxy.latency"},{"id":"37120f64-457e-459f-80d3-9ad1c02b8b70","status":"succeeded","total_attempts":1,"next_retry_at":null,"last_error":null,"created_at":"2026-04-24T04:02:40.963655Z","updated_at":"2026-04-24T04:02:41.006425Z","endpoint_id":"68662502-747d-4f8d-a56f-f45cc4ec54ec","endpoint_name":"local-test","endpoint_target_url":"http://host.docker.internal:9000/webhook","event_id":"02c8b0c1-e56a-4c47-b7ee-9455d35847c4","event_type":"test.event"},{"id":"64aa4625-cf26-45ad-8db9-faf0fbe3db3b","status":"retrying","total_attempts":1,"next_retry_at":"2026-04-24T03:48:17.745473Z","last_error":"http_5xx: 502","created_at":"2026-04-24T03:47:47.173941Z","updated_at":"2026-04-24T03:47:47.745477Z","endpoint_id":"68662502-747d-4f8d-a56f-f45cc4ec54ec","endpoint_name":"local-test","endpoint_target_url":"http://host.docker.internal:9000/webhook","event_id":"3950fad6-1a06-462f-971f-9925501c12d2","event_type":"test.event"},{"id":"1b2b8d52-0b00-457b-89e1-cc49b6da26aa","status":"retrying","total_attempts":1,"next_retry_at":"2026-04-24T03:48:46.444640Z","last_error":"http_5xx: 502","created_at":"2026-04-24T03:48:16.106202Z","updated_at":"2026-04-24T03:48:16.444650Z","endpoint_id":"68662502-747d-4f8d-a56f-f45cc4ec54ec","endpoint_name":"local-test","endpoint_target_url":"http://host.docker.internal:9000/webhook","event_id":"3950fad6-1a06-462f-971f-9925501c12d2","event_type":"test.event"},{"id":"4d695a77-c314-4a91-ad67-8689ca42a676","status":"retrying","total_attempts":1,"next_retry_at":"2026-04-24T03:48:47.444064Z","last_error":"http_5xx: 502","created_at":"2026-04-24T03:48:17.370521Z","updated_at":"2026-04-24T03:48:17.444072Z","endpoint_id":"68662502-747d-4f8d-a56f-f45cc4ec54ec","endpoint_name":"local-test","endpoint_target_url":"http://host.docker.internal:9000/webhook","event_id":"3950fad6-1a06-462f-971f-9925501c12d2","event_type":"test.event"},{"id":"8a1483fa-88fc-46a4-a829-11245b7b15aa","status":"succeeded","total_attempts":1,"next_retry_at":null,"last_error":null,"created_at":"2026-04-24T04:02:03.679957Z","updated_at":"2026-04-24T04:02:03.775467Z","endpoint_id":"68662502-747d-4f8d-a56f-f45cc4ec54ec","endpoint_name":"local-test","endpoint_target_url":"http://host.docker.internal:9000/webhook","event_id":"3950fad6-1a06-462f-971f-9925501c12d2","event_type":"test.event"},{"id":"ef4830ad-2def-471d-b193-24326431867d","status":"retrying","total_attempts":1,"next_retry_at":"2026-04-24T03:48:48.145127Z","last_error":"http_5xx: 502","created_at":"2026-04-24T03:48:18.112588Z","updated_at":"2026-04-24T03:48:18.145133Z","endpoint_id":"68662502-747d-4f8d-a56f-f45cc4ec54ec","endpoint_name":"local-test","endpoint_target_url":"http://host.docker.internal:9000/webhook","event_id":"3950fad6-1a06-462f-971f-9925501c12d2","event_type":"test.event"},{"id":"082f9422-8d6e-4ed9-9d28-6123fb4755b7","status":"retrying","total_attempts":1,"next_retry_at":"2026-04-24T03:48:50.191335Z","last_error":"http_5xx: 502","created_at":"2026-04-24T03:48:19.970701Z","updated_at":"2026-04-24T03:48:20.191346Z","endpoint_id":"68662502-747d-4f8d-a56f-f45cc4ec54ec","endpoint_name":"local-test","endpoint_target_url":"http://host.docker.internal:9000/webhook","event_id":"3950fad6-1a06-462f-971f-9925501c12d2","event_type":"test.event"},{"id":"59075f61-3ef3-4ecc-8b22-775e05e2218f","status":"retrying","total_attempts":1,"next_retry_at":"2026-04-24T03:48:50.907335Z","last_error":"http_5xx: 502","created_at":"2026-04-24T03:48:20.720200Z","updated_at":"2026-04-24T03:48:20.907361Z","endpoint_id":"68662502-747d-4f8d-a56f-f45cc4ec54ec","endpoint_name":"local-test","endpoint_target_url":"http://host.docker.internal:9000/webhook","event_id":"3950fad6-1a06-462f-971f-9925501c12d2","event_type":"test.event"},{"id":"8bdf220e-fdec-42df-8bdc-b1a96aeb5f9c","status":"failed","total_attempts":3,"next_retry_at":null,"last_error":"connection_error: connection failed","created_at":"2026-04-24T03:55:55.503129Z","updated_at":"2026-04-24T03:58:40.502621Z","endpoint_id":"68662502-747d-4f8d-a56f-f45cc4ec54ec","endpoint_name":"local-test","endpoint_target_url":"http://host.docker.internal:9000/webhook","event_id":"3950fad6-1a06-462f-971f-9925501c12d2","event_type":"test.event"},{"id":"1d17f6c1-a354-4648-baaa-a2c74c669b6e","status":"retrying","total_attempts":2,"next_retry_at":"2026-04-24T03:55:00.083859Z","last_error":"http_5xx: 502","created_at":"2026-04-24T03:52:27.165572Z","updated_at":"2026-04-24T03:53:00.083872Z","endpoint_id":"68662502-747d-4f8d-a56f-f45cc4ec54ec","endpoint_name":"local-test","endpoint_target_url":"http://host.docker.internal:9000/webhook","event_id":"3950fad6-1a06-462f-971f-9925501c12d2","event_type":"test.event"},{"id":"3dc4ff3f-bcfe-451a-ba39-1aa95031c6ec","status":"retrying","total_attempts":2,"next_retry_at":"2026-04-24T03:55:00.110331Z","last_error":"http_5xx: 502","created_at":"2026-04-24T03:52:28.304268Z","updated_at":"2026-04-24T03:53:00.110334Z","endpoint_id":"68662502-747d-4f8d-a56f-f45cc4ec54ec","endpoint_name":"local-test","endpoint_target_url":"http://host.docker.internal:9000/webhook","event_id":"3950fad6-1a06-462f-971f-9925501c12d2","event_type":"test.event"},{"id":"6860c27a-789f-4418-8631-e1d1b0206a59","status":"failed","total_attempts":3,"next_retry_at":null,"last_error":"connection_error: connection failed","created_at":"2026-04-24T03:55:23.860147Z","updated_at":"2026-04-24T03:58:09.693817Z","endpoint_id":"68662502-747d-4f8d-a56f-f45cc4ec54ec","endpoint_name":"local-test","endpoint_target_url":"http://host.docker.internal:9000/webhook","event_id":"3950fad6-1a06-462f-971f-9925501c12d2","event_type":"test.event"},{"id":"6eaa306e-3716-4960-a0fa-42c68c2603df","status":"retrying","total_attempts":2,"next_retry_at":"2026-04-24T03:55:06.319498Z","last_error":"http_5xx: 502","created_at":"2026-04-24T03:52:29.569949Z","updated_at":"2026-04-24T03:53:06.319512Z","endpoint_id":"68662502-747d-4f8d-a56f-f45cc4ec54ec","endpoint_name":"local-test","endpoint_target_url":"http://host.docker.internal:9000/webhook","event_id":"3950fad6-1a06-462f-971f-9925501c12d2","event_type":"test.event"},{"id":"11059cae-66eb-45c2-8863-504c8b294949","status":"succeeded","total_attempts":1,"next_retry_at":null,"last_error":null,"created_at":"2026-04-24T04:02:00.688570Z","updated_at":"2026-04-24T04:02:00.867711Z","endpoint_id":"68662502-747d-4f8d-a56f-f45cc4ec54ec","endpoint_name":"local-test","endpoint_target_url":"http://host.docker.internal:9000/webhook","event_id":"3950fad6-1a06-462f-971f-9925501c12d2","event_type":"test.event"},{"id":"e5083e57-05d9-43ff-a504-a1f2e6424e80","status":"failed","total_attempts":3,"next_retry_at":null,"last_error":"connection_error: connection failed","created_at":"2026-04-24T03:55:45.236948Z","updated_at":"2026-04-24T03:58:21.943470Z","endpoint_id":"68662502-747d-4f8d-a56f-f45cc4ec54ec","endpoint_name":"local-test","endpoint_target_url":"http://host.docker.internal:9000/webhook","event_id":"3950fad6-1a06-462f-971f-9925501c12d2","event_type":"test.event"},{"id":"5d7df2b7-b213-4fba-9a9e-9ef92e818546","status":"succeeded","total_attempts":1,"next_retry_at":null,"last_error":null,"created_at":"2026-04-24T04:02:09.657779Z","updated_at":"2026-04-24T04:02:09.948796Z","endpoint_id":"68662502-747d-4f8d-a56f-f45cc4ec54ec","endpoint_name":"local-test","endpoint_target_url":"http://host.docker.internal:9000/webhook","event_id":"3950fad6-1a06-462f-971f-9925501c12d2","event_type":"test.event"},{"id":"4588874b-b43e-410a-a7c5-b690424ee7de","status":"succeeded","total_attempts":1,"next_retry_at":null,"last_error":null,"created_at":"2026-04-24T04:02:02.425904Z","updated_at":"2026-04-24T04:02:02.511416Z","endpoint_id":"68662502-747d-4f8d-a56f-f45cc4ec54ec","endpoint_name":"local-test","endpoint_target_url":"http://host.docker.internal:9000/webhook","event_id":"3950fad6-1a06-462f-971f-9925501c12d2","event_type":"test.event"},{"id":"01611f2b-3b26-4391-bff5-c8428efd0dd3","status":"failed","total_attempts":3,"next_retry_at":null,"last_error":"connection_error: connection failed","created_at":"2026-04-24T03:55:47.008286Z","updated_at":"2026-04-24T03:58:28.121796Z","endpoint_id":"68662502-747d-4f8d-a56f-f45cc4ec54ec","endpoint_name":"local-test","endpoint_target_url":"http://host.docker.internal:9000/webhook","event_id":"3950fad6-1a06-462f-971f-9925501c12d2","event_type":"test.event"},{"id":"5ce907c5-70d9-4c3c-a918-a4367c70f26b","status":"succeeded","total_attempts":1,"next_retry_at":null,"last_error":null,"created_at":"2026-04-24T04:02:03.080430Z","updated_at":"2026-04-24T04:02:03.117386Z","endpoint_id":"68662502-747d-4f8d-a56f-f45cc4ec54ec","endpoint_name":"local-test","endpoint_target_url":"http://host.docker.internal:9000/webhook","event_id":"3950fad6-1a06-462f-971f-9925501c12d2","event_type":"test.event"},{"id":"a84e4801-d127-4054-ace3-44cabcb48548","status":"succeeded","total_attempts":1,"next_retry_at":null,"last_error":null,"created_at":"2026-04-24T04:02:41.540452Z","updated_at":"2026-04-24T04:02:41.658143Z","endpoint_id":"68662502-747d-4f8d-a56f-f45cc4ec54ec","endpoint_name":"local-test","endpoint_target_url":"http://host.docker.internal:9000/webhook","event_id":"02c8b0c1-e56a-4c47-b7ee-9455d35847c4","event_type":"test.event"},{"id":"b1f65069-f395-4822-9364-f22e070ed1a4","status":"succeeded","total_attempts":1,"next_retry_at":null,"last_error":null,"created_at":"2026-04-24T04:02:40.384402Z","updated_at":"2026-04-24T04:02:40.501402Z","endpoint_id":"68662502-747d-4f8d-a56f-f45cc4ec54ec","endpoint_name":"local-test","endpoint_target_url":"http://host.docker.internal:9000/webhook","event_id":"02c8b0c1-e56a-4c47-b7ee-9455d35847c4","event_type":"test.event"},{"id":"892a67bf-b08f-4c31-a5a0-95f769f1669a","status":"succeeded","total_attempts":1,"next_retry_at":null,"last_error":null,"created_at":"2026-04-24T04:02:42.139370Z","updated_at":"2026-04-24T04:02:42.159349Z","endpoint_id":"68662502-747d-4f8d-a56f-f45cc4ec54ec","endpoint_name":"local-test","endpoint_target_url":"http://host.docker.internal:9000/webhook","event_id":"02c8b0c1-e56a-4c47-b7ee-9455d35847c4","event_type":"test.event"},{"id":"e6d8b900-b581-422f-b683-b4f99a2f6f25","status":"succeeded","total_attempts":1,"next_retry_at":null,"last_error":null,"created_at":"2026-04-24T05:01:22.125432Z","updated_at":"2026-04-24T05:01:35.288859Z","endpoint_id":"39f61d7a-03b1-4348-9562-525ea77e7b98","endpoint_name":"Built-in receiver endpoint","endpoint_target_url":"http://backend:8000/test-webhooks/26d9954e-a6f0-42c7-b462-712dba422c71","event_id":"63b6f1cc-8a39-4c49-97c8-b8b3f4826378","event_type":"load.test"},{"id":"4939b809-1663-42b9-b0cb-a2d48aa68017","status":"succeeded","total_attempts":1,"next_retry_at":null,"last_error":null,"created_at":"2026-04-24T04:04:40.741147Z","updated_at":"2026-04-24T04:04:41.256723Z","endpoint_id":"fc74fc16-058b-4b82-8af8-cdf32d9b61c5","endpoint_name":"unstable-network-endpoint","endpoint_target_url":"http://host.docker.internal:9000/webhook","event_id":"167d5c97-4b47-476e-9229-d5967629c561","event_type":"demo.network.test"},{"id":"caf03d14-fbd1-4140-93e2-7aead3bb2aed","status":"succeeded","total_attempts":1,"next_retry_at":null,"last_error":null,"created_at":"2026-04-24T04:04:40.768413Z","updated_at":"2026-04-24T04:04:41.282945Z","endpoint_id":"68662502-747d-4f8d-a56f-f45cc4ec54ec","endpoint_name":"local-test","endpoint_target_url":"http://host.docker.internal:9000/webhook","event_id":"136acd7d-722c-42b5-945f-965a310d23d6","event_type":"demo.network.test"},{"id":"15773a36-17e1-4e8e-b690-2451f220086e","status":"succeeded","total_attempts":1,"next_retry_at":null,"last_error":null,"created_at":"2026-04-24T04:04:40.768416Z","updated_at":"2026-04-24T04:04:41.417798Z","endpoint_id":"aafb271f-5af9-4cf5-88cf-5476b5599aeb","endpoint_name":"normal-endpoint","endpoint_target_url":"http://host.docker.internal:9000/webhook","event_id":"136acd7d-722c-42b5-945f-965a310d23d6","event_type":"demo.network.test"},{"id":"716c7601-a6a8-4936-8303-14ab16d96026","status":"succeeded","total_attempts":1,"next_retry_at":null,"last_error":null,"created_at":"2026-04-24T04:04:40.768419Z","updated_at":"2026-04-24T04:04:41.738227Z","endpoint_id":"fc74fc16-058b-4b82-8af8-cdf32d9b61c5","endpoint_name":"unstable-network-endpoint","endpoint_target_url":"http://host.docker.internal:9000/webhook","event_id":"136acd7d-722c-42b5-945f-965a310d23d6","event_type":"demo.network.test"},{"id":"af6a318e-f829-4561-a7a9-d66258c5651e","status":"succeeded","total_attempts":1,"next_retry_at":null,"last_error":null,"created_at":"2026-04-24T04:04:40.786276Z","updated_at":"2026-04-24T04:04:41.763916Z","endpoint_id":"68662502-747d-4f8d-a56f-f45cc4ec54ec","endpoint_name":"local-test","endpoint_target_url":"http://host.docker.internal:9000/webhook","event_id":"fdd509e9-08f8-4268-a245-14be421ddc26","event_type":"demo.network.test"},{"id":"e8c79598-e52b-490b-8c39-370b878cc39c","status":"succeeded","total_attempts":1,"next_retry_at":null,"last_error":null,"created_at":"2026-04-24T04:04:40.786284Z","updated_at":"2026-04-24T04:04:41.778837Z","endpoint_id":"aafb271f-5af9-4cf5-88cf-5476b5599aeb","endpoint_name":"normal-endpoint","endpoint_target_url":"http://host.docker.internal:9000/webhook","event_id":"fdd509e9-08f8-4268-a245-14be421ddc26","event_type":"demo.network.test"},{"id":"01a867e2-2735-4df5-bad6-3c2a6ddcb510","status":"succeeded","total_attempts":2,"next_retry_at":null,"last_error":null,"created_at":"2026-04-24T04:04:40.786291Z","updated_at":"2026-04-24T04:05:15.501916Z","endpoint_id":"fc74fc16-058b-4b82-8af8-cdf32d9b61c5","endpoint_name":"unstable-network-endpoint","endpoint_target_url":"http://host.docker.internal:9000/webhook","event_id":"fdd509e9-08f8-4268-a245-14be421ddc26","event_type":"demo.network.test"},{"id":"af3766d0-7f40-4df4-bd17-e2573aae6bfe","status":"succeeded","total_attempts":1,"next_retry_at":null,"last_error":null,"created_at":"2026-04-24T04:04:40.808860Z","updated_at":"2026-04-24T04:04:42.134930Z","endpoint_id":"68662502-747d-4f8d-a56f-f45cc4ec54ec","endpoint_name":"local-test","endpoint_target_url":"http://host.docker.internal:9000/webhook","event_id":"a09d14de-3754-4b60-9283-ef433f56535f","event_type":"demo.network.test"},{"id":"5462c77e-2344-4bc8-aed2-a5df9289206d","status":"succeeded","total_attempts":1,"next_retry_at":null,"last_error":null,"created_at":"2026-04-24T04:04:40.808863Z","updated_at":"2026-04-24T04:04:42.166895Z","endpoint_id":"aafb271f-5af9-4cf5-88cf-5476b5599aeb","endpoint_name":"normal-endpoint","endpoint_target_url":"http://host.docker.internal:9000/webhook","event_id":"a09d14de-3754-4b60-9283-ef433f56535f","event_type":"demo.network.test"},{"id":"343548ca-626d-4153-9a08-c21def76dbda","status":"succeeded","total_attempts":1,"next_retry_at":null,"last_error":null,"created_at":"2026-04-24T04:04:40.824485Z","updated_at":"2026-04-24T04:04:42.522772Z","endpoint_id":"68662502-747d-4f8d-a56f-f45cc4ec54ec","endpoint_name":"local-test","endpoint_target_url":"http://host.docker.internal:9000/webhook","event_id":"0abdb111-af8e-4d70-89ca-43718e60a573","event_type":"demo.network.test"},{"id":"51bc6502-a9cb-4c45-b223-9b86bf77a9d9","status":"succeeded","total_attempts":1,"next_retry_at":null,"last_error":null,"created_at":"2026-04-24T04:04:40.741131Z","updated_at":"2026-04-24T04:04:40.914488Z","endpoint_id":"68662502-747d-4f8d-a56f-f45cc4ec54ec","endpoint_name":"local-test","endpoint_target_url":"http://host.docker.internal:9000/webhook","event_id":"167d5c97-4b47-476e-9229-d5967629c561","event_type":"demo.network.test"},{"id":"87a0b4c9-6a43-4b1a-b211-ade8dddda7ab","status":"succeeded","total_attempts":1,"next_retry_at":null,"last_error":null,"created_at":"2026-04-24T04:04:40.741145Z","updated_at":"2026-04-24T04:04:40.939981Z","endpoint_id":"aafb271f-5af9-4cf5-88cf-5476b5599aeb","endpoint_name":"normal-endpoint","endpoint_target_url":"http://host.docker.internal:9000/webhook","event_id":"167d5c97-4b47-476e-9229-d5967629c561","event_type":"demo.network.test"},{"id":"a6a0f7dc-43bc-4e6b-bfe0-74e8d24576f8","status":"failed","total_attempts":3,"next_retry_at":null,"last_error":"http_5xx: 503","created_at":"2026-04-24T04:04:40.808866Z","updated_at":"2026-04-24T04:07:19.561487Z","endpoint_id":"fc74fc16-058b-4b82-8af8-cdf32d9b61c5","endpoint_name":"unstable-network-endpoint","endpoint_target_url":"http://host.docker.internal:9000/webhook","event_id":"a09d14de-3754-4b60-9283-ef433f56535f","event_type":"demo.network.test"},{"id":"eb957764-ce77-48cb-a2ea-71c793807058","status":"succeeded","total_attempts":1,"next_retry_at":null,"last_error":null,"created_at":"2026-04-24T05:01:22.272185Z","updated_at":"2026-04-24T05:01:45.981370Z","endpoint_id":"4884d8c7-abfb-49cf-a00b-95aaa7724c74","endpoint_name":"built-in-test-receiver","endpoint_target_url":"http://backend:8000/test-webhooks/43aed16a-17e6-4e29-b0c7-3a7d162775b4","event_id":"212ce196-dca5-4786-87cb-7ca87d4f617f","event_type":"load.test"},{"id":"c4742924-8c6d-4f3b-be3f-65cdec26e6c8","status":"succeeded","total_attempts":1,"next_retry_at":null,"last_error":null,"created_at":"2026-04-24T05:01:22.371239Z","updated_at":"2026-04-24T05:01:53.251267Z","endpoint_id":"39f61d7a-03b1-4348-9562-525ea77e7b98","endpoint_name":"Built-in receiver endpoint","endpoint_target_url":"http://backend:8000/test-webhooks/26d9954e-a6f0-42c7-b462-712dba422c71","event_id":"fc430f5b-3b2d-4e05-a501-71b05efeb636","event_type":"load.test"},{"id":"8dd5d160-6c8e-4e76-a8dd-2ff1ec2a5830","status":"succeeded","total_attempts":1,"next_retry_at":null,"last_error":null,"created_at":"2026-04-24T05:01:22.385125Z","updated_at":"2026-04-24T05:01:54.128227Z","endpoint_id":"5cd890e0-eba3-4707-bd64-65ea65089a73","endpoint_name":"UI debug endpoint 2","endpoint_target_url":"http://backend:8000/test-webhooks/e3fb4cd6-bed2-4966-bff3-ea87ae2929fb","event_id":"60dac309-0883-41ca-9084-80c98ab38c61","event_type":"load.test"},{"id":"9fbe6c5a-7275-45b8-aa3a-8a9eba9f10df","status":"succeeded","total_attempts":1,"next_retry_at":null,"last_error":null,"created_at":"2026-04-24T05:01:22.433059Z","updated_at":"2026-04-24T05:01:58.359188Z","endpoint_id":"4884d8c7-abfb-49cf-a00b-95aaa7724c74","endpoint_name":"built-in-test-receiver","endpoint_target_url":"http://backend:8000/test-webhooks/43aed16a-17e6-4e29-b0c7-3a7d162775b4","event_id":"8f195443-badd-4cb6-8a72-f8186debbfdd","event_type":"load.test"},{"id":"1ddd8922-105a-463b-a903-7292bc5451e0","status":"succeeded","total_attempts":1,"next_retry_at":null,"last_error":null,"created_at":"2026-04-24T05:01:22.454681Z","updated_at":"2026-04-24T05:01:58.387016Z","endpoint_id":"39f61d7a-03b1-4348-9562-525ea77e7b98","endpoint_name":"Built-in receiver endpoint","endpoint_target_url":"http://backend:8000/test-webhooks/26d9954e-a6f0-42c7-b462-712dba422c71","event_id":"8c171cec-1e1b-4322-8a95-da937b24fa7e","event_type":"load.test"},{"id":"b364b9bb-3c78-41c9-b393-51b5090043ed","status":"succeeded","total_attempts":1,"next_retry_at":null,"last_error":null,"created_at":"2026-04-24T05:01:22.493425Z","updated_at":"2026-04-24T05:02:02.267651Z","endpoint_id":"5cd890e0-eba3-4707-bd64-65ea65089a73","endpoint_name":"UI debug endpoint 2","endpoint_target_url":"http://backend:8000/test-webhooks/e3fb4cd6-bed2-4966-bff3-ea87ae2929fb","event_id":"aaab265e-9f21-4576-86ff-8cd7ffa61930","event_type":"load.test"},{"id":"d4579320-b3a5-4362-aa44-f5baa3989c5a","status":"succeeded","total_attempts":1,"next_retry_at":null,"last_error":null,"created_at":"2026-04-24T05:01:22.556169Z","updated_at":"2026-04-24T05:02:02.994507Z","endpoint_id":"eabedf55-9e53-475f-b6e9-837a3593dc52","endpoint_name":"UI debug endpoint","endpoint_target_url":"http://backend:8000/test-webhooks/e3fb4cd6-bed2-4966-bff3-ea87ae2929fb","event_id":"3c6a3004-6c80-4ad3-85ea-46a5a4328778","event_type":"load.test"},{"id":"2ae9b699-dd4c-40a6-89b0-a15f7dd7c33d","status":"succeeded","total_attempts":2,"next_retry_at":null,"last_error":null,"created_at":"2026-04-24T05:01:22.602093Z","updated_at":"2026-04-24T05:02:39.657441Z","endpoint_id":"5cd890e0-eba3-4707-bd64-65ea65089a73","endpoint_name":"UI debug endpoint 2","endpoint_target_url":"http://backend:8000/test-webhooks/e3fb4cd6-bed2-4966-bff3-ea87ae2929fb","event_id":"017e4b57-3eba-47b1-8154-7965d41cd289","event_type":"load.test"},{"id":"3d416c70-98be-4cea-81e5-f590332bb72b","status":"succeeded","total_attempts":2,"next_retry_at":null,"last_error":null,"created_at":"2026-04-24T05:01:22.177381Z","updated_at":"2026-04-24T05:02:21.938068Z","endpoint_id":"5cd890e0-eba3-4707-bd64-65ea65089a73","endpoint_name":"UI debug endpoint 2","endpoint_target_url":"http://backend:8000/test-webhooks/e3fb4cd6-bed2-4966-bff3-ea87ae2929fb","event_id":"79792d2c-185d-4dfc-8e03-12377368aaed","event_type":"load.test"},{"id":"ab074bd5-322c-4a05-a6d3-2d9d957b2102","status":"succeeded","total_attempts":2,"next_retry_at":null,"last_error":null,"created_at":"2026-04-24T05:01:22.470992Z","updated_at":"2026-04-24T05:02:30.424724Z","endpoint_id":"5cd890e0-eba3-4707-bd64-65ea65089a73","endpoint_name":"UI debug endpoint 2","endpoint_target_url":"http://backend:8000/test-webhooks/e3fb4cd6-bed2-4966-bff3-ea87ae2929fb","event_id":"8c171cec-1e1b-4322-8a95-da937b24fa7e","event_type":"load.test"},{"id":"403275ab-66f5-4c46-b3c6-034ac402f608","status":"succeeded","total_attempts":3,"next_retry_at":null,"last_error":null,"created_at":"2026-04-24T05:01:22.311242Z","updated_at":"2026-04-24T05:04:27.285884Z","endpoint_id":"5cd890e0-eba3-4707-bd64-65ea65089a73","endpoint_name":"UI debug endpoint 2","endpoint_target_url":"http://backend:8000/test-webhooks/e3fb4cd6-bed2-4966-bff3-ea87ae2929fb","event_id":"3a89f04d-ab87-4ada-8222-cf21f61331d9","event_type":"load.test"},{"id":"7bce71d4-ca5f-4439-b646-8494bb9e56da","status":"failed","total_attempts":3,"next_retry_at":null,"last_error":"http_5xx: 503","created_at":"2026-04-24T05:01:22.337841Z","updated_at":"2026-04-24T05:04:34.715879Z","endpoint_id":"5cd890e0-eba3-4707-bd64-65ea65089a73","endpoint_name":"UI debug endpoint 2","endpoint_target_url":"http://backend:8000/test-webhooks/e3fb4cd6-bed2-4966-bff3-ea87ae2929fb","event_id":"8e61f257-457d-465d-a44f-b724790cf20c","event_type":"load.test"},{"id":"824aa8c8-905b-41ca-a15d-cc048185e5f7","status":"failed","total_attempts":3,"next_retry_at":null,"last_error":"http_5xx: 503","created_at":"2026-04-24T05:01:22.643964Z","updated_at":"2026-04-24T05:04:43.158752Z","endpoint_id":"5cd890e0-eba3-4707-bd64-65ea65089a73","endpoint_name":"UI debug endpoint 2","endpoint_target_url":"http://backend:8000/test-webhooks/e3fb4cd6-bed2-4966-bff3-ea87ae2929fb","event_id":"2b38b388-d122-449f-ae34-b7ae2c336762","event_type":"load.test"},{"id":"26028eec-c86a-4363-84ac-dd1b13761aa4","status":"succeeded","total_attempts":1,"next_retry_at":null,"last_error":null,"created_at":"2026-04-24T05:08:06.407418Z","updated_at":"2026-04-24T05:08:06.787734Z","endpoint_id":"4884d8c7-abfb-49cf-a00b-95aaa7724c74","endpoint_name":"built-in-test-receiver","endpoint_target_url":"http://backend:8000/test-webhooks/43aed16a-17e6-4e29-b0c7-3a7d162775b4","event_id":"b5167bd1-7b8a-48d2-8725-b9efcde0d756","event_type":"load.test"},{"id":"7b496032-b189-4145-acf1-55d080fe324a","status":"succeeded","total_attempts":1,"next_retry_at":null,"last_error":null,"created_at":"2026-04-24T05:08:08.934175Z","updated_at":"2026-04-24T05:08:09.135854Z","endpoint_id":"4884d8c7-abfb-49cf-a00b-95aaa7724c74","endpoint_name":"built-in-test-receiver","endpoint_target_url":"http://backend:8000/test-webhooks/43aed16a-17e6-4e29-b0c7-3a7d162775b4","event_id":"b5167bd1-7b8a-48d2-8725-b9efcde0d756","event_type":"load.test"},{"id":"5db6bcf5-a3e1-4719-b961-e9c2624ed25c","status":"succeeded","total_attempts":1,"next_retry_at":null,"last_error":null,"created_at":"2026-04-24T05:08:09.885552Z","updated_at":"2026-04-24T05:08:10.085800Z","endpoint_id":"4884d8c7-abfb-49cf-a00b-95aaa7724c74","endpoint_name":"built-in-test-receiver","endpoint_target_url":"http://backend:8000/test-webhooks/43aed16a-17e6-4e29-b0c7-3a7d162775b4","event_id":"b5167bd1-7b8a-48d2-8725-b9efcde0d756","event_type":"load.test"},{"id":"4858812b-da8f-4f62-8d66-4b92f02c977e","status":"succeeded","total_attempts":1,"next_retry_at":null,"last_error":null,"created_at":"2026-04-24T05:08:13.250136Z","updated_at":"2026-04-24T05:08:13.515552Z","endpoint_id":"4884d8c7-abfb-49cf-a00b-95aaa7724c74","endpoint_name":"built-in-test-receiver","endpoint_target_url":"http://backend:8000/test-webhooks/43aed16a-17e6-4e29-b0c7-3a7d162775b4","event_id":"b5167bd1-7b8a-48d2-8725-b9efcde0d756","event_type":"load.test"},{"id":"3292dee7-b902-4ed1-ab34-d62e1b06d548","status":"succeeded","total_attempts":1,"next_retry_at":null,"last_error":null,"created_at":"2026-04-24T05:08:15.422389Z","updated_at":"2026-04-24T05:08:15.706011Z","endpoint_id":"4884d8c7-abfb-49cf-a00b-95aaa7724c74","endpoint_name":"built-in-test-receiver","endpoint_target_url":"http://backend:8000/test-webhooks/43aed16a-17e6-4e29-b0c7-3a7d162775b4","event_id":"b5167bd1-7b8a-48d2-8725-b9efcde0d756","event_type":"load.test"},{"id":"beb79eff-237c-4c9d-9f5e-f8884efd582a","status":"succeeded","total_attempts":1,"next_retry_at":null,"last_error":null,"created_at":"2026-04-24T05:08:16.275211Z","updated_at":"2026-04-24T05:08:16.444308Z","endpoint_id":"4884d8c7-abfb-49cf-a00b-95aaa7724c74","endpoint_name":"built-in-test-receiver","endpoint_target_url":"http://backend:8000/test-webhooks/43aed16a-17e6-4e29-b0c7-3a7d162775b4","event_id":"b5167bd1-7b8a-48d2-8725-b9efcde0d756","event_type":"load.test"},{"id":"7709b35c-7bb0-466c-aeff-214605158c71","status":"succeeded","total_attempts":1,"next_retry_at":null,"last_error":null,"created_at":"2026-04-24T05:08:16.874201Z","updated_at":"2026-04-24T05:08:17.041964Z","endpoint_id":"4884d8c7-abfb-49cf-a00b-95aaa7724c74","endpoint_name":"built-in-test-receiver","endpoint_target_url":"http://backend:8000/test-webhooks/43aed16a-17e6-4e29-b0c7-3a7d162775b4","event_id":"b5167bd1-7b8a-48d2-8725-b9efcde0d756","event_type":"load.test"},{"id":"9bf2adea-502b-42b5-b75c-f77b32d054f6","status":"succeeded","total_attempts":1,"next_retry_at":null,"last_error":null,"created_at":"2026-04-24T05:08:17.589279Z","updated_at":"2026-04-24T05:08:17.754141Z","endpoint_id":"4884d8c7-abfb-49cf-a00b-95aaa7724c74","endpoint_name":"built-in-test-receiver","endpoint_target_url":"http://backend:8000/test-webhooks/43aed16a-17e6-4e29-b0c7-3a7d162775b4","event_id":"b5167bd1-7b8a-48d2-8725-b9efcde0d756","event_type":"load.test"},{"id":"07f28a5a-8e67-4a73-8c17-da85791c4209","status":"succeeded","total_attempts":1,"next_retry_at":null,"last_error":null,"created_at":"2026-04-24T05:08:18.301267Z","updated_at":"2026-04-24T05:08:18.441202Z","endpoint_id":"4884d8c7-abfb-49cf-a00b-95aaa7724c74","endpoint_name":"built-in-test-receiver","endpoint_target_url":"http://backend:8000/test-webhooks/43aed16a-17e6-4e29-b0c7-3a7d162775b4","event_id":"b5167bd1-7b8a-48d2-8725-b9efcde0d756","event_type":"load.test"},{"id":"f3f476b9-0bdc-403c-9c7f-6ee05e2c6692","status":"succeeded","total_attempts":1,"next_retry_at":null,"last_error":null,"created_at":"2026-04-24T05:08:18.979317Z","updated_at":"2026-04-24T05:08:19.145221Z","endpoint_id":"4884d8c7-abfb-49cf-a00b-95aaa7724c74","endpoint_name":"built-in-test-receiver","endpoint_target_url":"http://backend:8000/test-webhooks/43aed16a-17e6-4e29-b0c7-3a7d162775b4","event_id":"b5167bd1-7b8a-48d2-8725-b9efcde0d756","event_type":"load.test"},{"id":"a51122b0-72cb-4b32-9515-4d7c251af212","status":"succeeded","total_attempts":1,"next_retry_at":null,"last_error":null,"created_at":"2026-04-24T05:08:19.479084Z","updated_at":"2026-04-24T05:08:19.623233Z","endpoint_id":"4884d8c7-abfb-49cf-a00b-95aaa7724c74","endpoint_name":"built-in-test-receiver","endpoint_target_url":"http://backend:8000/test-webhooks/43aed16a-17e6-4e29-b0c7-3a7d162775b4","event_id":"b5167bd1-7b8a-48d2-8725-b9efcde0d756","event_type":"load.test"},{"id":"f41d41b5-c704-42cb-baf9-bd123f0b5c8f","status":"succeeded","total_attempts":1,"next_retry_at":null,"last_error":null,"created_at":"2026-04-24T05:08:20.105470Z","updated_at":"2026-04-24T05:08:20.346842Z","endpoint_id":"4884d8c7-abfb-49cf-a00b-95aaa7724c74","endpoint_name":"built-in-test-receiver","endpoint_target_url":"http://backend:8000/test-webhooks/43aed16a-17e6-4e29-b0c7-3a7d162775b4","event_id":"b5167bd1-7b8a-48d2-8725-b9efcde0d756","event_type":"load.test"},{"id":"9c8d66da-9f32-4ad8-b1be-7b34e9e32fa8","status":"succeeded","total_attempts":1,"next_retry_at":null,"last_error":null,"created_at":"2026-04-24T05:08:20.650007Z","updated_at":"2026-04-24T05:08:20.801909Z","endpoint_id":"4884d8c7-abfb-49cf-a00b-95aaa7724c74","endpoint_name":"built-in-test-receiver","endpoint_target_url":"http://backend:8000/test-webhooks/43aed16a-17e6-4e29-b0c7-3a7d162775b4","event_id":"b5167bd1-7b8a-48d2-8725-b9efcde0d756","event_type":"load.test"},{"id":"29acaa31-877d-40db-ac68-e1c10a8da752","status":"succeeded","total_attempts":1,"next_retry_at":null,"last_error":null,"created_at":"2026-04-24T05:08:21.412557Z","updated_at":"2026-04-24T05:08:21.587178Z","endpoint_id":"4884d8c7-abfb-49cf-a00b-95aaa7724c74","endpoint_name":"built-in-test-receiver","endpoint_target_url":"http://backend:8000/test-webhooks/43aed16a-17e6-4e29-b0c7-3a7d162775b4","event_id":"b5167bd1-7b8a-48d2-8725-b9efcde0d756","event_type":"load.test"},{"id":"798f93b8-463b-4860-a1f0-d28805b309d6","status":"succeeded","total_attempts":1,"next_retry_at":null,"last_error":null,"created_at":"2026-04-24T05:12:17.338737Z","updated_at":"2026-04-24T05:12:17.754818Z","endpoint_id":"4884d8c7-abfb-49cf-a00b-95aaa7724c74","endpoint_name":"built-in-test-receiver","endpoint_target_url":"http://backend:8000/test-webhooks/43aed16a-17e6-4e29-b0c7-3a7d162775b4","event_id":"b5167bd1-7b8a-48d2-8725-b9efcde0d756","event_type":"load.test"},{"id":"4bea4fb3-6ff7-4bf8-9f81-f6451e666164","status":"succeeded","total_attempts":1,"next_retry_at":null,"last_error":null,"created_at":"2026-04-24T05:12:59.087005Z","updated_at":"2026-04-24T05:12:59.269055Z","endpoint_id":"4884d8c7-abfb-49cf-a00b-95aaa7724c74","endpoint_name":"built-in-test-receiver","endpoint_target_url":"http://backend:8000/test-webhooks/43aed16a-17e6-4e29-b0c7-3a7d162775b4","event_id":"b5167bd1-7b8a-48d2-8725-b9efcde0d756","event_type":"load.test"},{"id":"e4a7b936-5398-4c74-b7b5-a32a0d389816","status":"succeeded","total_attempts":1,"next_retry_at":null,"last_error":null,"created_at":"2026-04-24T05:21:55.707156Z","updated_at":"2026-04-24T05:21:56.254255Z","endpoint_id":"4884d8c7-abfb-49cf-a00b-95aaa7724c74","endpoint_name":"built-in-test-receiver","endpoint_target_url":"http://backend:8000/test-webhooks/43aed16a-17e6-4e29-b0c7-3a7d162775b4","event_id":"b5167bd1-7b8a-48d2-8725-b9efcde0d756","event_type":"load.test"},{"id":"eb1c2d1a-4c91-4dbe-b672-ec414606eb7f","status":"pending","total_attempts":0,"next_retry_at":null,"last_error":null,"created_at":"2026-04-24T04:25:06.497162Z","updated_at":"2026-04-24T04:25:06.497166Z","endpoint_id":"68662502-747d-4f8d-a56f-f45cc4ec54ec","endpoint_name":"local-test","endpoint_target_url":"http://host.docker.internal:9000/webhook","event_id":"408d987e-391e-4499-ac1f-8827df2a43aa","event_type":"test.event"},{"id":"ba87ad2a-63f6-484f-921c-6e299ad4ee87","status":"succeeded","total_attempts":1,"next_retry_at":null,"last_error":null,"created_at":"2026-04-24T04:04:40.824488Z","updated_at":"2026-04-24T04:04:42.543798Z","endpoint_id":"aafb271f-5af9-4cf5-88cf-5476b5599aeb","endpoint_name":"normal-endpoint","endpoint_target_url":"http://host.docker.internal:9000/webhook","event_id":"0abdb111-af8e-4d70-89ca-43718e60a573","event_type":"demo.network.test"},{"id":"f810c48f-5ac0-4f90-a6ed-1250b93b48cb","status":"pending","total_attempts":0,"next_retry_at":null,"last_error":null,"created_at":"2026-04-24T04:25:06.497169Z","updated_at":"2026-04-24T04:25:06.497170Z","endpoint_id":"aafb271f-5af9-4cf5-88cf-5476b5599aeb","endpoint_name":"normal-endpoint","endpoint_target_url":"http://host.docker.internal:9000/webhook","event_id":"408d987e-391e-4499-ac1f-8827df2a43aa","event_type":"test.event"},{"id":"9cefb073-8b78-42b0-8f1e-cfbafae6f380","status":"pending","total_attempts":0,"next_retry_at":null,"last_error":null,"created_at":"2026-04-24T04:25:06.497172Z","updated_at":"2026-04-24T04:25:06.497172Z","endpoint_id":"fc74fc16-058b-4b82-8af8-cdf32d9b61c5","endpoint_name":"unstable-network-endpoint","endpoint_target_url":"http://host.docker.internal:9000/webhook","event_id":"408d987e-391e-4499-ac1f-8827df2a43aa","event_type":"test.event"},{"id":"e816c1ef-3930-4eb5-b8f5-e77bab3ce1c4","status":"pending","total_attempts":0,"next_retry_at":null,"last_error":null,"created_at":"2026-04-24T04:25:06.497174Z","updated_at":"2026-04-24T04:25:06.497175Z","endpoint_id":"7de4cd1b-e167-4533-a5e6-fc09c6d47f95","endpoint_name":"Internal test target","endpoint_target_url":"http://localhost:8000/test-webhooks/http://localhost:8000/test-webhooks/26d9954e-a6f0-42c7-b462-712dba422c71","event_id":"408d987e-391e-4499-ac1f-8827df2a43aa","event_type":"test.event"},{"id":"335fa7ef-3e82-468b-8ef5-6ad12a608e63","status":"succeeded","total_attempts":1,"next_retry_at":null,"last_error":null,"created_at":"2026-04-24T04:04:40.841907Z","updated_at":"2026-04-24T04:04:42.889673Z","endpoint_id":"68662502-747d-4f8d-a56f-f45cc4ec54ec","endpoint_name":"local-test","endpoint_target_url":"http://host.docker.internal:9000/webhook","event_id":"52093502-6f9f-429d-b40e-2836aad770a8","event_type":"demo.network.test"},{"id":"6aae0462-4769-40c3-9411-38045e78569e","status":"pending","total_attempts":0,"next_retry_at":null,"last_error":null,"created_at":"2026-04-24T04:25:06.497176Z","updated_at":"2026-04-24T04:25:06.497177Z","endpoint_id":"6c09fe2a-5551-4cb6-abfe-75d4e9db112b","endpoint_name":"Internal test target 2","endpoint_target_url":"http://localhost:8000/test-webhooks/http://localhost:8000/test-webhooks/26d9954e-a6f0-42c7-b462-712dba422c71","event_id":"408d987e-391e-4499-ac1f-8827df2a43aa","event_type":"test.event"},{"id":"768a6a87-c57d-48c1-ba5d-9e788c35aac9","status":"succeeded","total_attempts":1,"next_retry_at":null,"last_error":null,"created_at":"2026-04-24T04:04:40.841911Z","updated_at":"2026-04-24T04:04:42.921326Z","endpoint_id":"aafb271f-5af9-4cf5-88cf-5476b5599aeb","endpoint_name":"normal-endpoint","endpoint_target_url":"http://host.docker.internal:9000/webhook","event_id":"52093502-6f9f-429d-b40e-2836aad770a8","event_type":"demo.network.test"},{"id":"a8846647-a747-4c5d-acc3-fc6c716b1d8f","status":"pending","total_attempts":0,"next_retry_at":null,"last_error":null,"created_at":"2026-04-24T04:25:06.497178Z","updated_at":"2026-04-24T04:25:06.497179Z","endpoint_id":"60eae236-f509-451d-b90e-a3e9dc959b3c","endpoint_name":"Internal test target","endpoint_target_url":"http://localhost:8000/test-webhooks/5fe35539-12b8-41e0-a11d-7d87cdb6fc73","event_id":"408d987e-391e-4499-ac1f-8827df2a43aa","event_type":"test.event"},{"id":"706af0a3-a892-4a9d-a1e9-f9f6d974504e","status":"succeeded","total_attempts":1,"next_retry_at":null,"last_error":null,"created_at":"2026-04-24T04:04:40.841913Z","updated_at":"2026-04-24T04:04:43.239012Z","endpoint_id":"fc74fc16-058b-4b82-8af8-cdf32d9b61c5","endpoint_name":"unstable-network-endpoint","endpoint_target_url":"http://host.docker.internal:9000/webhook","event_id":"52093502-6f9f-429d-b40e-2836aad770a8","event_type":"demo.network.test"},{"id":"6721f764-6aa1-4e05-8afe-fd66725837cc","status":"pending","total_attempts":0,"next_retry_at":null,"last_error":null,"created_at":"2026-04-24T04:25:06.497181Z","updated_at":"2026-04-24T04:25:06.497181Z","endpoint_id":"3011f8f3-7ab5-40f9-adce-94b5298cec8d","endpoint_name":"Built-in test target","endpoint_target_url":"http://backend:8000/test-webhooks/5fe35539-12b8-41e0-a11d-7d87cdb6fc73","event_id":"408d987e-391e-4499-ac1f-8827df2a43aa","event_type":"test.event"},{"id":"938e5356-301d-4967-ba15-6b351896e8ca","status":"succeeded","total_attempts":1,"next_retry_at":null,"last_error":null,"created_at":"2026-04-24T04:04:40.857984Z","updated_at":"2026-04-24T04:04:43.278884Z","endpoint_id":"68662502-747d-4f8d-a56f-f45cc4ec54ec","endpoint_name":"local-test","endpoint_target_url":"http://host.docker.internal:9000/webhook","event_id":"825f756c-0b75-4bc7-af00-7ab8b15ed375","event_type":"demo.network.test"},{"id":"51bb4a9c-4bf0-41f8-be80-a665e77057fb","status":"pending","total_attempts":0,"next_retry_at":null,"last_error":null,"created_at":"2026-04-24T04:27:55.866032Z","updated_at":"2026-04-24T04:27:55.866035Z","endpoint_id":"68662502-747d-4f8d-a56f-f45cc4ec54ec","endpoint_name":"local-test","endpoint_target_url":"http://host.docker.internal:9000/webhook","event_id":"5e1176e3-b035-40d5-90b4-b7f76d2e6140","event_type":"test.event"},{"id":"34848e60-81a7-4f5f-b61c-f402f9f6491e","status":"succeeded","total_attempts":1,"next_retry_at":null,"last_error":null,"created_at":"2026-04-24T04:04:40.857987Z","updated_at":"2026-04-24T04:04:43.339001Z","endpoint_id":"aafb271f-5af9-4cf5-88cf-5476b5599aeb","endpoint_name":"normal-endpoint","endpoint_target_url":"http://host.docker.internal:9000/webhook","event_id":"825f756c-0b75-4bc7-af00-7ab8b15ed375","event_type":"demo.network.test"},{"id":"cc8e00e3-59c0-4889-a76e-fa1d2daf6331","status":"pending","total_attempts":0,"next_retry_at":null,"last_error":null,"created_at":"2026-04-24T04:27:55.866039Z","updated_at":"2026-04-24T04:27:55.866040Z","endpoint_id":"aafb271f-5af9-4cf5-88cf-5476b5599aeb","endpoint_name":"normal-endpoint","endpoint_target_url":"http://host.docker.internal:9000/webhook","event_id":"5e1176e3-b035-40d5-90b4-b7f76d2e6140","event_type":"test.event"},{"id":"1bf783ad-f59a-4473-880c-4e6d078486c5","status":"succeeded","total_attempts":1,"next_retry_at":null,"last_error":null,"created_at":"2026-04-24T04:04:40.857989Z","updated_at":"2026-04-24T04:04:43.664080Z","endpoint_id":"fc74fc16-058b-4b82-8af8-cdf32d9b61c5","endpoint_name":"unstable-network-endpoint","endpoint_target_url":"http://host.docker.internal:9000/webhook","event_id":"825f756c-0b75-4bc7-af00-7ab8b15ed375","event_type":"demo.network.test"},{"id":"ed208b16-f4a2-424d-bae3-9a863da15e59","status":"pending","total_attempts":0,"next_retry_at":null,"last_error":null,"created_at":"2026-04-24T04:27:55.866042Z","updated_at":"2026-04-24T04:27:55.866043Z","endpoint_id":"fc74fc16-058b-4b82-8af8-cdf32d9b61c5","endpoint_name":"unstable-network-endpoint","endpoint_target_url":"http://host.docker.internal:9000/webhook","event_id":"5e1176e3-b035-40d5-90b4-b7f76d2e6140","event_type":"test.event"},{"id":"cc6417d3-e1df-4e4d-98ef-acff70aace11","status":"succeeded","total_attempts":1,"next_retry_at":null,"last_error":null,"created_at":"2026-04-24T04:04:40.879586Z","updated_at":"2026-04-24T04:04:43.710514Z","endpoint_id":"68662502-747d-4f8d-a56f-f45cc4ec54ec","endpoint_name":"local-test","endpoint_target_url":"http://host.docker.internal:9000/webhook","event_id":"0476c5cd-e061-4946-b702-c695be283cd0","event_type":"demo.network.test"},{"id":"cf64aa2f-282d-43e7-abba-fad1a11fc436","status":"pending","total_attempts":0,"next_retry_at":null,"last_error":null,"created_at":"2026-04-24T04:27:55.866045Z","updated_at":"2026-04-24T04:27:55.866046Z","endpoint_id":"7de4cd1b-e167-4533-a5e6-fc09c6d47f95","endpoint_name":"Internal test target","endpoint_target_url":"http://localhost:8000/test-webhooks/http://localhost:8000/test-webhooks/26d9954e-a6f0-42c7-b462-712dba422c71","event_id":"5e1176e3-b035-40d5-90b4-b7f76d2e6140","event_type":"test.event"},{"id":"ce852001-e55c-40ef-ad52-0de29cc72911","status":"succeeded","total_attempts":1,"next_retry_at":null,"last_error":null,"created_at":"2026-04-24T04:04:40.879591Z","updated_at":"2026-04-24T04:04:43.726696Z","endpoint_id":"aafb271f-5af9-4cf5-88cf-5476b5599aeb","endpoint_name":"normal-endpoint","endpoint_target_url":"http://host.docker.internal:9000/webhook","event_id":"0476c5cd-e061-4946-b702-c695be283cd0","event_type":"demo.network.test"},{"id":"97a63386-ff30-44be-9d5e-aae9c4a08fe5","status":"pending","total_attempts":0,"next_retry_at":null,"last_error":null,"created_at":"2026-04-24T04:27:55.866048Z","updated_at":"2026-04-24T04:27:55.866049Z","endpoint_id":"6c09fe2a-5551-4cb6-abfe-75d4e9db112b","endpoint_name":"Internal test target 2","endpoint_target_url":"http://localhost:8000/test-webhooks/http://localhost:8000/test-webhooks/26d9954e-a6f0-42c7-b462-712dba422c71","event_id":"5e1176e3-b035-40d5-90b4-b7f76d2e6140","event_type":"test.event"},{"id":"672e13c3-85d5-4d3d-b929-4ee78d978f97","status":"pending","total_attempts":0,"next_retry_at":null,"last_error":null,"created_at":"2026-04-24T04:27:55.866051Z","updated_at":"2026-04-24T04:27:55.866052Z","endpoint_id":"60eae236-f509-451d-b90e-a3e9dc959b3c","endpoint_name":"Internal test target","endpoint_target_url":"http://localhost:8000/test-webhooks/5fe35539-12b8-41e0-a11d-7d87cdb6fc73","event_id":"5e1176e3-b035-40d5-90b4-b7f76d2e6140","event_type":"test.event"},{"id":"30856346-d6d5-495f-bffd-dc899afe7bfb","status":"pending","total_attempts":0,"next_retry_at":null,"last_error":null,"created_at":"2026-04-24T04:27:55.866054Z","updated_at":"2026-04-24T04:27:55.866055Z","endpoint_id":"3011f8f3-7ab5-40f9-adce-94b5298cec8d","endpoint_name":"Built-in test target","endpoint_target_url":"http://backend:8000/test-webhooks/5fe35539-12b8-41e0-a11d-7d87cdb6fc73","event_id":"5e1176e3-b035-40d5-90b4-b7f76d2e6140","event_type":"test.event"},{"id":"e338e2d0-5bf9-42f6-80a2-3dc592f92ce7","status":"succeeded","total_attempts":1,"next_retry_at":null,"last_error":null,"created_at":"2026-04-24T04:04:40.899459Z","updated_at":"2026-04-24T04:04:44.114999Z","endpoint_id":"68662502-747d-4f8d-a56f-f45cc4ec54ec","endpoint_name":"local-test","endpoint_target_url":"http://host.docker.internal:9000/webhook","event_id":"dc198c66-268b-47fd-9415-2e308a40791a","event_type":"demo.network.test"},{"id":"f1d672bb-97fb-480a-8c50-2c90a8342f17","status":"pending","total_attempts":0,"next_retry_at":null,"last_error":null,"created_at":"2026-04-24T04:29:06.412455Z","updated_at":"2026-04-24T04:29:06.412457Z","endpoint_id":"68662502-747d-4f8d-a56f-f45cc4ec54ec","endpoint_name":"local-test","endpoint_target_url":"http://host.docker.internal:9000/webhook","event_id":"1389decc-7f90-48a2-8947-33ce49ae1f8a","event_type":"test.event"},{"id":"81fb414c-948e-475d-b15b-0a596a483844","status":"succeeded","total_attempts":1,"next_retry_at":null,"last_error":null,"created_at":"2026-04-24T04:04:40.899463Z","updated_at":"2026-04-24T04:04:44.129630Z","endpoint_id":"aafb271f-5af9-4cf5-88cf-5476b5599aeb","endpoint_name":"normal-endpoint","endpoint_target_url":"http://host.docker.internal:9000/webhook","event_id":"dc198c66-268b-47fd-9415-2e308a40791a","event_type":"demo.network.test"},{"id":"85b7bda6-22f3-4a46-8d2b-acc3e518f652","status":"pending","total_attempts":0,"next_retry_at":null,"last_error":null,"created_at":"2026-04-24T04:29:06.412460Z","updated_at":"2026-04-24T04:29:06.412461Z","endpoint_id":"aafb271f-5af9-4cf5-88cf-5476b5599aeb","endpoint_name":"normal-endpoint","endpoint_target_url":"http://host.docker.internal:9000/webhook","event_id":"1389decc-7f90-48a2-8947-33ce49ae1f8a","event_type":"test.event"},{"id":"8a5ca2a8-7b4a-4e6a-8388-a46f5a1f4e01","status":"pending","total_attempts":0,"next_retry_at":null,"last_error":null,"created_at":"2026-04-24T04:29:06.412463Z","updated_at":"2026-04-24T04:29:06.412463Z","endpoint_id":"fc74fc16-058b-4b82-8af8-cdf32d9b61c5","endpoint_name":"unstable-network-endpoint","endpoint_target_url":"http://host.docker.internal:9000/webhook","event_id":"1389decc-7f90-48a2-8947-33ce49ae1f8a","event_type":"test.event"},{"id":"dc3af64e-578e-4bb4-9cfe-aa6e46868ebf","status":"pending","total_attempts":0,"next_retry_at":null,"last_error":null,"created_at":"2026-04-24T04:29:06.412465Z","updated_at":"2026-04-24T04:29:06.412465Z","endpoint_id":"7de4cd1b-e167-4533-a5e6-fc09c6d47f95","endpoint_name":"Internal test target","endpoint_target_url":"http://localhost:8000/test-webhooks/http://localhost:8000/test-webhooks/26d9954e-a6f0-42c7-b462-712dba422c71","event_id":"1389decc-7f90-48a2-8947-33ce49ae1f8a","event_type":"test.event"},{"id":"ec45ff7c-d20c-43ab-876f-948c18767c58","status":"succeeded","total_attempts":1,"next_retry_at":null,"last_error":null,"created_at":"2026-04-24T04:04:40.919803Z","updated_at":"2026-04-24T04:04:44.472057Z","endpoint_id":"68662502-747d-4f8d-a56f-f45cc4ec54ec","endpoint_name":"local-test","endpoint_target_url":"http://host.docker.internal:9000/webhook","event_id":"05eaf418-c0ac-4810-adee-0ce5f78008ed","event_type":"demo.network.test"},{"id":"43df1be4-ba73-4bf4-bf7b-a5f613af7ebf","status":"pending","total_attempts":0,"next_retry_at":null,"last_error":null,"created_at":"2026-04-24T04:29:06.412467Z","updated_at":"2026-04-24T04:29:06.412467Z","endpoint_id":"6c09fe2a-5551-4cb6-abfe-75d4e9db112b","endpoint_name":"Internal test target 2","endpoint_target_url":"http://localhost:8000/test-webhooks/http://localhost:8000/test-webhooks/26d9954e-a6f0-42c7-b462-712dba422c71","event_id":"1389decc-7f90-48a2-8947-33ce49ae1f8a","event_type":"test.event"},{"id":"0b685b1d-90c6-442b-be04-b34bf03c9f6b","status":"succeeded","total_attempts":1,"next_retry_at":null,"last_error":null,"created_at":"2026-04-24T04:04:40.919807Z","updated_at":"2026-04-24T04:04:44.491705Z","endpoint_id":"aafb271f-5af9-4cf5-88cf-5476b5599aeb","endpoint_name":"normal-endpoint","endpoint_target_url":"http://host.docker.internal:9000/webhook","event_id":"05eaf418-c0ac-4810-adee-0ce5f78008ed","event_type":"demo.network.test"},{"id":"a12b4aba-6109-425d-a4e6-f2590afece11","status":"pending","total_attempts":0,"next_retry_at":null,"last_error":null,"created_at":"2026-04-24T04:29:06.412469Z","updated_at":"2026-04-24T04:29:06.412469Z","endpoint_id":"60eae236-f509-451d-b90e-a3e9dc959b3c","endpoint_name":"Internal test target","endpoint_target_url":"http://localhost:8000/test-webhooks/5fe35539-12b8-41e0-a11d-7d87cdb6fc73","event_id":"1389decc-7f90-48a2-8947-33ce49ae1f8a","event_type":"test.event"},{"id":"3ec29a38-1800-47f2-b510-607bc6a9924a","status":"succeeded","total_attempts":1,"next_retry_at":null,"last_error":null,"created_at":"2026-04-24T04:04:40.919809Z","updated_at":"2026-04-24T04:04:44.812386Z","endpoint_id":"fc74fc16-058b-4b82-8af8-cdf32d9b61c5","endpoint_name":"unstable-network-endpoint","endpoint_target_url":"http://host.docker.internal:9000/webhook","event_id":"05eaf418-c0ac-4810-adee-0ce5f78008ed","event_type":"demo.network.test"},{"id":"34a33769-944f-4dc9-b5e2-4f46e1610b19","status":"pending","total_attempts":0,"next_retry_at":null,"last_error":null,"created_at":"2026-04-24T04:29:06.412471Z","updated_at":"2026-04-24T04:29:06.412472Z","endpoint_id":"3011f8f3-7ab5-40f9-adce-94b5298cec8d","endpoint_name":"Built-in test target","endpoint_target_url":"http://backend:8000/test-webhooks/5fe35539-12b8-41e0-a11d-7d87cdb6fc73","event_id":"1389decc-7f90-48a2-8947-33ce49ae1f8a","event_type":"test.event"},{"id":"58f41e29-80f4-4378-a1ae-e77227fc37d7","status":"succeeded","total_attempts":2,"next_retry_at":null,"last_error":null,"created_at":"2026-04-24T04:04:40.824490Z","updated_at":"2026-04-24T04:05:16.184329Z","endpoint_id":"fc74fc16-058b-4b82-8af8-cdf32d9b61c5","endpoint_name":"unstable-network-endpoint","endpoint_target_url":"http://host.docker.internal:9000/webhook","event_id":"0abdb111-af8e-4d70-89ca-43718e60a573","event_type":"demo.network.test"},{"id":"824c1d86-7677-44af-a2bd-86bb9624012e","status":"pending","total_attempts":0,"next_retry_at":null,"last_error":null,"created_at":"2026-04-24T04:29:06.412473Z","updated_at":"2026-04-24T04:29:06.412474Z","endpoint_id":"fab0503d-1846-4d0b-acfb-f1a2c20ebfef","endpoint_name":"Built-in receiver endpoint","endpoint_target_url":"http://backend:8000/test-webhooks/26d9954e-a6f0-42c7-b462-712dba422c71","event_id":"1389decc-7f90-48a2-8947-33ce49ae1f8a","event_type":"test.event"},{"id":"4c185ffe-fa01-4be7-869e-f9bd118cf022","status":"pending","total_attempts":0,"next_retry_at":null,"last_error":null,"created_at":"2026-04-24T04:30:11.040323Z","updated_at":"2026-04-24T04:30:11.040325Z","endpoint_id":"68662502-747d-4f8d-a56f-f45cc4ec54ec","endpoint_name":"local-test","endpoint_target_url":"http://host.docker.internal:9000/webhook","event_id":"00a36d0a-bb8d-44db-bdea-934d8041842c","event_type":"test.event"},{"id":"2cfc851c-7fca-4ef1-8838-9c99e365cae4","status":"pending","total_attempts":0,"next_retry_at":null,"last_error":null,"created_at":"2026-04-24T04:30:11.040328Z","updated_at":"2026-04-24T04:30:11.040329Z","endpoint_id":"aafb271f-5af9-4cf5-88cf-5476b5599aeb","endpoint_name":"normal-endpoint","endpoint_target_url":"http://host.docker.internal:9000/webhook","event_id":"00a36d0a-bb8d-44db-bdea-934d8041842c","event_type":"test.event"},{"id":"b9affb8c-bfc0-423b-ae4f-ae04537067c3","status":"succeeded","total_attempts":2,"next_retry_at":null,"last_error":null,"created_at":"2026-04-24T04:04:40.899465Z","updated_at":"2026-04-24T04:05:16.852655Z","endpoint_id":"fc74fc16-058b-4b82-8af8-cdf32d9b61c5","endpoint_name":"unstable-network-endpoint","endpoint_target_url":"http://host.docker.internal:9000/webhook","event_id":"dc198c66-268b-47fd-9415-2e308a40791a","event_type":"demo.network.test"},{"id":"ea2ccf83-960b-40e9-83fb-3a8eb6f827d2","status":"pending","total_attempts":0,"next_retry_at":null,"last_error":null,"created_at":"2026-04-24T04:30:11.040331Z","updated_at":"2026-04-24T04:30:11.040331Z","endpoint_id":"fc74fc16-058b-4b82-8af8-cdf32d9b61c5","endpoint_name":"unstable-network-endpoint","endpoint_target_url":"http://host.docker.internal:9000/webhook","event_id":"00a36d0a-bb8d-44db-bdea-934d8041842c","event_type":"test.event"},{"id":"d002b6b5-2207-47d0-a23c-6fe654e01008","status":"failed","total_attempts":3,"next_retry_at":null,"last_error":"http_5xx: 503","created_at":"2026-04-24T04:04:40.879593Z","updated_at":"2026-04-24T04:07:19.996889Z","endpoint_id":"fc74fc16-058b-4b82-8af8-cdf32d9b61c5","endpoint_name":"unstable-network-endpoint","endpoint_target_url":"http://host.docker.internal:9000/webhook","event_id":"0476c5cd-e061-4946-b702-c695be283cd0","event_type":"demo.network.test"},{"id":"76b5b1e2-08e5-42ce-b649-42eb62d8ab0b","status":"pending","total_attempts":0,"next_retry_at":null,"last_error":null,"created_at":"2026-04-24T04:19:42.125595Z","updated_at":"2026-04-24T04:19:42.125598Z","endpoint_id":"68662502-747d-4f8d-a56f-f45cc4ec54ec","endpoint_name":"local-test","endpoint_target_url":"http://host.docker.internal:9000/webhook","event_id":"aa706e5a-185c-4fea-ba08-800af11b9d9e","event_type":"user.created"},{"id":"c9d7b9aa-6641-4f0b-900c-b93de7c056f8","status":"pending","total_attempts":0,"next_retry_at":null,"last_error":null,"created_at":"2026-04-24T04:19:42.125604Z","updated_at":"2026-04-24T04:19:42.125605Z","endpoint_id":"aafb271f-5af9-4cf5-88cf-5476b5599aeb","endpoint_name":"normal-endpoint","endpoint_target_url":"http://host.docker.internal:9000/webhook","event_id":"aa706e5a-185c-4fea-ba08-800af11b9d9e","event_type":"user.created"},{"id":"06891d31-1ef2-4902-8156-f3226f7d8fe6","status":"pending","total_attempts":0,"next_retry_at":null,"last_error":null,"created_at":"2026-04-24T04:19:42.125609Z","updated_at":"2026-04-24T04:19:42.125609Z","endpoint_id":"fc74fc16-058b-4b82-8af8-cdf32d9b61c5","endpoint_name":"unstable-network-endpoint","endpoint_target_url":"http://host.docker.internal:9000/webhook","event_id":"aa706e5a-185c-4fea-ba08-800af11b9d9e","event_type":"user.created"},{"id":"6342abe4-34d1-4d77-8299-2225521106aa","status":"pending","total_attempts":0,"next_retry_at":null,"last_error":null,"created_at":"2026-04-24T04:19:42.125611Z","updated_at":"2026-04-24T04:19:42.125611Z","endpoint_id":"7de4cd1b-e167-4533-a5e6-fc09c6d47f95","endpoint_name":"Internal test target","endpoint_target_url":"http://localhost:8000/test-webhooks/http://localhost:8000/test-webhooks/26d9954e-a6f0-42c7-b462-712dba422c71","event_id":"aa706e5a-185c-4fea-ba08-800af11b9d9e","event_type":"user.created"},{"id":"b9b13eff-ece8-402b-af88-e15499a3dd5b","status":"pending","total_attempts":0,"next_retry_at":null,"last_error":null,"created_at":"2026-04-24T04:19:42.125613Z","updated_at":"2026-04-24T04:19:42.125613Z","endpoint_id":"6c09fe2a-5551-4cb6-abfe-75d4e9db112b","endpoint_name":"Internal test target 2","endpoint_target_url":"http://localhost:8000/test-webhooks/http://localhost:8000/test-webhooks/26d9954e-a6f0-42c7-b462-712dba422c71","event_id":"aa706e5a-185c-4fea-ba08-800af11b9d9e","event_type":"user.created"},{"id":"a7c569fc-ae8b-48c6-8b16-fd8f53305902","status":"pending","total_attempts":0,"next_retry_at":null,"last_error":null,"created_at":"2026-04-24T04:19:42.125615Z","updated_at":"2026-04-24T04:19:42.125616Z","endpoint_id":"60eae236-f509-451d-b90e-a3e9dc959b3c","endpoint_name":"Internal test target","endpoint_target_url":"http://localhost:8000/test-webhooks/5fe35539-12b8-41e0-a11d-7d87cdb6fc73","event_id":"aa706e5a-185c-4fea-ba08-800af11b9d9e","event_type":"user.created"},{"id":"e77023c6-9235-428b-afee-3e2019d57463","status":"pending","total_attempts":0,"next_retry_at":null,"last_error":null,"created_at":"2026-04-24T04:30:11.040333Z","updated_at":"2026-04-24T04:30:11.040333Z","endpoint_id":"7de4cd1b-e167-4533-a5e6-fc09c6d47f95","endpoint_name":"Internal test target","endpoint_target_url":"http://localhost:8000/test-webhooks/http://localhost:8000/test-webhooks/26d9954e-a6f0-42c7-b462-712dba422c71","event_id":"00a36d0a-bb8d-44db-bdea-934d8041842c","event_type":"test.event"},{"id":"354059d2-20e6-4998-878e-db1051830a9e","status":"pending","total_attempts":0,"next_retry_at":null,"last_error":null,"created_at":"2026-04-24T04:30:11.040335Z","updated_at":"2026-04-24T04:30:11.040336Z","endpoint_id":"6c09fe2a-5551-4cb6-abfe-75d4e9db112b","endpoint_name":"Internal test target 2","endpoint_target_url":"http://localhost:8000/test-webhooks/http://localhost:8000/test-webhooks/26d9954e-a6f0-42c7-b462-712dba422c71","event_id":"00a36d0a-bb8d-44db-bdea-934d8041842c","event_type":"test.event"},{"id":"fb064716-bbde-45a2-811d-5c78d8af9b46","status":"pending","total_attempts":0,"next_retry_at":null,"last_error":null,"created_at":"2026-04-24T04:30:11.040338Z","updated_at":"2026-04-24T04:30:11.040338Z","endpoint_id":"60eae236-f509-451d-b90e-a3e9dc959b3c","endpoint_name":"Internal test target","endpoint_target_url":"http://localhost:8000/test-webhooks/5fe35539-12b8-41e0-a11d-7d87cdb6fc73","event_id":"00a36d0a-bb8d-44db-bdea-934d8041842c","event_type":"test.event"},{"id":"b3fd4131-e95b-4f37-a7ff-6fefe8a33bd4","status":"pending","total_attempts":0,"next_retry_at":null,"last_error":null,"created_at":"2026-04-24T04:30:11.040340Z","updated_at":"2026-04-24T04:30:11.040340Z","endpoint_id":"3011f8f3-7ab5-40f9-adce-94b5298cec8d","endpoint_name":"Built-in test target","endpoint_target_url":"http://backend:8000/test-webhooks/5fe35539-12b8-41e0-a11d-7d87cdb6fc73","event_id":"00a36d0a-bb8d-44db-bdea-934d8041842c","event_type":"test.event"},{"id":"13f38b42-5bf9-4338-bfc4-807ee5a8fdfe","status":"pending","total_attempts":0,"next_retry_at":null,"last_error":null,"created_at":"2026-04-24T04:30:11.040342Z","updated_at":"2026-04-24T04:30:11.040343Z","endpoint_id":"fab0503d-1846-4d0b-acfb-f1a2c20ebfef","endpoint_name":"Built-in receiver endpoint","endpoint_target_url":"http://backend:8000/test-webhooks/26d9954e-a6f0-42c7-b462-712dba422c71","event_id":"00a36d0a-bb8d-44db-bdea-934d8041842c","event_type":"test.event"},{"id":"d390227f-57c9-4fb6-999e-b4b2707c5acb","status":"pending","total_attempts":0,"next_retry_at":null,"last_error":null,"created_at":"2026-04-24T04:30:11.040345Z","updated_at":"2026-04-24T04:30:11.040345Z","endpoint_id":"39f61d7a-03b1-4348-9562-525ea77e7b98","endpoint_name":"Built-in receiver endpoint","endpoint_target_url":"http://backend:8000/test-webhooks/26d9954e-a6f0-42c7-b462-712dba422c71","event_id":"00a36d0a-bb8d-44db-bdea-934d8041842c","event_type":"test.event"},{"id":"61765746-8a04-4a4a-9ad3-5bfa4ec8233d","status":"pending","total_attempts":0,"next_retry_at":null,"last_error":null,"created_at":"2026-04-24T04:33:31.289635Z","updated_at":"2026-04-24T04:33:31.289639Z","endpoint_id":"68662502-747d-4f8d-a56f-f45cc4ec54ec","endpoint_name":"local-test","endpoint_target_url":"http://host.docker.internal:9000/webhook","event_id":"fc5712b8-9406-47ec-8db4-7deca9b0cef5","event_type":"test.event"},{"id":"56115f8f-a0e9-4ea4-b198-fafa4fb379ac","status":"pending","total_attempts":0,"next_retry_at":null,"last_error":null,"created_at":"2026-04-24T04:33:31.289642Z","updated_at":"2026-04-24T04:33:31.289642Z","endpoint_id":"aafb271f-5af9-4cf5-88cf-5476b5599aeb","endpoint_name":"normal-endpoint","endpoint_target_url":"http://host.docker.internal:9000/webhook","event_id":"fc5712b8-9406-47ec-8db4-7deca9b0cef5","event_type":"test.event"},{"id":"373807d1-e120-48ad-b1bb-f147008b6e56","status":"pending","total_attempts":0,"next_retry_at":null,"last_error":null,"created_at":"2026-04-24T04:33:31.289644Z","updated_at":"2026-04-24T04:33:31.289644Z","endpoint_id":"fc74fc16-058b-4b82-8af8-cdf32d9b61c5","endpoint_name":"unstable-network-endpoint","endpoint_target_url":"http://host.docker.internal:9000/webhook","event_id":"fc5712b8-9406-47ec-8db4-7deca9b0cef5","event_type":"test.event"},{"id":"1f28a065-d339-44f4-ac5b-1edbd7b951b8","status":"pending","total_attempts":0,"next_retry_at":null,"last_error":null,"created_at":"2026-04-24T04:33:31.289646Z","updated_at":"2026-04-24T04:33:31.289647Z","endpoint_id":"3011f8f3-7ab5-40f9-adce-94b5298cec8d","endpoint_name":"Built-in test target","endpoint_target_url":"http://backend:8000/test-webhooks/5fe35539-12b8-41e0-a11d-7d87cdb6fc73","event_id":"fc5712b8-9406-47ec-8db4-7deca9b0cef5","event_type":"test.event"},{"id":"be9521d6-60e1-4806-8d37-986b03f2ed79","status":"pending","total_attempts":0,"next_retry_at":null,"last_error":null,"created_at":"2026-04-24T04:33:31.289648Z","updated_at":"2026-04-24T04:33:31.289649Z","endpoint_id":"fab0503d-1846-4d0b-acfb-f1a2c20ebfef","endpoint_name":"Built-in receiver endpoint","endpoint_target_url":"http://backend:8000/test-webhooks/26d9954e-a6f0-42c7-b462-712dba422c71","event_id":"fc5712b8-9406-47ec-8db4-7deca9b0cef5","event_type":"test.event"},{"id":"f67ec9af-5488-4f16-8ab7-a8af56cf5a13","status":"pending","total_attempts":0,"next_retry_at":null,"last_error":null,"created_at":"2026-04-24T04:33:31.289651Z","updated_at":"2026-04-24T04:33:31.289651Z","endpoint_id":"39f61d7a-03b1-4348-9562-525ea77e7b98","endpoint_name":"Built-in receiver endpoint","endpoint_target_url":"http://backend:8000/test-webhooks/26d9954e-a6f0-42c7-b462-712dba422c71","event_id":"fc5712b8-9406-47ec-8db4-7deca9b0cef5","event_type":"test.event"},{"id":"dd4e50bb-daff-4483-9b6e-b375e3415421","status":"pending","total_attempts":0,"next_retry_at":null,"last_error":null,"created_at":"2026-04-24T04:34:58.541136Z","updated_at":"2026-04-24T04:34:58.541139Z","endpoint_id":"39f61d7a-03b1-4348-9562-525ea77e7b98","endpoint_name":"Built-in receiver endpoint","endpoint_target_url":"http://backend:8000/test-webhooks/26d9954e-a6f0-42c7-b462-712dba422c71","event_id":"9001d201-e3c7-4e6e-a0ed-79c2a0398aaf","event_type":"test.event"},{"id":"edcd29c2-f772-42bd-bc46-e15af0c1cb36","status":"failed","total_attempts":0,"next_retry_at":null,"last_error":"Endpoint is inactive","created_at":"2026-04-24T04:36:11.126197Z","updated_at":"2026-04-24T04:36:11.388690Z","endpoint_id":"68662502-747d-4f8d-a56f-f45cc4ec54ec","endpoint_name":"local-test","endpoint_target_url":"http://host.docker.internal:9000/webhook","event_id":"3950fad6-1a06-462f-971f-9925501c12d2","event_type":"test.event"},{"id":"d2d8bcbb-bfe1-463b-883d-613fc93902d2","status":"pending","total_attempts":0,"next_retry_at":null,"last_error":null,"created_at":"2026-04-24T04:37:55.942821Z","updated_at":"2026-04-24T04:37:55.942824Z","endpoint_id":"39f61d7a-03b1-4348-9562-525ea77e7b98","endpoint_name":"Built-in receiver endpoint","endpoint_target_url":"http://backend:8000/test-webhooks/26d9954e-a6f0-42c7-b462-712dba422c71","event_id":"a69b606c-6fbb-4538-9f00-9199d0899b52","event_type":"debug.test"},{"id":"f52528c1-cb92-455d-8737-54cdccf73f22","status":"pending","total_attempts":0,"next_retry_at":null,"last_error":null,"created_at":"2026-04-24T04:37:55.942827Z","updated_at":"2026-04-24T04:37:55.942827Z","endpoint_id":"a64ae9fb-09e9-49b9-bd46-269c84266178","endpoint_name":"fresh-debug-endpoint","endpoint_target_url":"http://backend:8000/test-webhooks/7042e8ef-7fce-49c9-ab0a-c16c05525e3a","event_id":"a69b606c-6fbb-4538-9f00-9199d0899b52","event_type":"debug.test"},{"id":"9bd91d6f-d2ae-4dc8-9dfb-01ea6efe841d","status":"succeeded","total_attempts":1,"next_retry_at":null,"last_error":null,"created_at":"2026-04-24T04:43:56.352073Z","updated_at":"2026-04-24T04:43:56.738320Z","endpoint_id":"39f61d7a-03b1-4348-9562-525ea77e7b98","endpoint_name":"Built-in receiver endpoint","endpoint_target_url":"http://backend:8000/test-webhooks/26d9954e-a6f0-42c7-b462-712dba422c71","event_id":"3080900b-0640-40cc-baa3-e20ece2c608b","event_type":"ui.test"},{"id":"0a665494-6fdc-406b-a09a-c16e9ba7c7eb","status":"succeeded","total_attempts":1,"next_retry_at":null,"last_error":null,"created_at":"2026-04-24T04:43:56.356656Z","updated_at":"2026-04-24T04:43:56.777040Z","endpoint_id":"a64ae9fb-09e9-49b9-bd46-269c84266178","endpoint_name":"fresh-debug-endpoint","endpoint_target_url":"http://backend:8000/test-webhooks/7042e8ef-7fce-49c9-ab0a-c16c05525e3a","event_id":"3080900b-0640-40cc-baa3-e20ece2c608b","event_type":"ui.test"},{"id":"ab6ae21b-9060-4cc6-b00e-5f983ce6d09c","status":"succeeded","total_attempts":1,"next_retry_at":null,"last_error":null,"created_at":"2026-04-24T04:43:56.358074Z","updated_at":"2026-04-24T04:43:56.792240Z","endpoint_id":"eabedf55-9e53-475f-b6e9-837a3593dc52","endpoint_name":"UI debug endpoint","endpoint_target_url":"http://backend:8000/test-webhooks/e3fb4cd6-bed2-4966-bff3-ea87ae2929fb","event_id":"3080900b-0640-40cc-baa3-e20ece2c608b","event_type":"ui.test"},{"id":"fe31e16d-64f5-499c-b339-2bf9ca398605","status":"succeeded","total_attempts":1,"next_retry_at":null,"last_error":null,"created_at":"2026-04-24T04:47:17.550722Z","updated_at":"2026-04-24T04:47:17.684000Z","endpoint_id":"a64ae9fb-09e9-49b9-bd46-269c84266178","endpoint_name":"fresh-debug-endpoint","endpoint_target_url":"http://backend:8000/test-webhooks/7042e8ef-7fce-49c9-ab0a-c16c05525e3a","event_id":"89c9a91b-884d-4bce-8b1b-4e4508c82abf","event_type":"ui.test"},{"id":"31a8dbe5-e295-4f3c-97c4-455bc6e5d604","status":"pending","total_attempts":0,"next_retry_at":null,"last_error":null,"created_at":"2026-04-24T05:42:51.434250Z","updated_at":"2026-04-24T05:42:51.434254Z","endpoint_id":"39f61d7a-03b1-4348-9562-525ea77e7b98","endpoint_name":"Built-in receiver endpoint","endpoint_target_url":"http://backend:8000/test-webhooks/26d9954e-a6f0-42c7-b462-712dba422c71","event_id":"0b7aa9d1-979d-4992-9c7d-5a1404d1478c","event_type":"test.rate.limit"},{"id":"e4ea33bd-6fec-44f7-8610-693fe85d089e","status":"succeeded","total_attempts":1,"next_retry_at":null,"last_error":null,"created_at":"2026-04-24T04:47:17.543873Z","updated_at":"2026-04-24T04:47:17.648374Z","endpoint_id":"39f61d7a-03b1-4348-9562-525ea77e7b98","endpoint_name":"Built-in receiver endpoint","endpoint_target_url":"http://backend:8000/test-webhooks/26d9954e-a6f0-42c7-b462-712dba422c71","event_id":"89c9a91b-884d-4bce-8b1b-4e4508c82abf","event_type":"ui.test"},{"id":"ed2aa2dc-d2e8-43c4-9dc6-29f41858e392","status":"succeeded","total_attempts":1,"next_retry_at":null,"last_error":null,"created_at":"2026-04-24T05:01:21.960212Z","updated_at":"2026-04-24T05:01:22.424976Z","endpoint_id":"39f61d7a-03b1-4348-9562-525ea77e7b98","endpoint_name":"Built-in receiver endpoint","endpoint_target_url":"http://backend:8000/test-webhooks/26d9954e-a6f0-42c7-b462-712dba422c71","event_id":"c1c121a4-942b-45b2-aaf5-b9b58e1fa942","event_type":"load.test"},{"id":"021b790a-cffc-408f-b58f-75fa49fb6b36","status":"succeeded","total_attempts":1,"next_retry_at":null,"last_error":null,"created_at":"2026-04-24T04:47:17.551623Z","updated_at":"2026-04-24T04:47:17.729199Z","endpoint_id":"eabedf55-9e53-475f-b6e9-837a3593dc52","endpoint_name":"UI debug endpoint","endpoint_target_url":"http://backend:8000/test-webhooks/e3fb4cd6-bed2-4966-bff3-ea87ae2929fb","event_id":"89c9a91b-884d-4bce-8b1b-4e4508c82abf","event_type":"ui.test"},{"id":"e7246922-e463-45b2-b623-6a1a893d2196","status":"succeeded","total_attempts":1,"next_retry_at":null,"last_error":null,"created_at":"2026-04-24T05:01:21.962966Z","updated_at":"2026-04-24T05:01:22.233448Z","endpoint_id":"39f61d7a-03b1-4348-9562-525ea77e7b98","endpoint_name":"Built-in receiver endpoint","endpoint_target_url":"http://backend:8000/test-webhooks/26d9954e-a6f0-42c7-b462-712dba422c71","event_id":"3f62df9b-fb93-40ea-90ce-68c499748d62","event_type":"load.test"},{"id":"76871637-d2c7-45a2-96b6-64eea7d7e2c2","status":"succeeded","total_attempts":1,"next_retry_at":null,"last_error":null,"created_at":"2026-04-24T04:47:17.554381Z","updated_at":"2026-04-24T04:47:17.751428Z","endpoint_id":"5cd890e0-eba3-4707-bd64-65ea65089a73","endpoint_name":"UI debug endpoint 2","endpoint_target_url":"http://backend:8000/test-webhooks/e3fb4cd6-bed2-4966-bff3-ea87ae2929fb","event_id":"89c9a91b-884d-4bce-8b1b-4e4508c82abf","event_type":"ui.test"},{"id":"5dd4438d-c16b-4746-a8ab-0fa8be25b146","status":"succeeded","total_attempts":1,"next_retry_at":null,"last_error":null,"created_at":"2026-04-24T05:01:21.969086Z","updated_at":"2026-04-24T05:01:22.659761Z","endpoint_id":"eabedf55-9e53-475f-b6e9-837a3593dc52","endpoint_name":"UI debug endpoint","endpoint_target_url":"http://backend:8000/test-webhooks/e3fb4cd6-bed2-4966-bff3-ea87ae2929fb","event_id":"bcb88129-323c-416f-b93a-f1c2ebd8a0ee","event_type":"load.test"},{"id":"78fdcced-fafa-4c72-ae18-3a15a0fa5417","status":"succeeded","total_attempts":1,"next_retry_at":null,"last_error":null,"created_at":"2026-04-24T04:52:39.371730Z","updated_at":"2026-04-24T04:52:39.518592Z","endpoint_id":"39f61d7a-03b1-4348-9562-525ea77e7b98","endpoint_name":"Built-in receiver endpoint","endpoint_target_url":"http://backend:8000/test-webhooks/26d9954e-a6f0-42c7-b462-712dba422c71","event_id":"4d46326d-f36a-43db-bccc-61ef32e32039","event_type":"test.builtin.receiver"},{"id":"e6f76b86-7e5d-4173-9729-90b7f4f8b5c8","status":"succeeded","total_attempts":1,"next_retry_at":null,"last_error":null,"created_at":"2026-04-24T05:01:21.962087Z","updated_at":"2026-04-24T05:01:22.278211Z","endpoint_id":"39f61d7a-03b1-4348-9562-525ea77e7b98","endpoint_name":"Built-in receiver endpoint","endpoint_target_url":"http://backend:8000/test-webhooks/26d9954e-a6f0-42c7-b462-712dba422c71","event_id":"bcb88129-323c-416f-b93a-f1c2ebd8a0ee","event_type":"load.test"},{"id":"477c6b88-1925-4c0c-88a4-c2491bc8005b","status":"succeeded","total_attempts":1,"next_retry_at":null,"last_error":null,"created_at":"2026-04-24T04:52:39.374122Z","updated_at":"2026-04-24T04:52:39.536306Z","endpoint_id":"a64ae9fb-09e9-49b9-bd46-269c84266178","endpoint_name":"fresh-debug-endpoint","endpoint_target_url":"http://backend:8000/test-webhooks/7042e8ef-7fce-49c9-ab0a-c16c05525e3a","event_id":"4d46326d-f36a-43db-bccc-61ef32e32039","event_type":"test.builtin.receiver"},{"id":"f7d505ac-9272-4d7d-a721-ddf0f74b6475","status":"succeeded","total_attempts":1,"next_retry_at":null,"last_error":null,"created_at":"2026-04-24T05:01:21.969806Z","updated_at":"2026-04-24T05:01:22.480943Z","endpoint_id":"a64ae9fb-09e9-49b9-bd46-269c84266178","endpoint_name":"fresh-debug-endpoint","endpoint_target_url":"http://backend:8000/test-webhooks/7042e8ef-7fce-49c9-ab0a-c16c05525e3a","event_id":"515dd448-919e-4766-b0d7-bad746972d8b","event_type":"load.test"},{"id":"9e8210ca-aa07-4a4c-98e3-a65d60535c6a","status":"succeeded","total_attempts":1,"next_retry_at":null,"last_error":null,"created_at":"2026-04-24T04:52:39.376155Z","updated_at":"2026-04-24T04:52:39.550224Z","endpoint_id":"eabedf55-9e53-475f-b6e9-837a3593dc52","endpoint_name":"UI debug endpoint","endpoint_target_url":"http://backend:8000/test-webhooks/e3fb4cd6-bed2-4966-bff3-ea87ae2929fb","event_id":"4d46326d-f36a-43db-bccc-61ef32e32039","event_type":"test.builtin.receiver"},{"id":"b6d7864d-ea49-48e5-b37f-f2e2f29100bf","status":"succeeded","total_attempts":1,"next_retry_at":null,"last_error":null,"created_at":"2026-04-24T05:01:21.965421Z","updated_at":"2026-04-24T05:01:22.314028Z","endpoint_id":"a64ae9fb-09e9-49b9-bd46-269c84266178","endpoint_name":"fresh-debug-endpoint","endpoint_target_url":"http://backend:8000/test-webhooks/7042e8ef-7fce-49c9-ab0a-c16c05525e3a","event_id":"3f62df9b-fb93-40ea-90ce-68c499748d62","event_type":"load.test"},{"id":"a11f19c5-4c87-4744-a758-3cf104a1c0dc","status":"succeeded","total_attempts":1,"next_retry_at":null,"last_error":null,"created_at":"2026-04-24T05:01:21.975575Z","updated_at":"2026-04-24T05:01:23.442162Z","endpoint_id":"eabedf55-9e53-475f-b6e9-837a3593dc52","endpoint_name":"UI debug endpoint","endpoint_target_url":"http://backend:8000/test-webhooks/e3fb4cd6-bed2-4966-bff3-ea87ae2929fb","event_id":"515dd448-919e-4766-b0d7-bad746972d8b","event_type":"load.test"},{"id":"76552c8e-2c45-4a3a-822c-a7018b1b9e6e","status":"succeeded","total_attempts":1,"next_retry_at":null,"last_error":null,"created_at":"2026-04-24T05:01:21.964816Z","updated_at":"2026-04-24T05:01:22.350729Z","endpoint_id":"39f61d7a-03b1-4348-9562-525ea77e7b98","endpoint_name":"Built-in receiver endpoint","endpoint_target_url":"http://backend:8000/test-webhooks/26d9954e-a6f0-42c7-b462-712dba422c71","event_id":"515dd448-919e-4766-b0d7-bad746972d8b","event_type":"load.test"},{"id":"9ff8c2ad-0cce-46c3-a7dd-8e0a9c8d8409","status":"succeeded","total_attempts":1,"next_retry_at":null,"last_error":null,"created_at":"2026-04-24T04:52:39.376904Z","updated_at":"2026-04-24T04:52:40.020697Z","endpoint_id":"4884d8c7-abfb-49cf-a00b-95aaa7724c74","endpoint_name":"built-in-test-receiver","endpoint_target_url":"http://backend:8000/test-webhooks/43aed16a-17e6-4e29-b0c7-3a7d162775b4","event_id":"4d46326d-f36a-43db-bccc-61ef32e32039","event_type":"test.builtin.receiver"},{"id":"7982c0f9-d8c6-4669-b90a-f58d164944aa","status":"succeeded","total_attempts":1,"next_retry_at":null,"last_error":null,"created_at":"2026-04-24T05:01:21.965879Z","updated_at":"2026-04-24T05:01:22.711386Z","endpoint_id":"a64ae9fb-09e9-49b9-bd46-269c84266178","endpoint_name":"fresh-debug-endpoint","endpoint_target_url":"http://backend:8000/test-webhooks/7042e8ef-7fce-49c9-ab0a-c16c05525e3a","event_id":"71e08c4c-43a8-42ea-8080-75a9494fe59b","event_type":"load.test"},{"id":"e5f98edd-9038-43e3-85f5-f46a16336521","status":"succeeded","total_attempts":2,"next_retry_at":null,"last_error":null,"created_at":"2026-04-24T04:52:39.376577Z","updated_at":"2026-04-24T04:53:10.791443Z","endpoint_id":"5cd890e0-eba3-4707-bd64-65ea65089a73","endpoint_name":"UI debug endpoint 2","endpoint_target_url":"http://backend:8000/test-webhooks/e3fb4cd6-bed2-4966-bff3-ea87ae2929fb","event_id":"4d46326d-f36a-43db-bccc-61ef32e32039","event_type":"test.builtin.receiver"},{"id":"bdb59424-23cf-43dd-a77a-79535cffb42a","status":"succeeded","total_attempts":1,"next_retry_at":null,"last_error":null,"created_at":"2026-04-24T05:01:21.966440Z","updated_at":"2026-04-24T05:01:22.383997Z","endpoint_id":"a64ae9fb-09e9-49b9-bd46-269c84266178","endpoint_name":"fresh-debug-endpoint","endpoint_target_url":"http://backend:8000/test-webhooks/7042e8ef-7fce-49c9-ab0a-c16c05525e3a","event_id":"bcb88129-323c-416f-b93a-f1c2ebd8a0ee","event_type":"load.test"},{"id":"8ea0cc25-c163-49cf-ac1e-aa81cddb81cc","status":"succeeded","total_attempts":3,"next_retry_at":null,"last_error":null,"created_at":"2026-04-24T05:01:21.999792Z","updated_at":"2026-04-24T05:04:20.853059Z","endpoint_id":"5cd890e0-eba3-4707-bd64-65ea65089a73","endpoint_name":"UI debug endpoint 2","endpoint_target_url":"http://backend:8000/test-webhooks/e3fb4cd6-bed2-4966-bff3-ea87ae2929fb","event_id":"b16bdbc8-6452-4820-b72f-57edf5330deb","event_type":"load.test"},{"id":"fef72d27-a8bf-4b3c-946c-a73a6efa3bbd","status":"succeeded","total_attempts":1,"next_retry_at":null,"last_error":null,"created_at":"2026-04-24T05:01:21.967944Z","updated_at":"2026-04-24T05:01:22.519353Z","endpoint_id":"eabedf55-9e53-475f-b6e9-837a3593dc52","endpoint_name":"UI debug endpoint","endpoint_target_url":"http://backend:8000/test-webhooks/e3fb4cd6-bed2-4966-bff3-ea87ae2929fb","event_id":"3f62df9b-fb93-40ea-90ce-68c499748d62","event_type":"load.test"},{"id":"4eec10ba-ab0b-480b-965f-ecd95cb32107","status":"succeeded","total_attempts":1,"next_retry_at":null,"last_error":null,"created_at":"2026-04-24T05:01:21.970451Z","updated_at":"2026-04-24T05:01:23.051430Z","endpoint_id":"5cd890e0-eba3-4707-bd64-65ea65089a73","endpoint_name":"UI debug endpoint 2","endpoint_target_url":"http://backend:8000/test-webhooks/e3fb4cd6-bed2-4966-bff3-ea87ae2929fb","event_id":"bcb88129-323c-416f-b93a-f1c2ebd8a0ee","event_type":"load.test"},{"id":"03e533a8-683a-4a85-a40f-7564896c1486","status":"succeeded","total_attempts":1,"next_retry_at":null,"last_error":null,"created_at":"2026-04-24T05:01:21.961072Z","updated_at":"2026-04-24T05:01:22.607071Z","endpoint_id":"39f61d7a-03b1-4348-9562-525ea77e7b98","endpoint_name":"Built-in receiver endpoint","endpoint_target_url":"http://backend:8000/test-webhooks/26d9954e-a6f0-42c7-b462-712dba422c71","event_id":"71e08c4c-43a8-42ea-8080-75a9494fe59b","event_type":"load.test"},{"id":"a806daf2-f81e-4b2b-ae18-5b402b10dd54","status":"succeeded","total_attempts":1,"next_retry_at":null,"last_error":null,"created_at":"2026-04-24T05:01:21.971616Z","updated_at":"2026-04-24T05:01:23.590091Z","endpoint_id":"4884d8c7-abfb-49cf-a00b-95aaa7724c74","endpoint_name":"built-in-test-receiver","endpoint_target_url":"http://backend:8000/test-webhooks/43aed16a-17e6-4e29-b0c7-3a7d162775b4","event_id":"bcb88129-323c-416f-b93a-f1c2ebd8a0ee","event_type":"load.test"},{"id":"7ed84ddb-60b0-4001-90bb-27f5c4855112","status":"succeeded","total_attempts":1,"next_retry_at":null,"last_error":null,"created_at":"2026-04-24T05:01:21.979942Z","updated_at":"2026-04-24T05:01:25.204879Z","endpoint_id":"4884d8c7-abfb-49cf-a00b-95aaa7724c74","endpoint_name":"built-in-test-receiver","endpoint_target_url":"http://backend:8000/test-webhooks/43aed16a-17e6-4e29-b0c7-3a7d162775b4","event_id":"515dd448-919e-4766-b0d7-bad746972d8b","event_type":"load.test"},{"id":"400865be-230c-430f-a8ca-7012ca0e94e3","status":"succeeded","total_attempts":1,"next_retry_at":null,"last_error":null,"created_at":"2026-04-24T05:01:21.971174Z","updated_at":"2026-04-24T05:01:23.083546Z","endpoint_id":"eabedf55-9e53-475f-b6e9-837a3593dc52","endpoint_name":"UI debug endpoint","endpoint_target_url":"http://backend:8000/test-webhooks/e3fb4cd6-bed2-4966-bff3-ea87ae2929fb","event_id":"71e08c4c-43a8-42ea-8080-75a9494fe59b","event_type":"load.test"},{"id":"babaa43c-8b4e-4f5e-b849-ed4ed90113d4","status":"succeeded","total_attempts":1,"next_retry_at":null,"last_error":null,"created_at":"2026-04-24T05:01:21.966881Z","updated_at":"2026-04-24T05:01:23.607518Z","endpoint_id":"a64ae9fb-09e9-49b9-bd46-269c84266178","endpoint_name":"fresh-debug-endpoint","endpoint_target_url":"http://backend:8000/test-webhooks/7042e8ef-7fce-49c9-ab0a-c16c05525e3a","event_id":"c1c121a4-942b-45b2-aaf5-b9b58e1fa942","event_type":"load.test"},{"id":"0985f259-baa5-4e97-9d19-d1aed0c04d1c","status":"pending","total_attempts":0,"next_retry_at":null,"last_error":null,"created_at":"2026-04-24T05:43:21.631679Z","updated_at":"2026-04-24T05:43:21.631681Z","endpoint_id":"39f61d7a-03b1-4348-9562-525ea77e7b98","endpoint_name":"Built-in receiver endpoint","endpoint_target_url":"http://backend:8000/test-webhooks/26d9954e-a6f0-42c7-b462-712dba422c71","event_id":"f642dcdb-fdbd-435f-8075-86b8e260c4b4","event_type":"test.rate.limit"},{"id":"a41829cc-43bb-4404-8e47-cb686cd9048f","status":"succeeded","total_attempts":1,"next_retry_at":null,"last_error":null,"created_at":"2026-04-24T05:01:21.976216Z","updated_at":"2026-04-24T05:01:24.594352Z","endpoint_id":"4884d8c7-abfb-49cf-a00b-95aaa7724c74","endpoint_name":"built-in-test-receiver","endpoint_target_url":"http://backend:8000/test-webhooks/43aed16a-17e6-4e29-b0c7-3a7d162775b4","event_id":"3f62df9b-fb93-40ea-90ce-68c499748d62","event_type":"load.test"},{"id":"40a5efa2-76b6-4477-b012-332000fa48fc","status":"succeeded","total_attempts":1,"next_retry_at":null,"last_error":null,"created_at":"2026-04-24T05:01:21.998344Z","updated_at":"2026-04-24T05:01:27.242289Z","endpoint_id":"4884d8c7-abfb-49cf-a00b-95aaa7724c74","endpoint_name":"built-in-test-receiver","endpoint_target_url":"http://backend:8000/test-webhooks/43aed16a-17e6-4e29-b0c7-3a7d162775b4","event_id":"0d40be78-cd58-4ee2-b9da-f035515241e9","event_type":"load.test"},{"id":"6a792066-8be5-4aa1-adc9-25065e3ac383","status":"succeeded","total_attempts":1,"next_retry_at":null,"last_error":null,"created_at":"2026-04-24T05:01:21.974190Z","updated_at":"2026-04-24T05:01:23.981055Z","endpoint_id":"5cd890e0-eba3-4707-bd64-65ea65089a73","endpoint_name":"UI debug endpoint 2","endpoint_target_url":"http://backend:8000/test-webhooks/e3fb4cd6-bed2-4966-bff3-ea87ae2929fb","event_id":"3f62df9b-fb93-40ea-90ce-68c499748d62","event_type":"load.test"},{"id":"1f26f395-a09c-4d81-8574-73543b41590b","status":"succeeded","total_attempts":1,"next_retry_at":null,"last_error":null,"created_at":"2026-04-24T05:01:21.970826Z","updated_at":"2026-04-24T05:01:24.624174Z","endpoint_id":"eabedf55-9e53-475f-b6e9-837a3593dc52","endpoint_name":"UI debug endpoint","endpoint_target_url":"http://backend:8000/test-webhooks/e3fb4cd6-bed2-4966-bff3-ea87ae2929fb","event_id":"c1c121a4-942b-45b2-aaf5-b9b58e1fa942","event_type":"load.test"},{"id":"c95a6523-9ae5-46b9-85e7-e6b67c360ed5","status":"succeeded","total_attempts":1,"next_retry_at":null,"last_error":null,"created_at":"2026-04-24T05:01:21.976932Z","updated_at":"2026-04-24T05:01:24.133080Z","endpoint_id":"4884d8c7-abfb-49cf-a00b-95aaa7724c74","endpoint_name":"built-in-test-receiver","endpoint_target_url":"http://backend:8000/test-webhooks/43aed16a-17e6-4e29-b0c7-3a7d162775b4","event_id":"71e08c4c-43a8-42ea-8080-75a9494fe59b","event_type":"load.test"},{"id":"c4658d49-e847-44c3-b54c-ac480a1bea36","status":"succeeded","total_attempts":1,"next_retry_at":null,"last_error":null,"created_at":"2026-04-24T05:01:21.984942Z","updated_at":"2026-04-24T05:01:25.230562Z","endpoint_id":"39f61d7a-03b1-4348-9562-525ea77e7b98","endpoint_name":"Built-in receiver endpoint","endpoint_target_url":"http://backend:8000/test-webhooks/26d9954e-a6f0-42c7-b462-712dba422c71","event_id":"0d40be78-cd58-4ee2-b9da-f035515241e9","event_type":"load.test"},{"id":"67b85131-59cf-4342-ad55-7c01ff8017a1","status":"succeeded","total_attempts":1,"next_retry_at":null,"last_error":null,"created_at":"2026-04-24T05:01:21.999011Z","updated_at":"2026-04-24T05:01:25.312784Z","endpoint_id":"eabedf55-9e53-475f-b6e9-837a3593dc52","endpoint_name":"UI debug endpoint","endpoint_target_url":"http://backend:8000/test-webhooks/e3fb4cd6-bed2-4966-bff3-ea87ae2929fb","event_id":"d561698c-8457-4fe5-90ac-cb0661b855ba","event_type":"load.test"},{"id":"522036b6-8ec9-448e-8eba-b81ae5f6bd35","status":"succeeded","total_attempts":1,"next_retry_at":null,"last_error":null,"created_at":"2026-04-24T05:01:21.976820Z","updated_at":"2026-04-24T05:01:24.948274Z","endpoint_id":"5cd890e0-eba3-4707-bd64-65ea65089a73","endpoint_name":"UI debug endpoint 2","endpoint_target_url":"http://backend:8000/test-webhooks/e3fb4cd6-bed2-4966-bff3-ea87ae2929fb","event_id":"c1c121a4-942b-45b2-aaf5-b9b58e1fa942","event_type":"load.test"},{"id":"c0fd4244-51c6-4018-89fe-362875643029","status":"succeeded","total_attempts":1,"next_retry_at":null,"last_error":null,"created_at":"2026-04-24T05:01:21.993528Z","updated_at":"2026-04-24T05:01:25.251655Z","endpoint_id":"39f61d7a-03b1-4348-9562-525ea77e7b98","endpoint_name":"Built-in receiver endpoint","endpoint_target_url":"http://backend:8000/test-webhooks/26d9954e-a6f0-42c7-b462-712dba422c71","event_id":"d561698c-8457-4fe5-90ac-cb0661b855ba","event_type":"load.test"},{"id":"ca3abe72-9d97-433e-97fe-560495b4997d","status":"succeeded","total_attempts":1,"next_retry_at":null,"last_error":null,"created_at":"2026-04-24T05:01:21.978367Z","updated_at":"2026-04-24T05:01:25.077616Z","endpoint_id":"4884d8c7-abfb-49cf-a00b-95aaa7724c74","endpoint_name":"built-in-test-receiver","endpoint_target_url":"http://backend:8000/test-webhooks/43aed16a-17e6-4e29-b0c7-3a7d162775b4","event_id":"c1c121a4-942b-45b2-aaf5-b9b58e1fa942","event_type":"load.test"},{"id":"9d0d4278-68d4-4cc0-9687-f87f7d8d1b20","status":"succeeded","total_attempts":1,"next_retry_at":null,"last_error":null,"created_at":"2026-04-24T05:01:21.990588Z","updated_at":"2026-04-24T05:01:25.685496Z","endpoint_id":"a64ae9fb-09e9-49b9-bd46-269c84266178","endpoint_name":"fresh-debug-endpoint","endpoint_target_url":"http://backend:8000/test-webhooks/7042e8ef-7fce-49c9-ab0a-c16c05525e3a","event_id":"0d40be78-cd58-4ee2-b9da-f035515241e9","event_type":"load.test"},{"id":"6dc09283-4b18-4cd4-bfb2-ead6f19eca63","status":"succeeded","total_attempts":1,"next_retry_at":null,"last_error":null,"created_at":"2026-04-24T05:01:21.990134Z","updated_at":"2026-04-24T05:01:25.330294Z","endpoint_id":"a64ae9fb-09e9-49b9-bd46-269c84266178","endpoint_name":"fresh-debug-endpoint","endpoint_target_url":"http://backend:8000/test-webhooks/7042e8ef-7fce-49c9-ab0a-c16c05525e3a","event_id":"b16bdbc8-6452-4820-b72f-57edf5330deb","event_type":"load.test"},{"id":"c344662f-e19b-4df8-9102-e54a10e9920d","status":"succeeded","total_attempts":1,"next_retry_at":null,"last_error":null,"created_at":"2026-04-24T05:01:21.996446Z","updated_at":"2026-04-24T05:01:25.267724Z","endpoint_id":"a64ae9fb-09e9-49b9-bd46-269c84266178","endpoint_name":"fresh-debug-endpoint","endpoint_target_url":"http://backend:8000/test-webhooks/7042e8ef-7fce-49c9-ab0a-c16c05525e3a","event_id":"d561698c-8457-4fe5-90ac-cb0661b855ba","event_type":"load.test"},{"id":"daeab0b4-9bfe-4177-ba8a-85f482576e11","status":"succeeded","total_attempts":1,"next_retry_at":null,"last_error":null,"created_at":"2026-04-24T05:01:21.988897Z","updated_at":"2026-04-24T05:01:26.352913Z","endpoint_id":"39f61d7a-03b1-4348-9562-525ea77e7b98","endpoint_name":"Built-in receiver endpoint","endpoint_target_url":"http://backend:8000/test-webhooks/26d9954e-a6f0-42c7-b462-712dba422c71","event_id":"0d930c22-63ad-45ce-bd44-77eeac683883","event_type":"load.test"},{"id":"04a4fa45-8b4d-42aa-a79d-2e7cf7594ba3","status":"succeeded","total_attempts":1,"next_retry_at":null,"last_error":null,"created_at":"2026-04-24T05:01:21.986172Z","updated_at":"2026-04-24T05:01:25.293087Z","endpoint_id":"39f61d7a-03b1-4348-9562-525ea77e7b98","endpoint_name":"Built-in receiver endpoint","endpoint_target_url":"http://backend:8000/test-webhooks/26d9954e-a6f0-42c7-b462-712dba422c71","event_id":"b16bdbc8-6452-4820-b72f-57edf5330deb","event_type":"load.test"},{"id":"617f1a4a-39c1-446c-88d4-75d52ae7f4d8","status":"pending","total_attempts":0,"next_retry_at":null,"last_error":null,"created_at":"2026-04-24T05:43:21.632625Z","updated_at":"2026-04-24T05:43:21.632626Z","endpoint_id":"a64ae9fb-09e9-49b9-bd46-269c84266178","endpoint_name":"fresh-debug-endpoint","endpoint_target_url":"http://backend:8000/test-webhooks/7042e8ef-7fce-49c9-ab0a-c16c05525e3a","event_id":"f642dcdb-fdbd-435f-8075-86b8e260c4b4","event_type":"test.rate.limit"},{"id":"841c6da5-222a-4dd3-9751-a427d7cc4ef5","status":"failed","total_attempts":3,"next_retry_at":null,"last_error":"http_5xx: 503","created_at":"2026-04-24T05:01:21.973307Z","updated_at":"2026-04-24T05:04:19.761980Z","endpoint_id":"5cd890e0-eba3-4707-bd64-65ea65089a73","endpoint_name":"UI debug endpoint 2","endpoint_target_url":"http://backend:8000/test-webhooks/e3fb4cd6-bed2-4966-bff3-ea87ae2929fb","event_id":"71e08c4c-43a8-42ea-8080-75a9494fe59b","event_type":"load.test"},{"id":"1675945e-932f-433e-99cd-71d43abd6f5b","status":"succeeded","total_attempts":1,"next_retry_at":null,"last_error":null,"created_at":"2026-04-24T05:01:22.000484Z","updated_at":"2026-04-24T05:01:26.740874Z","endpoint_id":"39f61d7a-03b1-4348-9562-525ea77e7b98","endpoint_name":"Built-in receiver endpoint","endpoint_target_url":"http://backend:8000/test-webhooks/26d9954e-a6f0-42c7-b462-712dba422c71","event_id":"8b2349ea-ba39-4779-a3fb-e9fd37d53e74","event_type":"load.test"},{"id":"20d2727d-6d45-49fd-a5a4-f455635ab74a","status":"succeeded","total_attempts":1,"next_retry_at":null,"last_error":null,"created_at":"2026-04-24T05:01:21.996805Z","updated_at":"2026-04-24T05:01:25.669976Z","endpoint_id":"eabedf55-9e53-475f-b6e9-837a3593dc52","endpoint_name":"UI debug endpoint","endpoint_target_url":"http://backend:8000/test-webhooks/e3fb4cd6-bed2-4966-bff3-ea87ae2929fb","event_id":"b16bdbc8-6452-4820-b72f-57edf5330deb","event_type":"load.test"},{"id":"d0100761-c78b-430b-a81e-b7c05c86e7a8","status":"succeeded","total_attempts":1,"next_retry_at":null,"last_error":null,"created_at":"2026-04-24T05:01:21.992479Z","updated_at":"2026-04-24T05:01:26.371329Z","endpoint_id":"a64ae9fb-09e9-49b9-bd46-269c84266178","endpoint_name":"fresh-debug-endpoint","endpoint_target_url":"http://backend:8000/test-webhooks/7042e8ef-7fce-49c9-ab0a-c16c05525e3a","event_id":"0d930c22-63ad-45ce-bd44-77eeac683883","event_type":"load.test"},{"id":"6f917cf0-f7fd-4a69-876c-743956817bd9","status":"succeeded","total_attempts":1,"next_retry_at":null,"last_error":null,"created_at":"2026-04-24T05:01:22.003935Z","updated_at":"2026-04-24T05:01:26.181498Z","endpoint_id":"4884d8c7-abfb-49cf-a00b-95aaa7724c74","endpoint_name":"built-in-test-receiver","endpoint_target_url":"http://backend:8000/test-webhooks/43aed16a-17e6-4e29-b0c7-3a7d162775b4","event_id":"d561698c-8457-4fe5-90ac-cb0661b855ba","event_type":"load.test"},{"id":"dc4d0486-9319-4242-9ddd-78eb10162c06","status":"succeeded","total_attempts":2,"next_retry_at":null,"last_error":null,"created_at":"2026-04-24T05:01:22.002483Z","updated_at":"2026-04-24T05:02:17.458513Z","endpoint_id":"5cd890e0-eba3-4707-bd64-65ea65089a73","endpoint_name":"UI debug endpoint 2","endpoint_target_url":"http://backend:8000/test-webhooks/e3fb4cd6-bed2-4966-bff3-ea87ae2929fb","event_id":"0d930c22-63ad-45ce-bd44-77eeac683883","event_type":"load.test"},{"id":"9eed2f7e-b2f6-43e2-9637-08cb43801023","status":"succeeded","total_attempts":1,"next_retry_at":null,"last_error":null,"created_at":"2026-04-24T05:01:21.991196Z","updated_at":"2026-04-24T05:01:26.334913Z","endpoint_id":"eabedf55-9e53-475f-b6e9-837a3593dc52","endpoint_name":"UI debug endpoint","endpoint_target_url":"http://backend:8000/test-webhooks/e3fb4cd6-bed2-4966-bff3-ea87ae2929fb","event_id":"0d40be78-cd58-4ee2-b9da-f035515241e9","event_type":"load.test"},{"id":"337ad311-9673-45b3-98bb-ab9daa73fd9d","status":"succeeded","total_attempts":3,"next_retry_at":null,"last_error":null,"created_at":"2026-04-24T05:01:21.992931Z","updated_at":"2026-04-24T05:04:21.185232Z","endpoint_id":"5cd890e0-eba3-4707-bd64-65ea65089a73","endpoint_name":"UI debug endpoint 2","endpoint_target_url":"http://backend:8000/test-webhooks/e3fb4cd6-bed2-4966-bff3-ea87ae2929fb","event_id":"0d40be78-cd58-4ee2-b9da-f035515241e9","event_type":"load.test"},{"id":"77476f61-963c-4d65-9eb0-d08d0c86dab6","status":"succeeded","total_attempts":1,"next_retry_at":null,"last_error":null,"created_at":"2026-04-24T05:01:21.998681Z","updated_at":"2026-04-24T05:01:26.384074Z","endpoint_id":"eabedf55-9e53-475f-b6e9-837a3593dc52","endpoint_name":"UI debug endpoint","endpoint_target_url":"http://backend:8000/test-webhooks/e3fb4cd6-bed2-4966-bff3-ea87ae2929fb","event_id":"0d930c22-63ad-45ce-bd44-77eeac683883","event_type":"load.test"},{"id":"2d85c0cd-7b26-497a-bdce-575fb453122b","status":"succeeded","total_attempts":3,"next_retry_at":null,"last_error":null,"created_at":"2026-04-24T05:01:21.977527Z","updated_at":"2026-04-24T05:04:20.163348Z","endpoint_id":"5cd890e0-eba3-4707-bd64-65ea65089a73","endpoint_name":"UI debug endpoint 2","endpoint_target_url":"http://backend:8000/test-webhooks/e3fb4cd6-bed2-4966-bff3-ea87ae2929fb","event_id":"515dd448-919e-4766-b0d7-bad746972d8b","event_type":"load.test"},{"id":"36b47199-d83c-4d96-b2e2-9e9fb16aada7","status":"succeeded","total_attempts":1,"next_retry_at":null,"last_error":null,"created_at":"2026-04-24T05:26:27.646976Z","updated_at":"2026-04-24T05:26:28.161070Z","endpoint_id":"4884d8c7-abfb-49cf-a00b-95aaa7724c74","endpoint_name":"built-in-test-receiver","endpoint_target_url":"http://backend:8000/test-webhooks/43aed16a-17e6-4e29-b0c7-3a7d162775b4","event_id":"b5167bd1-7b8a-48d2-8725-b9efcde0d756","event_type":"load.test"},{"id":"1cc7d6b9-15b9-45d4-9c65-c81e6cafa125","status":"succeeded","total_attempts":1,"next_retry_at":null,"last_error":null,"created_at":"2026-04-24T05:01:22.004239Z","updated_at":"2026-04-24T05:01:27.090292Z","endpoint_id":"a64ae9fb-09e9-49b9-bd46-269c84266178","endpoint_name":"fresh-debug-endpoint","endpoint_target_url":"http://backend:8000/test-webhooks/7042e8ef-7fce-49c9-ab0a-c16c05525e3a","event_id":"8b2349ea-ba39-4779-a3fb-e9fd37d53e74","event_type":"load.test"},{"id":"9d040a41-59ad-4314-a45e-27f34cff7372","status":"pending","total_attempts":0,"next_retry_at":null,"last_error":null,"created_at":"2026-04-24T05:42:51.446384Z","updated_at":"2026-04-24T05:42:51.446387Z","endpoint_id":"a64ae9fb-09e9-49b9-bd46-269c84266178","endpoint_name":"fresh-debug-endpoint","endpoint_target_url":"http://backend:8000/test-webhooks/7042e8ef-7fce-49c9-ab0a-c16c05525e3a","event_id":"0b7aa9d1-979d-4992-9c7d-5a1404d1478c","event_type":"test.rate.limit"},{"id":"f8b92239-d31a-4e2f-ae55-db1f28428005","status":"failed","total_attempts":3,"next_retry_at":null,"last_error":"http_5xx: 503","created_at":"2026-04-24T05:01:22.001682Z","updated_at":"2026-04-24T05:04:20.510804Z","endpoint_id":"5cd890e0-eba3-4707-bd64-65ea65089a73","endpoint_name":"UI debug endpoint 2","endpoint_target_url":"http://backend:8000/test-webhooks/e3fb4cd6-bed2-4966-bff3-ea87ae2929fb","event_id":"d561698c-8457-4fe5-90ac-cb0661b855ba","event_type":"load.test"},{"id":"62d55433-6748-4b23-b75c-3ed57b7dfd23","status":"pending","total_attempts":0,"next_retry_at":null,"last_error":null,"created_at":"2026-04-24T05:42:51.447492Z","updated_at":"2026-04-24T05:42:51.447493Z","endpoint_id":"eabedf55-9e53-475f-b6e9-837a3593dc52","endpoint_name":"UI debug endpoint","endpoint_target_url":"http://backend:8000/test-webhooks/e3fb4cd6-bed2-4966-bff3-ea87ae2929fb","event_id":"0b7aa9d1-979d-4992-9c7d-5a1404d1478c","event_type":"test.rate.limit"},{"id":"6ae6bb54-bd33-4b51-b77c-c7f9a0779e7a","status":"pending","total_attempts":0,"next_retry_at":null,"last_error":null,"created_at":"2026-04-24T05:43:21.633038Z","updated_at":"2026-04-24T05:43:21.633039Z","endpoint_id":"eabedf55-9e53-475f-b6e9-837a3593dc52","endpoint_name":"UI debug endpoint","endpoint_target_url":"http://backend:8000/test-webhooks/e3fb4cd6-bed2-4966-bff3-ea87ae2929fb","event_id":"f642dcdb-fdbd-435f-8075-86b8e260c4b4","event_type":"test.rate.limit"},{"id":"9c14f41f-6308-4ff4-86bf-efc9cbdcdd71","status":"pending","total_attempts":0,"next_retry_at":null,"last_error":null,"created_at":"2026-04-24T05:42:51.448174Z","updated_at":"2026-04-24T05:42:51.448175Z","endpoint_id":"5cd890e0-eba3-4707-bd64-65ea65089a73","endpoint_name":"UI debug endpoint 2","endpoint_target_url":"http://backend:8000/test-webhooks/e3fb4cd6-bed2-4966-bff3-ea87ae2929fb","event_id":"0b7aa9d1-979d-4992-9c7d-5a1404d1478c","event_type":"test.rate.limit"},{"id":"9de7e42c-c858-494d-9d53-90a2f8248d97","status":"pending","total_attempts":0,"next_retry_at":null,"last_error":null,"created_at":"2026-04-24T05:42:51.448574Z","updated_at":"2026-04-24T05:42:51.448575Z","endpoint_id":"4884d8c7-abfb-49cf-a00b-95aaa7724c74","endpoint_name":"built-in-test-receiver","endpoint_target_url":"http://backend:8000/test-webhooks/43aed16a-17e6-4e29-b0c7-3a7d162775b4","event_id":"0b7aa9d1-979d-4992-9c7d-5a1404d1478c","event_type":"test.rate.limit"},{"id":"2eede6c8-0d74-45a2-8611-1d8c671250ae","status":"pending","total_attempts":0,"next_retry_at":null,"last_error":null,"created_at":"2026-04-24T05:42:51.449248Z","updated_at":"2026-04-24T05:42:51.449249Z","endpoint_id":"8e9d3218-546a-4d60-a0a2-d8a2d07d8cdf","endpoint_name":"rate-limited","endpoint_target_url":"http://backend:8000/test-webhooks/43aed16a-17e6-4e29-b0c7-3a7d162775b4","event_id":"0b7aa9d1-979d-4992-9c7d-5a1404d1478c","event_type":"test.rate.limit"},{"id":"baa64f71-fb1c-45bb-b5e2-44982e2b822a","status":"pending","total_attempts":0,"next_retry_at":null,"last_error":null,"created_at":"2026-04-24T05:43:21.633479Z","updated_at":"2026-04-24T05:43:21.633480Z","endpoint_id":"5cd890e0-eba3-4707-bd64-65ea65089a73","endpoint_name":"UI debug endpoint 2","endpoint_target_url":"http://backend:8000/test-webhooks/e3fb4cd6-bed2-4966-bff3-ea87ae2929fb","event_id":"f642dcdb-fdbd-435f-8075-86b8e260c4b4","event_type":"test.rate.limit"},{"id":"fe518fc6-0c92-485a-9b73-6ca1b1589fca","status":"pending","total_attempts":0,"next_retry_at":null,"last_error":null,"created_at":"2026-04-24T05:43:21.633851Z","updated_at":"2026-04-24T05:43:21.633852Z","endpoint_id":"4884d8c7-abfb-49cf-a00b-95aaa7724c74","endpoint_name":"built-in-test-receiver","endpoint_target_url":"http://backend:8000/test-webhooks/43aed16a-17e6-4e29-b0c7-3a7d162775b4","event_id":"f642dcdb-fdbd-435f-8075-86b8e260c4b4","event_type":"test.rate.limit"},{"id":"354f82f9-c5ef-41a1-a72f-2db35f0300a4","status":"pending","total_attempts":0,"next_retry_at":null,"last_error":null,"created_at":"2026-04-24T05:43:21.634184Z","updated_at":"2026-04-24T05:43:21.634185Z","endpoint_id":"8e9d3218-546a-4d60-a0a2-d8a2d07d8cdf","endpoint_name":"rate-limited","endpoint_target_url":"http://backend:8000/test-webhooks/43aed16a-17e6-4e29-b0c7-3a7d162775b4","event_id":"f642dcdb-fdbd-435f-8075-86b8e260c4b4","event_type":"test.rate.limit"},{"id":"1b725a26-569e-4c3b-8709-a783b24c53b5","status":"succeeded","total_attempts":1,"next_retry_at":null,"last_error":null,"created_at":"2026-04-24T05:01:22.004749Z","updated_at":"2026-04-24T05:01:26.312120Z","endpoint_id":"4884d8c7-abfb-49cf-a00b-95aaa7724c74","endpoint_name":"built-in-test-receiver","endpoint_target_url":"http://backend:8000/test-webhooks/43aed16a-17e6-4e29-b0c7-3a7d162775b4","event_id":"b16bdbc8-6452-4820-b72f-57edf5330deb","event_type":"load.test"},{"id":"4bbc8485-533c-4c57-a412-242a96eac9c1","status":"succeeded","total_attempts":1,"next_retry_at":null,"last_error":null,"created_at":"2026-04-24T05:01:22.176795Z","updated_at":"2026-04-24T05:01:41.163483Z","endpoint_id":"39f61d7a-03b1-4348-9562-525ea77e7b98","endpoint_name":"Built-in receiver endpoint","endpoint_target_url":"http://backend:8000/test-webhooks/26d9954e-a6f0-42c7-b462-712dba422c71","event_id":"e0ec4e92-dffa-4f54-a659-d6cd3e6756d0","event_type":"load.test"},{"id":"90a92cb3-3cf9-4bbd-9326-59b2bb288e7e","status":"succeeded","total_attempts":1,"next_retry_at":null,"last_error":null,"created_at":"2026-04-24T05:01:22.052537Z","updated_at":"2026-04-24T05:01:29.559515Z","endpoint_id":"39f61d7a-03b1-4348-9562-525ea77e7b98","endpoint_name":"Built-in receiver endpoint","endpoint_target_url":"http://backend:8000/test-webhooks/26d9954e-a6f0-42c7-b462-712dba422c71","event_id":"5ec46da7-85a9-434d-b33e-df951655f11d","event_type":"load.test"},{"id":"4bc15bc4-af15-4031-ac48-fe895ada783b","status":"succeeded","total_attempts":1,"next_retry_at":null,"last_error":null,"created_at":"2026-04-24T05:01:22.457478Z","updated_at":"2026-04-24T05:01:59.572477Z","endpoint_id":"a64ae9fb-09e9-49b9-bd46-269c84266178","endpoint_name":"fresh-debug-endpoint","endpoint_target_url":"http://backend:8000/test-webhooks/7042e8ef-7fce-49c9-ab0a-c16c05525e3a","event_id":"0d2f55db-01a3-4ecf-8d5f-2ec4d75c7e36","event_type":"load.test"},{"id":"d68545ec-f97f-49cb-81eb-280b18dae54a","status":"succeeded","total_attempts":1,"next_retry_at":null,"last_error":null,"created_at":"2026-04-24T05:01:22.055862Z","updated_at":"2026-04-24T05:01:29.966974Z","endpoint_id":"a64ae9fb-09e9-49b9-bd46-269c84266178","endpoint_name":"fresh-debug-endpoint","endpoint_target_url":"http://backend:8000/test-webhooks/7042e8ef-7fce-49c9-ab0a-c16c05525e3a","event_id":"5ec46da7-85a9-434d-b33e-df951655f11d","event_type":"load.test"},{"id":"006f506c-d0fe-4f6b-9efd-8d61106e93cd","status":"succeeded","total_attempts":1,"next_retry_at":null,"last_error":null,"created_at":"2026-04-24T05:01:22.182269Z","updated_at":"2026-04-24T05:01:41.196917Z","endpoint_id":"a64ae9fb-09e9-49b9-bd46-269c84266178","endpoint_name":"fresh-debug-endpoint","endpoint_target_url":"http://backend:8000/test-webhooks/7042e8ef-7fce-49c9-ab0a-c16c05525e3a","event_id":"e0ec4e92-dffa-4f54-a659-d6cd3e6756d0","event_type":"load.test"},{"id":"ff5774a3-1f1c-4d2c-903b-85b955313159","status":"succeeded","total_attempts":1,"next_retry_at":null,"last_error":null,"created_at":"2026-04-24T05:01:22.059334Z","updated_at":"2026-04-24T05:01:30.157714Z","endpoint_id":"eabedf55-9e53-475f-b6e9-837a3593dc52","endpoint_name":"UI debug endpoint","endpoint_target_url":"http://backend:8000/test-webhooks/e3fb4cd6-bed2-4966-bff3-ea87ae2929fb","event_id":"5ec46da7-85a9-434d-b33e-df951655f11d","event_type":"load.test"},{"id":"4104b092-3a1e-485e-9c8c-103a95206d1a","status":"succeeded","total_attempts":1,"next_retry_at":null,"last_error":null,"created_at":"2026-04-24T05:01:22.188570Z","updated_at":"2026-04-24T05:01:41.221161Z","endpoint_id":"eabedf55-9e53-475f-b6e9-837a3593dc52","endpoint_name":"UI debug endpoint","endpoint_target_url":"http://backend:8000/test-webhooks/e3fb4cd6-bed2-4966-bff3-ea87ae2929fb","event_id":"e0ec4e92-dffa-4f54-a659-d6cd3e6756d0","event_type":"load.test"},{"id":"7a74875e-0800-438b-a5ec-b28f0adf1dec","status":"succeeded","total_attempts":1,"next_retry_at":null,"last_error":null,"created_at":"2026-04-24T05:01:22.073220Z","updated_at":"2026-04-24T05:01:30.631836Z","endpoint_id":"4884d8c7-abfb-49cf-a00b-95aaa7724c74","endpoint_name":"built-in-test-receiver","endpoint_target_url":"http://backend:8000/test-webhooks/43aed16a-17e6-4e29-b0c7-3a7d162775b4","event_id":"5ec46da7-85a9-434d-b33e-df951655f11d","event_type":"load.test"},{"id":"1cd88c42-69db-4cba-821f-eab4d30f3cd0","status":"succeeded","total_attempts":1,"next_retry_at":null,"last_error":null,"created_at":"2026-04-24T05:01:22.462213Z","updated_at":"2026-04-24T05:01:59.915162Z","endpoint_id":"eabedf55-9e53-475f-b6e9-837a3593dc52","endpoint_name":"UI debug endpoint","endpoint_target_url":"http://backend:8000/test-webhooks/e3fb4cd6-bed2-4966-bff3-ea87ae2929fb","event_id":"0d2f55db-01a3-4ecf-8d5f-2ec4d75c7e36","event_type":"load.test"},{"id":"55237fe3-f4d1-457f-ab38-313bd3706119","status":"succeeded","total_attempts":1,"next_retry_at":null,"last_error":null,"created_at":"2026-04-24T05:01:22.197960Z","updated_at":"2026-04-24T05:01:41.559135Z","endpoint_id":"5cd890e0-eba3-4707-bd64-65ea65089a73","endpoint_name":"UI debug endpoint 2","endpoint_target_url":"http://backend:8000/test-webhooks/e3fb4cd6-bed2-4966-bff3-ea87ae2929fb","event_id":"e0ec4e92-dffa-4f54-a659-d6cd3e6756d0","event_type":"load.test"},{"id":"5841667e-f48c-4d04-9c7e-e0e6c18c1e2c","status":"failed","total_attempts":3,"next_retry_at":null,"last_error":"http_5xx: 503","created_at":"2026-04-24T05:01:22.072090Z","updated_at":"2026-04-24T05:04:22.175749Z","endpoint_id":"5cd890e0-eba3-4707-bd64-65ea65089a73","endpoint_name":"UI debug endpoint 2","endpoint_target_url":"http://backend:8000/test-webhooks/e3fb4cd6-bed2-4966-bff3-ea87ae2929fb","event_id":"5ec46da7-85a9-434d-b33e-df951655f11d","event_type":"load.test"},{"id":"305cb032-3829-4b55-a808-485c04a7472a","status":"succeeded","total_attempts":1,"next_retry_at":null,"last_error":null,"created_at":"2026-04-24T05:01:22.199471Z","updated_at":"2026-04-24T05:01:41.702894Z","endpoint_id":"4884d8c7-abfb-49cf-a00b-95aaa7724c74","endpoint_name":"built-in-test-receiver","endpoint_target_url":"http://backend:8000/test-webhooks/43aed16a-17e6-4e29-b0c7-3a7d162775b4","event_id":"e0ec4e92-dffa-4f54-a659-d6cd3e6756d0","event_type":"load.test"},{"id":"856d68ce-36f0-4d37-be9d-5d1dc8a2bc90","status":"succeeded","total_attempts":1,"next_retry_at":null,"last_error":null,"created_at":"2026-04-24T05:01:22.466099Z","updated_at":"2026-04-24T05:02:00.260552Z","endpoint_id":"5cd890e0-eba3-4707-bd64-65ea65089a73","endpoint_name":"UI debug endpoint 2","endpoint_target_url":"http://backend:8000/test-webhooks/e3fb4cd6-bed2-4966-bff3-ea87ae2929fb","event_id":"0d2f55db-01a3-4ecf-8d5f-2ec4d75c7e36","event_type":"load.test"},{"id":"63752c91-b2d2-4f90-92d0-b1bd07c534d2","status":"succeeded","total_attempts":1,"next_retry_at":null,"last_error":null,"created_at":"2026-04-24T05:01:22.244676Z","updated_at":"2026-04-24T05:01:42.824814Z","endpoint_id":"39f61d7a-03b1-4348-9562-525ea77e7b98","endpoint_name":"Built-in receiver endpoint","endpoint_target_url":"http://backend:8000/test-webhooks/26d9954e-a6f0-42c7-b462-712dba422c71","event_id":"8ae982e1-910e-4d05-b58e-967780c34eef","event_type":"load.test"},{"id":"2365c232-8b5c-4b9b-b02c-b21041a56deb","status":"succeeded","total_attempts":1,"next_retry_at":null,"last_error":null,"created_at":"2026-04-24T05:01:22.246584Z","updated_at":"2026-04-24T05:01:42.870213Z","endpoint_id":"a64ae9fb-09e9-49b9-bd46-269c84266178","endpoint_name":"fresh-debug-endpoint","endpoint_target_url":"http://backend:8000/test-webhooks/7042e8ef-7fce-49c9-ab0a-c16c05525e3a","event_id":"8ae982e1-910e-4d05-b58e-967780c34eef","event_type":"load.test"},{"id":"f66fca5e-ab43-452f-bd02-f73a65b9b031","status":"succeeded","total_attempts":1,"next_retry_at":null,"last_error":null,"created_at":"2026-04-24T05:01:22.472323Z","updated_at":"2026-04-24T05:02:01.279275Z","endpoint_id":"4884d8c7-abfb-49cf-a00b-95aaa7724c74","endpoint_name":"built-in-test-receiver","endpoint_target_url":"http://backend:8000/test-webhooks/43aed16a-17e6-4e29-b0c7-3a7d162775b4","event_id":"0d2f55db-01a3-4ecf-8d5f-2ec4d75c7e36","event_type":"load.test"},{"id":"123f064f-8300-482b-8124-41fe2f86c6eb","status":"succeeded","total_attempts":1,"next_retry_at":null,"last_error":null,"created_at":"2026-04-24T05:01:22.248947Z","updated_at":"2026-04-24T05:01:42.900421Z","endpoint_id":"eabedf55-9e53-475f-b6e9-837a3593dc52","endpoint_name":"UI debug endpoint","endpoint_target_url":"http://backend:8000/test-webhooks/e3fb4cd6-bed2-4966-bff3-ea87ae2929fb","event_id":"8ae982e1-910e-4d05-b58e-967780c34eef","event_type":"load.test"},{"id":"e2ea52b0-7993-4e2d-94bc-48fa201e0bf0","status":"succeeded","total_attempts":3,"next_retry_at":null,"last_error":null,"created_at":"2026-04-24T05:01:22.251130Z","updated_at":"2026-04-24T05:04:25.932518Z","endpoint_id":"5cd890e0-eba3-4707-bd64-65ea65089a73","endpoint_name":"UI debug endpoint 2","endpoint_target_url":"http://backend:8000/test-webhooks/e3fb4cd6-bed2-4966-bff3-ea87ae2929fb","event_id":"8ae982e1-910e-4d05-b58e-967780c34eef","event_type":"load.test"},{"id":"eb43edae-67e0-4b61-9034-ac71f13f5981","status":"succeeded","total_attempts":1,"next_retry_at":null,"last_error":null,"created_at":"2026-04-24T05:01:22.571290Z","updated_at":"2026-04-24T05:02:04.417695Z","endpoint_id":"39f61d7a-03b1-4348-9562-525ea77e7b98","endpoint_name":"Built-in receiver endpoint","endpoint_target_url":"http://backend:8000/test-webhooks/26d9954e-a6f0-42c7-b462-712dba422c71","event_id":"4de458cb-491e-4ae7-993b-b3ba85e782dd","event_type":"load.test"},{"id":"ef9f23aa-ea62-45a8-8567-71143c4cc95c","status":"succeeded","total_attempts":1,"next_retry_at":null,"last_error":null,"created_at":"2026-04-24T05:01:22.253447Z","updated_at":"2026-04-24T05:01:44.333733Z","endpoint_id":"4884d8c7-abfb-49cf-a00b-95aaa7724c74","endpoint_name":"built-in-test-receiver","endpoint_target_url":"http://backend:8000/test-webhooks/43aed16a-17e6-4e29-b0c7-3a7d162775b4","event_id":"8ae982e1-910e-4d05-b58e-967780c34eef","event_type":"load.test"},{"id":"ca43e2c9-e714-47c6-849f-fb0509d9dc59","status":"succeeded","total_attempts":3,"next_retry_at":null,"last_error":null,"created_at":"2026-04-24T05:01:22.386843Z","updated_at":"2026-04-24T05:04:35.093471Z","endpoint_id":"5cd890e0-eba3-4707-bd64-65ea65089a73","endpoint_name":"UI debug endpoint 2","endpoint_target_url":"http://backend:8000/test-webhooks/e3fb4cd6-bed2-4966-bff3-ea87ae2929fb","event_id":"70412b34-4d38-4b61-9d42-4abc79728f84","event_type":"load.test"},{"id":"cfa5fadb-1415-4519-a02d-613bbf9fded9","status":"succeeded","total_attempts":1,"next_retry_at":null,"last_error":null,"created_at":"2026-04-24T05:01:22.373878Z","updated_at":"2026-04-24T05:01:53.741769Z","endpoint_id":"39f61d7a-03b1-4348-9562-525ea77e7b98","endpoint_name":"Built-in receiver endpoint","endpoint_target_url":"http://backend:8000/test-webhooks/26d9954e-a6f0-42c7-b462-712dba422c71","event_id":"70412b34-4d38-4b61-9d42-4abc79728f84","event_type":"load.test"},{"id":"a3b452b3-a506-4f1a-a216-9af6f2ae9e4e","status":"succeeded","total_attempts":1,"next_retry_at":null,"last_error":null,"created_at":"2026-04-24T05:01:22.572617Z","updated_at":"2026-04-24T05:02:04.449194Z","endpoint_id":"a64ae9fb-09e9-49b9-bd46-269c84266178","endpoint_name":"fresh-debug-endpoint","endpoint_target_url":"http://backend:8000/test-webhooks/7042e8ef-7fce-49c9-ab0a-c16c05525e3a","event_id":"4de458cb-491e-4ae7-993b-b3ba85e782dd","event_type":"load.test"},{"id":"51862789-ee3b-4022-b6d3-c1a8221849da","status":"succeeded","total_attempts":1,"next_retry_at":null,"last_error":null,"created_at":"2026-04-24T05:01:22.378223Z","updated_at":"2026-04-24T05:01:53.785979Z","endpoint_id":"a64ae9fb-09e9-49b9-bd46-269c84266178","endpoint_name":"fresh-debug-endpoint","endpoint_target_url":"http://backend:8000/test-webhooks/7042e8ef-7fce-49c9-ab0a-c16c05525e3a","event_id":"70412b34-4d38-4b61-9d42-4abc79728f84","event_type":"load.test"},{"id":"574120a5-9ded-462b-9e9e-8fc6b3d16499","status":"succeeded","total_attempts":1,"next_retry_at":null,"last_error":null,"created_at":"2026-04-24T05:01:22.379808Z","updated_at":"2026-04-24T05:01:54.293727Z","endpoint_id":"eabedf55-9e53-475f-b6e9-837a3593dc52","endpoint_name":"UI debug endpoint","endpoint_target_url":"http://backend:8000/test-webhooks/e3fb4cd6-bed2-4966-bff3-ea87ae2929fb","event_id":"70412b34-4d38-4b61-9d42-4abc79728f84","event_type":"load.test"},{"id":"1a6169a7-0213-4f42-9b01-06b1cdf6d140","status":"succeeded","total_attempts":1,"next_retry_at":null,"last_error":null,"created_at":"2026-04-24T05:01:22.575115Z","updated_at":"2026-04-24T05:02:04.477875Z","endpoint_id":"eabedf55-9e53-475f-b6e9-837a3593dc52","endpoint_name":"UI debug endpoint","endpoint_target_url":"http://backend:8000/test-webhooks/e3fb4cd6-bed2-4966-bff3-ea87ae2929fb","event_id":"4de458cb-491e-4ae7-993b-b3ba85e782dd","event_type":"load.test"},{"id":"4d94eb70-5a51-4a37-b980-9c97e278798b","status":"failed","total_attempts":3,"next_retry_at":null,"last_error":"http_5xx: 503","created_at":"2026-04-24T05:01:22.577411Z","updated_at":"2026-04-24T05:04:42.155209Z","endpoint_id":"5cd890e0-eba3-4707-bd64-65ea65089a73","endpoint_name":"UI debug endpoint 2","endpoint_target_url":"http://backend:8000/test-webhooks/e3fb4cd6-bed2-4966-bff3-ea87ae2929fb","event_id":"4de458cb-491e-4ae7-993b-b3ba85e782dd","event_type":"load.test"},{"id":"52eba48e-fc6a-4fb3-88e0-ea07d8cfa8fe","status":"pending","total_attempts":0,"next_retry_at":null,"last_error":null,"created_at":"2026-04-24T05:42:51.503128Z","updated_at":"2026-04-24T05:42:51.503130Z","endpoint_id":"39f61d7a-03b1-4348-9562-525ea77e7b98","endpoint_name":"Built-in receiver endpoint","endpoint_target_url":"http://backend:8000/test-webhooks/26d9954e-a6f0-42c7-b462-712dba422c71","event_id":"3c1ab075-7366-4400-a4fe-e38c49d4112d","event_type":"test.rate.limit"},{"id":"a83c049c-5048-4349-9ce0-89056251476a","status":"succeeded","total_attempts":1,"next_retry_at":null,"last_error":null,"created_at":"2026-04-24T05:01:22.390134Z","updated_at":"2026-04-24T05:01:55.195660Z","endpoint_id":"4884d8c7-abfb-49cf-a00b-95aaa7724c74","endpoint_name":"built-in-test-receiver","endpoint_target_url":"http://backend:8000/test-webhooks/43aed16a-17e6-4e29-b0c7-3a7d162775b4","event_id":"70412b34-4d38-4b61-9d42-4abc79728f84","event_type":"load.test"},{"id":"a663f6e0-2e27-47bd-9b45-773880d9cff0","status":"pending","total_attempts":0,"next_retry_at":null,"last_error":null,"created_at":"2026-04-24T05:42:51.505690Z","updated_at":"2026-04-24T05:42:51.505694Z","endpoint_id":"a64ae9fb-09e9-49b9-bd46-269c84266178","endpoint_name":"fresh-debug-endpoint","endpoint_target_url":"http://backend:8000/test-webhooks/7042e8ef-7fce-49c9-ab0a-c16c05525e3a","event_id":"3c1ab075-7366-4400-a4fe-e38c49d4112d","event_type":"test.rate.limit"},{"id":"2c57eee9-e3b6-4b3a-b415-5086e27e3d89","status":"succeeded","total_attempts":1,"next_retry_at":null,"last_error":null,"created_at":"2026-04-24T05:01:22.450095Z","updated_at":"2026-04-24T05:01:59.216659Z","endpoint_id":"39f61d7a-03b1-4348-9562-525ea77e7b98","endpoint_name":"Built-in receiver endpoint","endpoint_target_url":"http://backend:8000/test-webhooks/26d9954e-a6f0-42c7-b462-712dba422c71","event_id":"0d2f55db-01a3-4ecf-8d5f-2ec4d75c7e36","event_type":"load.test"},{"id":"32cc8c5b-3f43-485b-93a7-99438353e4b6","status":"pending","total_attempts":0,"next_retry_at":null,"last_error":null,"created_at":"2026-04-24T05:42:51.506140Z","updated_at":"2026-04-24T05:42:51.506141Z","endpoint_id":"eabedf55-9e53-475f-b6e9-837a3593dc52","endpoint_name":"UI debug endpoint","endpoint_target_url":"http://backend:8000/test-webhooks/e3fb4cd6-bed2-4966-bff3-ea87ae2929fb","event_id":"3c1ab075-7366-4400-a4fe-e38c49d4112d","event_type":"test.rate.limit"},{"id":"a93b28d1-f75d-4516-b9f8-1349f9a27452","status":"succeeded","total_attempts":1,"next_retry_at":null,"last_error":null,"created_at":"2026-04-24T05:01:22.580198Z","updated_at":"2026-04-24T05:02:05.401869Z","endpoint_id":"4884d8c7-abfb-49cf-a00b-95aaa7724c74","endpoint_name":"built-in-test-receiver","endpoint_target_url":"http://backend:8000/test-webhooks/43aed16a-17e6-4e29-b0c7-3a7d162775b4","event_id":"4de458cb-491e-4ae7-993b-b3ba85e782dd","event_type":"load.test"},{"id":"b0129987-0300-4e53-8170-6f1afe957d74","status":"pending","total_attempts":0,"next_retry_at":null,"last_error":null,"created_at":"2026-04-24T05:42:51.506507Z","updated_at":"2026-04-24T05:42:51.506508Z","endpoint_id":"5cd890e0-eba3-4707-bd64-65ea65089a73","endpoint_name":"UI debug endpoint 2","endpoint_target_url":"http://backend:8000/test-webhooks/e3fb4cd6-bed2-4966-bff3-ea87ae2929fb","event_id":"3c1ab075-7366-4400-a4fe-e38c49d4112d","event_type":"test.rate.limit"},{"id":"7dcbb083-a6ea-4dba-96e6-07f1b30c1ab1","status":"pending","total_attempts":0,"next_retry_at":null,"last_error":null,"created_at":"2026-04-24T05:42:51.507511Z","updated_at":"2026-04-24T05:42:51.507512Z","endpoint_id":"4884d8c7-abfb-49cf-a00b-95aaa7724c74","endpoint_name":"built-in-test-receiver","endpoint_target_url":"http://backend:8000/test-webhooks/43aed16a-17e6-4e29-b0c7-3a7d162775b4","event_id":"3c1ab075-7366-4400-a4fe-e38c49d4112d","event_type":"test.rate.limit"},{"id":"24bbccc7-22ce-4c8e-9ac5-d2d0850cdbcc","status":"pending","total_attempts":0,"next_retry_at":null,"last_error":null,"created_at":"2026-04-24T05:42:51.507972Z","updated_at":"2026-04-24T05:42:51.507973Z","endpoint_id":"8e9d3218-546a-4d60-a0a2-d8a2d07d8cdf","endpoint_name":"rate-limited","endpoint_target_url":"http://backend:8000/test-webhooks/43aed16a-17e6-4e29-b0c7-3a7d162775b4","event_id":"3c1ab075-7366-4400-a4fe-e38c49d4112d","event_type":"test.rate.limit"},{"id":"f3a7d712-24be-4b72-b4ed-8511ecd511d1","status":"pending","total_attempts":0,"next_retry_at":null,"last_error":null,"created_at":"2026-04-24T05:43:21.534157Z","updated_at":"2026-04-24T05:43:21.534161Z","endpoint_id":"39f61d7a-03b1-4348-9562-525ea77e7b98","endpoint_name":"Built-in receiver endpoint","endpoint_target_url":"http://backend:8000/test-webhooks/26d9954e-a6f0-42c7-b462-712dba422c71","event_id":"624aa87d-3fde-4006-be54-1e5afd425f06","event_type":"test.rate.limit"},{"id":"bb032315-0717-4b6f-a9b1-dfb829e4aa66","status":"pending","total_attempts":0,"next_retry_at":null,"last_error":null,"created_at":"2026-04-24T05:43:21.536308Z","updated_at":"2026-04-24T05:43:21.536310Z","endpoint_id":"a64ae9fb-09e9-49b9-bd46-269c84266178","endpoint_name":"fresh-debug-endpoint","endpoint_target_url":"http://backend:8000/test-webhooks/7042e8ef-7fce-49c9-ab0a-c16c05525e3a","event_id":"624aa87d-3fde-4006-be54-1e5afd425f06","event_type":"test.rate.limit"},{"id":"596da694-2110-47a4-9676-9e4099df41e8","status":"pending","total_attempts":0,"next_retry_at":null,"last_error":null,"created_at":"2026-04-24T05:43:21.536871Z","updated_at":"2026-04-24T05:43:21.536873Z","endpoint_id":"eabedf55-9e53-475f-b6e9-837a3593dc52","endpoint_name":"UI debug endpoint","endpoint_target_url":"http://backend:8000/test-webhooks/e3fb4cd6-bed2-4966-bff3-ea87ae2929fb","event_id":"624aa87d-3fde-4006-be54-1e5afd425f06","event_type":"test.rate.limit"},{"id":"5ef0b196-4cb0-4fe1-837f-e6012d18a816","status":"pending","total_attempts":0,"next_retry_at":null,"last_error":null,"created_at":"2026-04-24T05:43:21.537346Z","updated_at":"2026-04-24T05:43:21.537347Z","endpoint_id":"5cd890e0-eba3-4707-bd64-65ea65089a73","endpoint_name":"UI debug endpoint 2","endpoint_target_url":"http://backend:8000/test-webhooks/e3fb4cd6-bed2-4966-bff3-ea87ae2929fb","event_id":"624aa87d-3fde-4006-be54-1e5afd425f06","event_type":"test.rate.limit"},{"id":"4644bfcc-52ad-4890-974e-cd3489989296","status":"pending","total_attempts":0,"next_retry_at":null,"last_error":null,"created_at":"2026-04-24T05:43:21.537667Z","updated_at":"2026-04-24T05:43:21.537668Z","endpoint_id":"4884d8c7-abfb-49cf-a00b-95aaa7724c74","endpoint_name":"built-in-test-receiver","endpoint_target_url":"http://backend:8000/test-webhooks/43aed16a-17e6-4e29-b0c7-3a7d162775b4","event_id":"624aa87d-3fde-4006-be54-1e5afd425f06","event_type":"test.rate.limit"},{"id":"39c429c8-075f-43f9-9a21-0b20fa5cadcc","status":"pending","total_attempts":0,"next_retry_at":null,"last_error":null,"created_at":"2026-04-24T05:43:21.537937Z","updated_at":"2026-04-24T05:43:21.537937Z","endpoint_id":"8e9d3218-546a-4d60-a0a2-d8a2d07d8cdf","endpoint_name":"rate-limited","endpoint_target_url":"http://backend:8000/test-webhooks/43aed16a-17e6-4e29-b0c7-3a7d162775b4","event_id":"624aa87d-3fde-4006-be54-1e5afd425f06","event_type":"test.rate.limit"},{"id":"34008d16-bd3c-4b4e-8d28-1ea15c8a972e","status":"succeeded","total_attempts":1,"next_retry_at":null,"last_error":null,"created_at":"2026-04-24T05:01:22.008197Z","updated_at":"2026-04-24T05:01:27.368008Z","endpoint_id":"4884d8c7-abfb-49cf-a00b-95aaa7724c74","endpoint_name":"built-in-test-receiver","endpoint_target_url":"http://backend:8000/test-webhooks/43aed16a-17e6-4e29-b0c7-3a7d162775b4","event_id":"0d930c22-63ad-45ce-bd44-77eeac683883","event_type":"load.test"},{"id":"22b0a98a-d61e-4df2-9904-fc216e597454","status":"succeeded","total_attempts":1,"next_retry_at":null,"last_error":null,"created_at":"2026-04-24T05:01:22.146382Z","updated_at":"2026-04-24T05:01:36.691652Z","endpoint_id":"39f61d7a-03b1-4348-9562-525ea77e7b98","endpoint_name":"Built-in receiver endpoint","endpoint_target_url":"http://backend:8000/test-webhooks/26d9954e-a6f0-42c7-b462-712dba422c71","event_id":"ad161ad9-47a2-4f2e-9be7-3db797c2322b","event_type":"load.test"},{"id":"f10170e4-bded-4b12-8545-7d449d91c783","status":"succeeded","total_attempts":1,"next_retry_at":null,"last_error":null,"created_at":"2026-04-24T05:01:22.100859Z","updated_at":"2026-04-24T05:01:32.725278Z","endpoint_id":"39f61d7a-03b1-4348-9562-525ea77e7b98","endpoint_name":"Built-in receiver endpoint","endpoint_target_url":"http://backend:8000/test-webhooks/26d9954e-a6f0-42c7-b462-712dba422c71","event_id":"9bb4d619-962c-4533-8492-e4cee6c2be77","event_type":"load.test"},{"id":"6dc6bd0a-f4b3-45f7-be92-0b5c48e7ee31","status":"failed","total_attempts":3,"next_retry_at":null,"last_error":"http_5xx: 503","created_at":"2026-04-24T05:01:22.188063Z","updated_at":"2026-04-24T05:04:24.920604Z","endpoint_id":"5cd890e0-eba3-4707-bd64-65ea65089a73","endpoint_name":"UI debug endpoint 2","endpoint_target_url":"http://backend:8000/test-webhooks/e3fb4cd6-bed2-4966-bff3-ea87ae2929fb","event_id":"c8a94038-4e01-43ea-b58f-3dda79363ba4","event_type":"load.test"},{"id":"8382fe19-837c-4c76-8379-e101b7095ca8","status":"succeeded","total_attempts":1,"next_retry_at":null,"last_error":null,"created_at":"2026-04-24T05:01:22.102924Z","updated_at":"2026-04-24T05:01:32.742930Z","endpoint_id":"a64ae9fb-09e9-49b9-bd46-269c84266178","endpoint_name":"fresh-debug-endpoint","endpoint_target_url":"http://backend:8000/test-webhooks/7042e8ef-7fce-49c9-ab0a-c16c05525e3a","event_id":"9bb4d619-962c-4533-8492-e4cee6c2be77","event_type":"load.test"},{"id":"0046d9e4-0f5a-48db-96cb-6a182209d25a","status":"succeeded","total_attempts":1,"next_retry_at":null,"last_error":null,"created_at":"2026-04-24T05:01:22.149179Z","updated_at":"2026-04-24T05:01:36.713685Z","endpoint_id":"a64ae9fb-09e9-49b9-bd46-269c84266178","endpoint_name":"fresh-debug-endpoint","endpoint_target_url":"http://backend:8000/test-webhooks/7042e8ef-7fce-49c9-ab0a-c16c05525e3a","event_id":"ad161ad9-47a2-4f2e-9be7-3db797c2322b","event_type":"load.test"},{"id":"a178bcf5-0d5d-4b32-a108-8a36a74307e2","status":"succeeded","total_attempts":1,"next_retry_at":null,"last_error":null,"created_at":"2026-04-24T05:01:22.106360Z","updated_at":"2026-04-24T05:01:32.757888Z","endpoint_id":"eabedf55-9e53-475f-b6e9-837a3593dc52","endpoint_name":"UI debug endpoint","endpoint_target_url":"http://backend:8000/test-webhooks/e3fb4cd6-bed2-4966-bff3-ea87ae2929fb","event_id":"9bb4d619-962c-4533-8492-e4cee6c2be77","event_type":"load.test"},{"id":"bf2c7c23-27a8-4db7-b22a-45f69c5c198d","status":"pending","total_attempts":0,"next_retry_at":null,"last_error":null,"created_at":"2026-04-24T05:42:51.539839Z","updated_at":"2026-04-24T05:42:51.539842Z","endpoint_id":"39f61d7a-03b1-4348-9562-525ea77e7b98","endpoint_name":"Built-in receiver endpoint","endpoint_target_url":"http://backend:8000/test-webhooks/26d9954e-a6f0-42c7-b462-712dba422c71","event_id":"ab266b59-5dc0-4a84-ac75-7702d36d9dc1","event_type":"test.rate.limit"},{"id":"d99e422b-dd4f-4803-a685-c4cd3e0a7455","status":"succeeded","total_attempts":1,"next_retry_at":null,"last_error":null,"created_at":"2026-04-24T05:01:22.108355Z","updated_at":"2026-04-24T05:01:33.107745Z","endpoint_id":"5cd890e0-eba3-4707-bd64-65ea65089a73","endpoint_name":"UI debug endpoint 2","endpoint_target_url":"http://backend:8000/test-webhooks/e3fb4cd6-bed2-4966-bff3-ea87ae2929fb","event_id":"9bb4d619-962c-4533-8492-e4cee6c2be77","event_type":"load.test"},{"id":"398afb56-5733-420a-8de0-bb528e08bfb2","status":"succeeded","total_attempts":1,"next_retry_at":null,"last_error":null,"created_at":"2026-04-24T05:01:22.151079Z","updated_at":"2026-04-24T05:01:36.729474Z","endpoint_id":"eabedf55-9e53-475f-b6e9-837a3593dc52","endpoint_name":"UI debug endpoint","endpoint_target_url":"http://backend:8000/test-webhooks/e3fb4cd6-bed2-4966-bff3-ea87ae2929fb","event_id":"ad161ad9-47a2-4f2e-9be7-3db797c2322b","event_type":"load.test"},{"id":"5a0a8dea-0eb3-4943-982c-58b85e31df39","status":"succeeded","total_attempts":1,"next_retry_at":null,"last_error":null,"created_at":"2026-04-24T05:01:22.112224Z","updated_at":"2026-04-24T05:01:33.241475Z","endpoint_id":"4884d8c7-abfb-49cf-a00b-95aaa7724c74","endpoint_name":"built-in-test-receiver","endpoint_target_url":"http://backend:8000/test-webhooks/43aed16a-17e6-4e29-b0c7-3a7d162775b4","event_id":"9bb4d619-962c-4533-8492-e4cee6c2be77","event_type":"load.test"},{"id":"a6e2e578-1f06-426e-82d0-32da2aefa070","status":"pending","total_attempts":0,"next_retry_at":null,"last_error":null,"created_at":"2026-04-24T05:42:51.543504Z","updated_at":"2026-04-24T05:42:51.543505Z","endpoint_id":"a64ae9fb-09e9-49b9-bd46-269c84266178","endpoint_name":"fresh-debug-endpoint","endpoint_target_url":"http://backend:8000/test-webhooks/7042e8ef-7fce-49c9-ab0a-c16c05525e3a","event_id":"ab266b59-5dc0-4a84-ac75-7702d36d9dc1","event_type":"test.rate.limit"},{"id":"37d04a2e-9d94-4eaa-b160-2c7a8c4d15a7","status":"succeeded","total_attempts":1,"next_retry_at":null,"last_error":null,"created_at":"2026-04-24T05:01:22.151665Z","updated_at":"2026-04-24T05:01:37.064829Z","endpoint_id":"5cd890e0-eba3-4707-bd64-65ea65089a73","endpoint_name":"UI debug endpoint 2","endpoint_target_url":"http://backend:8000/test-webhooks/e3fb4cd6-bed2-4966-bff3-ea87ae2929fb","event_id":"ad161ad9-47a2-4f2e-9be7-3db797c2322b","event_type":"load.test"},{"id":"92fed4dd-1cc6-4af7-b64f-03cc5885b1bb","status":"pending","total_attempts":0,"next_retry_at":null,"last_error":null,"created_at":"2026-04-24T05:42:51.544297Z","updated_at":"2026-04-24T05:42:51.544297Z","endpoint_id":"eabedf55-9e53-475f-b6e9-837a3593dc52","endpoint_name":"UI debug endpoint","endpoint_target_url":"http://backend:8000/test-webhooks/e3fb4cd6-bed2-4966-bff3-ea87ae2929fb","event_id":"ab266b59-5dc0-4a84-ac75-7702d36d9dc1","event_type":"test.rate.limit"},{"id":"f19e8149-2693-4159-b4ce-455d6f23664c","status":"succeeded","total_attempts":1,"next_retry_at":null,"last_error":null,"created_at":"2026-04-24T05:01:22.154064Z","updated_at":"2026-04-24T05:01:37.205820Z","endpoint_id":"4884d8c7-abfb-49cf-a00b-95aaa7724c74","endpoint_name":"built-in-test-receiver","endpoint_target_url":"http://backend:8000/test-webhooks/43aed16a-17e6-4e29-b0c7-3a7d162775b4","event_id":"ad161ad9-47a2-4f2e-9be7-3db797c2322b","event_type":"load.test"},{"id":"dc497cf9-ce57-40f8-8a4a-ef938a2af4a4","status":"pending","total_attempts":0,"next_retry_at":null,"last_error":null,"created_at":"2026-04-24T05:42:51.544628Z","updated_at":"2026-04-24T05:42:51.544629Z","endpoint_id":"5cd890e0-eba3-4707-bd64-65ea65089a73","endpoint_name":"UI debug endpoint 2","endpoint_target_url":"http://backend:8000/test-webhooks/e3fb4cd6-bed2-4966-bff3-ea87ae2929fb","event_id":"ab266b59-5dc0-4a84-ac75-7702d36d9dc1","event_type":"test.rate.limit"},{"id":"6907bac5-926d-47f2-9a54-94e808cbba1b","status":"succeeded","total_attempts":1,"next_retry_at":null,"last_error":null,"created_at":"2026-04-24T05:01:22.179823Z","updated_at":"2026-04-24T05:01:38.938956Z","endpoint_id":"39f61d7a-03b1-4348-9562-525ea77e7b98","endpoint_name":"Built-in receiver endpoint","endpoint_target_url":"http://backend:8000/test-webhooks/26d9954e-a6f0-42c7-b462-712dba422c71","event_id":"c8a94038-4e01-43ea-b58f-3dda79363ba4","event_type":"load.test"},{"id":"dab235d4-e66a-4b69-b1e1-3450315c8fc2","status":"pending","total_attempts":0,"next_retry_at":null,"last_error":null,"created_at":"2026-04-24T05:42:51.545000Z","updated_at":"2026-04-24T05:42:51.545000Z","endpoint_id":"4884d8c7-abfb-49cf-a00b-95aaa7724c74","endpoint_name":"built-in-test-receiver","endpoint_target_url":"http://backend:8000/test-webhooks/43aed16a-17e6-4e29-b0c7-3a7d162775b4","event_id":"ab266b59-5dc0-4a84-ac75-7702d36d9dc1","event_type":"test.rate.limit"},{"id":"7acb5c9e-d36f-4c24-b209-6ca06c9d1de7","status":"succeeded","total_attempts":1,"next_retry_at":null,"last_error":null,"created_at":"2026-04-24T05:01:22.183299Z","updated_at":"2026-04-24T05:01:39.103313Z","endpoint_id":"a64ae9fb-09e9-49b9-bd46-269c84266178","endpoint_name":"fresh-debug-endpoint","endpoint_target_url":"http://backend:8000/test-webhooks/7042e8ef-7fce-49c9-ab0a-c16c05525e3a","event_id":"c8a94038-4e01-43ea-b58f-3dda79363ba4","event_type":"load.test"},{"id":"d7b5ce25-4bf0-4cb9-a2cb-018052066a0d","status":"pending","total_attempts":0,"next_retry_at":null,"last_error":null,"created_at":"2026-04-24T05:42:51.545336Z","updated_at":"2026-04-24T05:42:51.545337Z","endpoint_id":"8e9d3218-546a-4d60-a0a2-d8a2d07d8cdf","endpoint_name":"rate-limited","endpoint_target_url":"http://backend:8000/test-webhooks/43aed16a-17e6-4e29-b0c7-3a7d162775b4","event_id":"ab266b59-5dc0-4a84-ac75-7702d36d9dc1","event_type":"test.rate.limit"},{"id":"9677a71d-d265-43dd-87a1-2f81ac436c0e","status":"succeeded","total_attempts":1,"next_retry_at":null,"last_error":null,"created_at":"2026-04-24T05:01:22.184742Z","updated_at":"2026-04-24T05:01:39.562344Z","endpoint_id":"eabedf55-9e53-475f-b6e9-837a3593dc52","endpoint_name":"UI debug endpoint","endpoint_target_url":"http://backend:8000/test-webhooks/e3fb4cd6-bed2-4966-bff3-ea87ae2929fb","event_id":"c8a94038-4e01-43ea-b58f-3dda79363ba4","event_type":"load.test"},{"id":"6b495c45-c0a4-4a48-94b1-ecfbaeb2bcb3","status":"pending","total_attempts":0,"next_retry_at":null,"last_error":null,"created_at":"2026-04-24T05:43:21.572452Z","updated_at":"2026-04-24T05:43:21.572454Z","endpoint_id":"39f61d7a-03b1-4348-9562-525ea77e7b98","endpoint_name":"Built-in receiver endpoint","endpoint_target_url":"http://backend:8000/test-webhooks/26d9954e-a6f0-42c7-b462-712dba422c71","event_id":"3e7dfeb0-c28c-42c3-b5d1-aea1981aade8","event_type":"test.rate.limit"},{"id":"8e61299a-273d-43f4-81b9-45c65a58e02a","status":"pending","total_attempts":0,"next_retry_at":null,"last_error":null,"created_at":"2026-04-24T05:43:21.573147Z","updated_at":"2026-04-24T05:43:21.573148Z","endpoint_id":"a64ae9fb-09e9-49b9-bd46-269c84266178","endpoint_name":"fresh-debug-endpoint","endpoint_target_url":"http://backend:8000/test-webhooks/7042e8ef-7fce-49c9-ab0a-c16c05525e3a","event_id":"3e7dfeb0-c28c-42c3-b5d1-aea1981aade8","event_type":"test.rate.limit"},{"id":"7ae14989-8b59-480f-81c1-c8aa7e471d63","status":"pending","total_attempts":0,"next_retry_at":null,"last_error":null,"created_at":"2026-04-24T05:43:21.573559Z","updated_at":"2026-04-24T05:43:21.573560Z","endpoint_id":"eabedf55-9e53-475f-b6e9-837a3593dc52","endpoint_name":"UI debug endpoint","endpoint_target_url":"http://backend:8000/test-webhooks/e3fb4cd6-bed2-4966-bff3-ea87ae2929fb","event_id":"3e7dfeb0-c28c-42c3-b5d1-aea1981aade8","event_type":"test.rate.limit"},{"id":"0b47e8b1-beb4-4839-bbdf-0123a605ecc8","status":"succeeded","total_attempts":1,"next_retry_at":null,"last_error":null,"created_at":"2026-04-24T05:01:22.189919Z","updated_at":"2026-04-24T05:01:40.011608Z","endpoint_id":"4884d8c7-abfb-49cf-a00b-95aaa7724c74","endpoint_name":"built-in-test-receiver","endpoint_target_url":"http://backend:8000/test-webhooks/43aed16a-17e6-4e29-b0c7-3a7d162775b4","event_id":"c8a94038-4e01-43ea-b58f-3dda79363ba4","event_type":"load.test"},{"id":"b5559096-76db-4b46-9ce0-08c1ddc4f78c","status":"pending","total_attempts":0,"next_retry_at":null,"last_error":null,"created_at":"2026-04-24T05:43:21.573966Z","updated_at":"2026-04-24T05:43:21.573967Z","endpoint_id":"5cd890e0-eba3-4707-bd64-65ea65089a73","endpoint_name":"UI debug endpoint 2","endpoint_target_url":"http://backend:8000/test-webhooks/e3fb4cd6-bed2-4966-bff3-ea87ae2929fb","event_id":"3e7dfeb0-c28c-42c3-b5d1-aea1981aade8","event_type":"test.rate.limit"},{"id":"00352a85-0326-479b-bf1a-daa7959f2957","status":"pending","total_attempts":0,"next_retry_at":null,"last_error":null,"created_at":"2026-04-24T05:43:21.574287Z","updated_at":"2026-04-24T05:43:21.574288Z","endpoint_id":"4884d8c7-abfb-49cf-a00b-95aaa7724c74","endpoint_name":"built-in-test-receiver","endpoint_target_url":"http://backend:8000/test-webhooks/43aed16a-17e6-4e29-b0c7-3a7d162775b4","event_id":"3e7dfeb0-c28c-42c3-b5d1-aea1981aade8","event_type":"test.rate.limit"},{"id":"58991f0a-c6ba-43b8-a1ff-c224fac8f2d4","status":"pending","total_attempts":0,"next_retry_at":null,"last_error":null,"created_at":"2026-04-24T05:43:21.574616Z","updated_at":"2026-04-24T05:43:21.574617Z","endpoint_id":"8e9d3218-546a-4d60-a0a2-d8a2d07d8cdf","endpoint_name":"rate-limited","endpoint_target_url":"http://backend:8000/test-webhooks/43aed16a-17e6-4e29-b0c7-3a7d162775b4","event_id":"3e7dfeb0-c28c-42c3-b5d1-aea1981aade8","event_type":"test.rate.limit"},{"id":"c8ed2cba-4304-4c84-9c80-ea9881776e4c","status":"succeeded","total_attempts":1,"next_retry_at":null,"last_error":null,"created_at":"2026-04-24T05:01:22.008853Z","updated_at":"2026-04-24T05:01:27.119819Z","endpoint_id":"eabedf55-9e53-475f-b6e9-837a3593dc52","endpoint_name":"UI debug endpoint","endpoint_target_url":"http://backend:8000/test-webhooks/e3fb4cd6-bed2-4966-bff3-ea87ae2929fb","event_id":"8b2349ea-ba39-4779-a3fb-e9fd37d53e74","event_type":"load.test"},{"id":"48934db2-9e0c-478f-8a1a-fd1b48609805","status":"succeeded","total_attempts":1,"next_retry_at":null,"last_error":null,"created_at":"2026-04-24T05:01:22.120742Z","updated_at":"2026-04-24T05:01:34.184199Z","endpoint_id":"39f61d7a-03b1-4348-9562-525ea77e7b98","endpoint_name":"Built-in receiver endpoint","endpoint_target_url":"http://backend:8000/test-webhooks/26d9954e-a6f0-42c7-b462-712dba422c71","event_id":"6875d3f0-b1f9-4a81-948e-d892d4b06ea0","event_type":"load.test"},{"id":"5d3b3737-b97e-478f-ad31-806be9b84114","status":"succeeded","total_attempts":2,"next_retry_at":null,"last_error":null,"created_at":"2026-04-24T05:01:22.090154Z","updated_at":"2026-04-24T05:02:19.504446Z","endpoint_id":"5cd890e0-eba3-4707-bd64-65ea65089a73","endpoint_name":"UI debug endpoint 2","endpoint_target_url":"http://backend:8000/test-webhooks/e3fb4cd6-bed2-4966-bff3-ea87ae2929fb","event_id":"a1ad1671-b9eb-45fc-b6be-30a82e94feb0","event_type":"load.test"},{"id":"6bafbe79-ffb0-496c-8b77-1cd10bf0407b","status":"failed","total_attempts":3,"next_retry_at":null,"last_error":"http_5xx: 503","created_at":"2026-04-24T05:01:22.046305Z","updated_at":"2026-04-24T05:04:21.506997Z","endpoint_id":"5cd890e0-eba3-4707-bd64-65ea65089a73","endpoint_name":"UI debug endpoint 2","endpoint_target_url":"http://backend:8000/test-webhooks/e3fb4cd6-bed2-4966-bff3-ea87ae2929fb","event_id":"a6ef2605-10e7-4a91-b304-11ae8f69ac4a","event_type":"load.test"},{"id":"c6b78927-66e7-48c2-b493-6980726b3c49","status":"succeeded","total_attempts":1,"next_retry_at":null,"last_error":null,"created_at":"2026-04-24T05:01:22.016753Z","updated_at":"2026-04-24T05:01:27.840165Z","endpoint_id":"4884d8c7-abfb-49cf-a00b-95aaa7724c74","endpoint_name":"built-in-test-receiver","endpoint_target_url":"http://backend:8000/test-webhooks/43aed16a-17e6-4e29-b0c7-3a7d162775b4","event_id":"8b2349ea-ba39-4779-a3fb-e9fd37d53e74","event_type":"load.test"},{"id":"9499dd76-3d62-4fa9-ac08-6300644f20d8","status":"succeeded","total_attempts":1,"next_retry_at":null,"last_error":null,"created_at":"2026-04-24T05:01:22.121730Z","updated_at":"2026-04-24T05:01:34.390019Z","endpoint_id":"a64ae9fb-09e9-49b9-bd46-269c84266178","endpoint_name":"fresh-debug-endpoint","endpoint_target_url":"http://backend:8000/test-webhooks/7042e8ef-7fce-49c9-ab0a-c16c05525e3a","event_id":"6875d3f0-b1f9-4a81-948e-d892d4b06ea0","event_type":"load.test"},{"id":"5914ce2f-d466-4866-9437-84fd7b3233ea","status":"succeeded","total_attempts":1,"next_retry_at":null,"last_error":null,"created_at":"2026-04-24T05:01:22.041669Z","updated_at":"2026-04-24T05:01:27.873627Z","endpoint_id":"39f61d7a-03b1-4348-9562-525ea77e7b98","endpoint_name":"Built-in receiver endpoint","endpoint_target_url":"http://backend:8000/test-webhooks/26d9954e-a6f0-42c7-b462-712dba422c71","event_id":"a6ef2605-10e7-4a91-b304-11ae8f69ac4a","event_type":"load.test"},{"id":"06b8b731-b6d6-447f-aebf-5077c6e8b922","status":"succeeded","total_attempts":1,"next_retry_at":null,"last_error":null,"created_at":"2026-04-24T05:01:22.042986Z","updated_at":"2026-04-24T05:01:27.922661Z","endpoint_id":"a64ae9fb-09e9-49b9-bd46-269c84266178","endpoint_name":"fresh-debug-endpoint","endpoint_target_url":"http://backend:8000/test-webhooks/7042e8ef-7fce-49c9-ab0a-c16c05525e3a","event_id":"a6ef2605-10e7-4a91-b304-11ae8f69ac4a","event_type":"load.test"},{"id":"0b26f2ef-8177-4cb1-aa35-fa58193f6710","status":"succeeded","total_attempts":1,"next_retry_at":null,"last_error":null,"created_at":"2026-04-24T05:01:22.127440Z","updated_at":"2026-04-24T05:01:34.439776Z","endpoint_id":"eabedf55-9e53-475f-b6e9-837a3593dc52","endpoint_name":"UI debug endpoint","endpoint_target_url":"http://backend:8000/test-webhooks/e3fb4cd6-bed2-4966-bff3-ea87ae2929fb","event_id":"6875d3f0-b1f9-4a81-948e-d892d4b06ea0","event_type":"load.test"},{"id":"70e75fce-c4f9-4828-bbce-e19cbc1b482d","status":"succeeded","total_attempts":1,"next_retry_at":null,"last_error":null,"created_at":"2026-04-24T05:01:22.045258Z","updated_at":"2026-04-24T05:01:27.935077Z","endpoint_id":"eabedf55-9e53-475f-b6e9-837a3593dc52","endpoint_name":"UI debug endpoint","endpoint_target_url":"http://backend:8000/test-webhooks/e3fb4cd6-bed2-4966-bff3-ea87ae2929fb","event_id":"a6ef2605-10e7-4a91-b304-11ae8f69ac4a","event_type":"load.test"},{"id":"9794365f-f545-4874-9fb4-24a4f6962c7e","status":"failed","total_attempts":3,"next_retry_at":null,"last_error":"http_5xx: 503","created_at":"2026-04-24T05:01:22.129827Z","updated_at":"2026-04-24T05:04:23.209929Z","endpoint_id":"5cd890e0-eba3-4707-bd64-65ea65089a73","endpoint_name":"UI debug endpoint 2","endpoint_target_url":"http://backend:8000/test-webhooks/e3fb4cd6-bed2-4966-bff3-ea87ae2929fb","event_id":"6875d3f0-b1f9-4a81-948e-d892d4b06ea0","event_type":"load.test"},{"id":"a0ff6ca3-9546-46d0-bf93-9fcf701838f8","status":"succeeded","total_attempts":1,"next_retry_at":null,"last_error":null,"created_at":"2026-04-24T05:01:22.047777Z","updated_at":"2026-04-24T05:01:28.413662Z","endpoint_id":"4884d8c7-abfb-49cf-a00b-95aaa7724c74","endpoint_name":"built-in-test-receiver","endpoint_target_url":"http://backend:8000/test-webhooks/43aed16a-17e6-4e29-b0c7-3a7d162775b4","event_id":"a6ef2605-10e7-4a91-b304-11ae8f69ac4a","event_type":"load.test"},{"id":"cc58f381-dc90-4abb-ab35-4d7c91e47c2c","status":"succeeded","total_attempts":1,"next_retry_at":null,"last_error":null,"created_at":"2026-04-24T05:01:22.080174Z","updated_at":"2026-04-24T05:01:31.136758Z","endpoint_id":"39f61d7a-03b1-4348-9562-525ea77e7b98","endpoint_name":"Built-in receiver endpoint","endpoint_target_url":"http://backend:8000/test-webhooks/26d9954e-a6f0-42c7-b462-712dba422c71","event_id":"a1ad1671-b9eb-45fc-b6be-30a82e94feb0","event_type":"load.test"},{"id":"ff2edc01-54af-418e-93cf-b78335a24ccf","status":"succeeded","total_attempts":1,"next_retry_at":null,"last_error":null,"created_at":"2026-04-24T05:01:22.133151Z","updated_at":"2026-04-24T05:01:34.909598Z","endpoint_id":"4884d8c7-abfb-49cf-a00b-95aaa7724c74","endpoint_name":"built-in-test-receiver","endpoint_target_url":"http://backend:8000/test-webhooks/43aed16a-17e6-4e29-b0c7-3a7d162775b4","event_id":"6875d3f0-b1f9-4a81-948e-d892d4b06ea0","event_type":"load.test"},{"id":"92f8799e-ac07-4bc7-aeca-87c7a4427bdf","status":"succeeded","total_attempts":1,"next_retry_at":null,"last_error":null,"created_at":"2026-04-24T05:01:22.084939Z","updated_at":"2026-04-24T05:01:31.157182Z","endpoint_id":"a64ae9fb-09e9-49b9-bd46-269c84266178","endpoint_name":"fresh-debug-endpoint","endpoint_target_url":"http://backend:8000/test-webhooks/7042e8ef-7fce-49c9-ab0a-c16c05525e3a","event_id":"a1ad1671-b9eb-45fc-b6be-30a82e94feb0","event_type":"load.test"},{"id":"15837f88-b38f-48b0-bbe5-468d2c8deef4","status":"succeeded","total_attempts":3,"next_retry_at":null,"last_error":null,"created_at":"2026-04-24T05:01:22.276050Z","updated_at":"2026-04-24T05:04:26.612734Z","endpoint_id":"5cd890e0-eba3-4707-bd64-65ea65089a73","endpoint_name":"UI debug endpoint 2","endpoint_target_url":"http://backend:8000/test-webhooks/e3fb4cd6-bed2-4966-bff3-ea87ae2929fb","event_id":"c81b1630-9499-4e2a-b8bc-0a2108472794","event_type":"load.test"},{"id":"7988ecd9-43a7-4b6a-a3f3-d63f3b168cd3","status":"succeeded","total_attempts":1,"next_retry_at":null,"last_error":null,"created_at":"2026-04-24T05:01:22.089148Z","updated_at":"2026-04-24T05:01:31.174824Z","endpoint_id":"eabedf55-9e53-475f-b6e9-837a3593dc52","endpoint_name":"UI debug endpoint","endpoint_target_url":"http://backend:8000/test-webhooks/e3fb4cd6-bed2-4966-bff3-ea87ae2929fb","event_id":"a1ad1671-b9eb-45fc-b6be-30a82e94feb0","event_type":"load.test"},{"id":"efb9c5f5-15ec-4133-89ba-0a8cdeac379f","status":"succeeded","total_attempts":1,"next_retry_at":null,"last_error":null,"created_at":"2026-04-24T05:01:22.180571Z","updated_at":"2026-04-24T05:01:39.539836Z","endpoint_id":"39f61d7a-03b1-4348-9562-525ea77e7b98","endpoint_name":"Built-in receiver endpoint","endpoint_target_url":"http://backend:8000/test-webhooks/26d9954e-a6f0-42c7-b462-712dba422c71","event_id":"4fd01cc8-1fbf-4f77-84fd-f9dd3ce0e3eb","event_type":"load.test"},{"id":"3314346a-6de6-4e85-8ded-1c2b65dff875","status":"pending","total_attempts":0,"next_retry_at":null,"last_error":null,"created_at":"2026-04-24T05:42:51.562316Z","updated_at":"2026-04-24T05:42:51.562317Z","endpoint_id":"39f61d7a-03b1-4348-9562-525ea77e7b98","endpoint_name":"Built-in receiver endpoint","endpoint_target_url":"http://backend:8000/test-webhooks/26d9954e-a6f0-42c7-b462-712dba422c71","event_id":"48a9dbef-cf54-4220-8c49-5e2183adb3f9","event_type":"test.rate.limit"},{"id":"8962646d-03a9-467e-ab7a-767e1e5ff2cb","status":"pending","total_attempts":0,"next_retry_at":null,"last_error":null,"created_at":"2026-04-24T05:42:51.564911Z","updated_at":"2026-04-24T05:42:51.564912Z","endpoint_id":"a64ae9fb-09e9-49b9-bd46-269c84266178","endpoint_name":"fresh-debug-endpoint","endpoint_target_url":"http://backend:8000/test-webhooks/7042e8ef-7fce-49c9-ab0a-c16c05525e3a","event_id":"48a9dbef-cf54-4220-8c49-5e2183adb3f9","event_type":"test.rate.limit"},{"id":"2ee4ec84-2893-455e-a9e0-89c357500a99","status":"succeeded","total_attempts":1,"next_retry_at":null,"last_error":null,"created_at":"2026-04-24T05:01:22.095583Z","updated_at":"2026-04-24T05:01:32.109584Z","endpoint_id":"4884d8c7-abfb-49cf-a00b-95aaa7724c74","endpoint_name":"built-in-test-receiver","endpoint_target_url":"http://backend:8000/test-webhooks/43aed16a-17e6-4e29-b0c7-3a7d162775b4","event_id":"a1ad1671-b9eb-45fc-b6be-30a82e94feb0","event_type":"load.test"},{"id":"132b0343-fe4c-4997-8810-d1c97189024b","status":"succeeded","total_attempts":1,"next_retry_at":null,"last_error":null,"created_at":"2026-04-24T05:01:22.181348Z","updated_at":"2026-04-24T05:01:40.026148Z","endpoint_id":"a64ae9fb-09e9-49b9-bd46-269c84266178","endpoint_name":"fresh-debug-endpoint","endpoint_target_url":"http://backend:8000/test-webhooks/7042e8ef-7fce-49c9-ab0a-c16c05525e3a","event_id":"4fd01cc8-1fbf-4f77-84fd-f9dd3ce0e3eb","event_type":"load.test"},{"id":"db26217c-22c3-49a9-a58b-c7a75a435aeb","status":"pending","total_attempts":0,"next_retry_at":null,"last_error":null,"created_at":"2026-04-24T05:42:51.565320Z","updated_at":"2026-04-24T05:42:51.565321Z","endpoint_id":"eabedf55-9e53-475f-b6e9-837a3593dc52","endpoint_name":"UI debug endpoint","endpoint_target_url":"http://backend:8000/test-webhooks/e3fb4cd6-bed2-4966-bff3-ea87ae2929fb","event_id":"48a9dbef-cf54-4220-8c49-5e2183adb3f9","event_type":"test.rate.limit"},{"id":"6585c4e9-e4d3-4bd5-97ef-0bcc4e670e73","status":"succeeded","total_attempts":1,"next_retry_at":null,"last_error":null,"created_at":"2026-04-24T05:01:22.185187Z","updated_at":"2026-04-24T05:01:40.527719Z","endpoint_id":"eabedf55-9e53-475f-b6e9-837a3593dc52","endpoint_name":"UI debug endpoint","endpoint_target_url":"http://backend:8000/test-webhooks/e3fb4cd6-bed2-4966-bff3-ea87ae2929fb","event_id":"4fd01cc8-1fbf-4f77-84fd-f9dd3ce0e3eb","event_type":"load.test"},{"id":"b81fbfe5-0c26-4340-a7d0-2f5e0c986c46","status":"pending","total_attempts":0,"next_retry_at":null,"last_error":null,"created_at":"2026-04-24T05:42:51.565710Z","updated_at":"2026-04-24T05:42:51.565711Z","endpoint_id":"5cd890e0-eba3-4707-bd64-65ea65089a73","endpoint_name":"UI debug endpoint 2","endpoint_target_url":"http://backend:8000/test-webhooks/e3fb4cd6-bed2-4966-bff3-ea87ae2929fb","event_id":"48a9dbef-cf54-4220-8c49-5e2183adb3f9","event_type":"test.rate.limit"},{"id":"f4591323-33ec-4f3f-80b1-b52b5de90fee","status":"succeeded","total_attempts":1,"next_retry_at":null,"last_error":null,"created_at":"2026-04-24T05:01:22.186242Z","updated_at":"2026-04-24T05:01:40.874906Z","endpoint_id":"5cd890e0-eba3-4707-bd64-65ea65089a73","endpoint_name":"UI debug endpoint 2","endpoint_target_url":"http://backend:8000/test-webhooks/e3fb4cd6-bed2-4966-bff3-ea87ae2929fb","event_id":"4fd01cc8-1fbf-4f77-84fd-f9dd3ce0e3eb","event_type":"load.test"},{"id":"da0ff054-42c9-4f87-884e-64e1e8abedbe","status":"pending","total_attempts":0,"next_retry_at":null,"last_error":null,"created_at":"2026-04-24T05:42:51.566159Z","updated_at":"2026-04-24T05:42:51.566160Z","endpoint_id":"4884d8c7-abfb-49cf-a00b-95aaa7724c74","endpoint_name":"built-in-test-receiver","endpoint_target_url":"http://backend:8000/test-webhooks/43aed16a-17e6-4e29-b0c7-3a7d162775b4","event_id":"48a9dbef-cf54-4220-8c49-5e2183adb3f9","event_type":"test.rate.limit"},{"id":"c8a0db8e-eed2-4dbd-b3a4-1f8ec901597d","status":"succeeded","total_attempts":1,"next_retry_at":null,"last_error":null,"created_at":"2026-04-24T05:01:22.188914Z","updated_at":"2026-04-24T05:01:41.144078Z","endpoint_id":"4884d8c7-abfb-49cf-a00b-95aaa7724c74","endpoint_name":"built-in-test-receiver","endpoint_target_url":"http://backend:8000/test-webhooks/43aed16a-17e6-4e29-b0c7-3a7d162775b4","event_id":"4fd01cc8-1fbf-4f77-84fd-f9dd3ce0e3eb","event_type":"load.test"},{"id":"54bd3c99-7115-4d6e-b36b-829c63da45fb","status":"pending","total_attempts":0,"next_retry_at":null,"last_error":null,"created_at":"2026-04-24T05:42:51.566494Z","updated_at":"2026-04-24T05:42:51.566495Z","endpoint_id":"8e9d3218-546a-4d60-a0a2-d8a2d07d8cdf","endpoint_name":"rate-limited","endpoint_target_url":"http://backend:8000/test-webhooks/43aed16a-17e6-4e29-b0c7-3a7d162775b4","event_id":"48a9dbef-cf54-4220-8c49-5e2183adb3f9","event_type":"test.rate.limit"},{"id":"971568f6-054d-4756-a78a-d2045c53e9c0","status":"succeeded","total_attempts":1,"next_retry_at":null,"last_error":null,"created_at":"2026-04-24T05:01:22.267812Z","updated_at":"2026-04-24T05:01:45.505784Z","endpoint_id":"39f61d7a-03b1-4348-9562-525ea77e7b98","endpoint_name":"Built-in receiver endpoint","endpoint_target_url":"http://backend:8000/test-webhooks/26d9954e-a6f0-42c7-b462-712dba422c71","event_id":"c81b1630-9499-4e2a-b8bc-0a2108472794","event_type":"load.test"},{"id":"dfed5d9c-28c2-45a5-ba25-39574ecb1ab5","status":"pending","total_attempts":0,"next_retry_at":null,"last_error":null,"created_at":"2026-04-24T05:43:21.594191Z","updated_at":"2026-04-24T05:43:21.594193Z","endpoint_id":"39f61d7a-03b1-4348-9562-525ea77e7b98","endpoint_name":"Built-in receiver endpoint","endpoint_target_url":"http://backend:8000/test-webhooks/26d9954e-a6f0-42c7-b462-712dba422c71","event_id":"2e7e57ec-103c-4f80-a503-50ec66b758bd","event_type":"test.rate.limit"},{"id":"3c93e008-de59-47f9-825c-2faab5618431","status":"succeeded","total_attempts":1,"next_retry_at":null,"last_error":null,"created_at":"2026-04-24T05:01:22.268797Z","updated_at":"2026-04-24T05:01:45.848265Z","endpoint_id":"a64ae9fb-09e9-49b9-bd46-269c84266178","endpoint_name":"fresh-debug-endpoint","endpoint_target_url":"http://backend:8000/test-webhooks/7042e8ef-7fce-49c9-ab0a-c16c05525e3a","event_id":"c81b1630-9499-4e2a-b8bc-0a2108472794","event_type":"load.test"},{"id":"c32f48ff-06e5-4e38-b7c5-1449c0120bce","status":"pending","total_attempts":0,"next_retry_at":null,"last_error":null,"created_at":"2026-04-24T05:43:21.595167Z","updated_at":"2026-04-24T05:43:21.595169Z","endpoint_id":"a64ae9fb-09e9-49b9-bd46-269c84266178","endpoint_name":"fresh-debug-endpoint","endpoint_target_url":"http://backend:8000/test-webhooks/7042e8ef-7fce-49c9-ab0a-c16c05525e3a","event_id":"2e7e57ec-103c-4f80-a503-50ec66b758bd","event_type":"test.rate.limit"},{"id":"2457a859-7ceb-49c1-a2e1-ae0b9b0b5aac","status":"succeeded","total_attempts":1,"next_retry_at":null,"last_error":null,"created_at":"2026-04-24T05:01:22.271142Z","updated_at":"2026-04-24T05:01:45.861125Z","endpoint_id":"eabedf55-9e53-475f-b6e9-837a3593dc52","endpoint_name":"UI debug endpoint","endpoint_target_url":"http://backend:8000/test-webhooks/e3fb4cd6-bed2-4966-bff3-ea87ae2929fb","event_id":"c81b1630-9499-4e2a-b8bc-0a2108472794","event_type":"load.test"},{"id":"d9697dc6-7436-4ea8-9243-d39da3282e38","status":"pending","total_attempts":0,"next_retry_at":null,"last_error":null,"created_at":"2026-04-24T05:43:21.595611Z","updated_at":"2026-04-24T05:43:21.595611Z","endpoint_id":"eabedf55-9e53-475f-b6e9-837a3593dc52","endpoint_name":"UI debug endpoint","endpoint_target_url":"http://backend:8000/test-webhooks/e3fb4cd6-bed2-4966-bff3-ea87ae2929fb","event_id":"2e7e57ec-103c-4f80-a503-50ec66b758bd","event_type":"test.rate.limit"},{"id":"92b93325-56fc-45d6-a621-6fb999f901fd","status":"pending","total_attempts":0,"next_retry_at":null,"last_error":null,"created_at":"2026-04-24T05:43:21.595936Z","updated_at":"2026-04-24T05:43:21.595937Z","endpoint_id":"5cd890e0-eba3-4707-bd64-65ea65089a73","endpoint_name":"UI debug endpoint 2","endpoint_target_url":"http://backend:8000/test-webhooks/e3fb4cd6-bed2-4966-bff3-ea87ae2929fb","event_id":"2e7e57ec-103c-4f80-a503-50ec66b758bd","event_type":"test.rate.limit"},{"id":"d876690c-56ee-4e63-b8e4-bfe13df46553","status":"pending","total_attempts":0,"next_retry_at":null,"last_error":null,"created_at":"2026-04-24T05:43:21.596481Z","updated_at":"2026-04-24T05:43:21.596482Z","endpoint_id":"4884d8c7-abfb-49cf-a00b-95aaa7724c74","endpoint_name":"built-in-test-receiver","endpoint_target_url":"http://backend:8000/test-webhooks/43aed16a-17e6-4e29-b0c7-3a7d162775b4","event_id":"2e7e57ec-103c-4f80-a503-50ec66b758bd","event_type":"test.rate.limit"},{"id":"8d0a176b-d877-4251-bfde-45ac78b4046d","status":"succeeded","total_attempts":1,"next_retry_at":null,"last_error":null,"created_at":"2026-04-24T05:01:22.278010Z","updated_at":"2026-04-24T05:01:46.475596Z","endpoint_id":"4884d8c7-abfb-49cf-a00b-95aaa7724c74","endpoint_name":"built-in-test-receiver","endpoint_target_url":"http://backend:8000/test-webhooks/43aed16a-17e6-4e29-b0c7-3a7d162775b4","event_id":"c81b1630-9499-4e2a-b8bc-0a2108472794","event_type":"load.test"},{"id":"d9ef0fa8-6454-4587-8170-426d3931e687","status":"pending","total_attempts":0,"next_retry_at":null,"last_error":null,"created_at":"2026-04-24T05:43:21.596868Z","updated_at":"2026-04-24T05:43:21.596869Z","endpoint_id":"8e9d3218-546a-4d60-a0a2-d8a2d07d8cdf","endpoint_name":"rate-limited","endpoint_target_url":"http://backend:8000/test-webhooks/43aed16a-17e6-4e29-b0c7-3a7d162775b4","event_id":"2e7e57ec-103c-4f80-a503-50ec66b758bd","event_type":"test.rate.limit"},{"id":"b7fa2913-4c6d-4785-9332-fd83283b6809","status":"succeeded","total_attempts":2,"next_retry_at":null,"last_error":null,"created_at":"2026-04-24T05:01:22.011195Z","updated_at":"2026-04-24T05:02:17.795494Z","endpoint_id":"5cd890e0-eba3-4707-bd64-65ea65089a73","endpoint_name":"UI debug endpoint 2","endpoint_target_url":"http://backend:8000/test-webhooks/e3fb4cd6-bed2-4966-bff3-ea87ae2929fb","event_id":"8b2349ea-ba39-4779-a3fb-e9fd37d53e74","event_type":"load.test"},{"id":"6daa6cc9-5b56-46b6-af38-36f433f83e34","status":"succeeded","total_attempts":1,"next_retry_at":null,"last_error":null,"created_at":"2026-04-24T05:01:22.032219Z","updated_at":"2026-04-24T05:01:27.908434Z","endpoint_id":"39f61d7a-03b1-4348-9562-525ea77e7b98","endpoint_name":"Built-in receiver endpoint","endpoint_target_url":"http://backend:8000/test-webhooks/26d9954e-a6f0-42c7-b462-712dba422c71","event_id":"ce192c6d-04d6-45b1-a08f-6f7c45d28d89","event_type":"load.test"},{"id":"96fd75d6-33e3-47bb-b802-d5174ab6f0cf","status":"succeeded","total_attempts":1,"next_retry_at":null,"last_error":null,"created_at":"2026-04-24T05:01:22.122341Z","updated_at":"2026-04-24T05:01:33.694705Z","endpoint_id":"eabedf55-9e53-475f-b6e9-837a3593dc52","endpoint_name":"UI debug endpoint","endpoint_target_url":"http://backend:8000/test-webhooks/e3fb4cd6-bed2-4966-bff3-ea87ae2929fb","event_id":"c49dc0fc-edca-4f3f-b597-f78a39db9399","event_type":"load.test"},{"id":"0248c80a-cb7b-40c4-b83d-56d6dfb906bf","status":"succeeded","total_attempts":1,"next_retry_at":null,"last_error":null,"created_at":"2026-04-24T05:01:22.041245Z","updated_at":"2026-04-24T05:01:28.448889Z","endpoint_id":"a64ae9fb-09e9-49b9-bd46-269c84266178","endpoint_name":"fresh-debug-endpoint","endpoint_target_url":"http://backend:8000/test-webhooks/7042e8ef-7fce-49c9-ab0a-c16c05525e3a","event_id":"ce192c6d-04d6-45b1-a08f-6f7c45d28d89","event_type":"load.test"},{"id":"06eae56d-b1e0-4cc6-918a-bbf4d9f45cd6","status":"failed","total_attempts":3,"next_retry_at":null,"last_error":"http_5xx: 503","created_at":"2026-04-24T05:01:22.046744Z","updated_at":"2026-04-24T05:04:21.839613Z","endpoint_id":"5cd890e0-eba3-4707-bd64-65ea65089a73","endpoint_name":"UI debug endpoint 2","endpoint_target_url":"http://backend:8000/test-webhooks/e3fb4cd6-bed2-4966-bff3-ea87ae2929fb","event_id":"ce192c6d-04d6-45b1-a08f-6f7c45d28d89","event_type":"load.test"},{"id":"b1d955e4-4ba8-45cd-bcd9-c302b6baf508","status":"succeeded","total_attempts":1,"next_retry_at":null,"last_error":null,"created_at":"2026-04-24T05:01:22.044160Z","updated_at":"2026-04-24T05:01:28.842829Z","endpoint_id":"eabedf55-9e53-475f-b6e9-837a3593dc52","endpoint_name":"UI debug endpoint","endpoint_target_url":"http://backend:8000/test-webhooks/e3fb4cd6-bed2-4966-bff3-ea87ae2929fb","event_id":"ce192c6d-04d6-45b1-a08f-6f7c45d28d89","event_type":"load.test"},{"id":"242710d7-4425-4fef-871f-78628b9ac14e","status":"succeeded","total_attempts":3,"next_retry_at":null,"last_error":null,"created_at":"2026-04-24T05:01:22.087594Z","updated_at":"2026-04-24T05:04:22.519046Z","endpoint_id":"5cd890e0-eba3-4707-bd64-65ea65089a73","endpoint_name":"UI debug endpoint 2","endpoint_target_url":"http://backend:8000/test-webhooks/e3fb4cd6-bed2-4966-bff3-ea87ae2929fb","event_id":"3bd3ae5f-ef3b-489a-a6f9-9f5f6dad4a4a","event_type":"load.test"},{"id":"127517a5-ab73-4b0a-803d-815d1d9f08ee","status":"succeeded","total_attempts":1,"next_retry_at":null,"last_error":null,"created_at":"2026-04-24T05:01:22.048990Z","updated_at":"2026-04-24T05:01:29.321495Z","endpoint_id":"4884d8c7-abfb-49cf-a00b-95aaa7724c74","endpoint_name":"built-in-test-receiver","endpoint_target_url":"http://backend:8000/test-webhooks/43aed16a-17e6-4e29-b0c7-3a7d162775b4","event_id":"ce192c6d-04d6-45b1-a08f-6f7c45d28d89","event_type":"load.test"},{"id":"899343ac-8081-4063-b82c-7c84aeb03516","status":"succeeded","total_attempts":1,"next_retry_at":null,"last_error":null,"created_at":"2026-04-24T05:01:22.133409Z","updated_at":"2026-04-24T05:01:34.155321Z","endpoint_id":"4884d8c7-abfb-49cf-a00b-95aaa7724c74","endpoint_name":"built-in-test-receiver","endpoint_target_url":"http://backend:8000/test-webhooks/43aed16a-17e6-4e29-b0c7-3a7d162775b4","event_id":"c49dc0fc-edca-4f3f-b597-f78a39db9399","event_type":"load.test"},{"id":"7197683c-0155-4821-9993-2d389bf4ddfb","status":"succeeded","total_attempts":1,"next_retry_at":null,"last_error":null,"created_at":"2026-04-24T05:01:22.081191Z","updated_at":"2026-04-24T05:01:31.122346Z","endpoint_id":"39f61d7a-03b1-4348-9562-525ea77e7b98","endpoint_name":"Built-in receiver endpoint","endpoint_target_url":"http://backend:8000/test-webhooks/26d9954e-a6f0-42c7-b462-712dba422c71","event_id":"3bd3ae5f-ef3b-489a-a6f9-9f5f6dad4a4a","event_type":"load.test"},{"id":"70a40bef-b8bf-4eee-b23d-a150ae21c76f","status":"failed","total_attempts":3,"next_retry_at":null,"last_error":"http_5xx: 503","created_at":"2026-04-24T05:01:22.126833Z","updated_at":"2026-04-24T05:04:22.875207Z","endpoint_id":"5cd890e0-eba3-4707-bd64-65ea65089a73","endpoint_name":"UI debug endpoint 2","endpoint_target_url":"http://backend:8000/test-webhooks/e3fb4cd6-bed2-4966-bff3-ea87ae2929fb","event_id":"c49dc0fc-edca-4f3f-b597-f78a39db9399","event_type":"load.test"},{"id":"8038db8b-05a7-463e-9644-eaf757f97a89","status":"succeeded","total_attempts":1,"next_retry_at":null,"last_error":null,"created_at":"2026-04-24T05:01:22.085527Z","updated_at":"2026-04-24T05:01:31.190661Z","endpoint_id":"a64ae9fb-09e9-49b9-bd46-269c84266178","endpoint_name":"fresh-debug-endpoint","endpoint_target_url":"http://backend:8000/test-webhooks/7042e8ef-7fce-49c9-ab0a-c16c05525e3a","event_id":"3bd3ae5f-ef3b-489a-a6f9-9f5f6dad4a4a","event_type":"load.test"},{"id":"6c572f4f-35bf-4824-a108-370fd9714837","status":"succeeded","total_attempts":1,"next_retry_at":null,"last_error":null,"created_at":"2026-04-24T05:01:22.086298Z","updated_at":"2026-04-24T05:01:31.203733Z","endpoint_id":"eabedf55-9e53-475f-b6e9-837a3593dc52","endpoint_name":"UI debug endpoint","endpoint_target_url":"http://backend:8000/test-webhooks/e3fb4cd6-bed2-4966-bff3-ea87ae2929fb","event_id":"3bd3ae5f-ef3b-489a-a6f9-9f5f6dad4a4a","event_type":"load.test"},{"id":"5adbf958-8bdc-4224-83c1-a6fd41e563bb","status":"pending","total_attempts":0,"next_retry_at":null,"last_error":null,"created_at":"2026-04-24T05:42:51.587043Z","updated_at":"2026-04-24T05:42:51.587045Z","endpoint_id":"39f61d7a-03b1-4348-9562-525ea77e7b98","endpoint_name":"Built-in receiver endpoint","endpoint_target_url":"http://backend:8000/test-webhooks/26d9954e-a6f0-42c7-b462-712dba422c71","event_id":"c5aead5c-cbd1-4ffc-b8bf-ebf34a74f14b","event_type":"test.rate.limit"},{"id":"4f5fd0c2-721e-44de-8c54-fe7585827d9d","status":"pending","total_attempts":0,"next_retry_at":null,"last_error":null,"created_at":"2026-04-24T05:42:51.590267Z","updated_at":"2026-04-24T05:42:51.590270Z","endpoint_id":"a64ae9fb-09e9-49b9-bd46-269c84266178","endpoint_name":"fresh-debug-endpoint","endpoint_target_url":"http://backend:8000/test-webhooks/7042e8ef-7fce-49c9-ab0a-c16c05525e3a","event_id":"c5aead5c-cbd1-4ffc-b8bf-ebf34a74f14b","event_type":"test.rate.limit"},{"id":"a5839715-1a3b-43b1-936b-64cae39ee9ee","status":"succeeded","total_attempts":1,"next_retry_at":null,"last_error":null,"created_at":"2026-04-24T05:01:22.089485Z","updated_at":"2026-04-24T05:01:31.646513Z","endpoint_id":"4884d8c7-abfb-49cf-a00b-95aaa7724c74","endpoint_name":"built-in-test-receiver","endpoint_target_url":"http://backend:8000/test-webhooks/43aed16a-17e6-4e29-b0c7-3a7d162775b4","event_id":"3bd3ae5f-ef3b-489a-a6f9-9f5f6dad4a4a","event_type":"load.test"},{"id":"c3d56784-a904-497f-8077-4b01eba0c6cd","status":"pending","total_attempts":0,"next_retry_at":null,"last_error":null,"created_at":"2026-04-24T05:42:51.590890Z","updated_at":"2026-04-24T05:42:51.590891Z","endpoint_id":"eabedf55-9e53-475f-b6e9-837a3593dc52","endpoint_name":"UI debug endpoint","endpoint_target_url":"http://backend:8000/test-webhooks/e3fb4cd6-bed2-4966-bff3-ea87ae2929fb","event_id":"c5aead5c-cbd1-4ffc-b8bf-ebf34a74f14b","event_type":"test.rate.limit"},{"id":"21606a00-2591-4d94-89d6-8ce4ac5aa4f1","status":"succeeded","total_attempts":1,"next_retry_at":null,"last_error":null,"created_at":"2026-04-24T05:01:22.118296Z","updated_at":"2026-04-24T05:01:33.281995Z","endpoint_id":"39f61d7a-03b1-4348-9562-525ea77e7b98","endpoint_name":"Built-in receiver endpoint","endpoint_target_url":"http://backend:8000/test-webhooks/26d9954e-a6f0-42c7-b462-712dba422c71","event_id":"c49dc0fc-edca-4f3f-b597-f78a39db9399","event_type":"load.test"},{"id":"ebbfd79c-ab77-4e5f-a96a-2cad74d36ffa","status":"succeeded","total_attempts":1,"next_retry_at":null,"last_error":null,"created_at":"2026-04-24T05:01:22.121352Z","updated_at":"2026-04-24T05:01:33.303956Z","endpoint_id":"a64ae9fb-09e9-49b9-bd46-269c84266178","endpoint_name":"fresh-debug-endpoint","endpoint_target_url":"http://backend:8000/test-webhooks/7042e8ef-7fce-49c9-ab0a-c16c05525e3a","event_id":"c49dc0fc-edca-4f3f-b597-f78a39db9399","event_type":"load.test"},{"id":"83879d9c-f1e6-4c5c-adb8-e5a4b07adc78","status":"pending","total_attempts":0,"next_retry_at":null,"last_error":null,"created_at":"2026-04-24T05:42:51.591265Z","updated_at":"2026-04-24T05:42:51.591266Z","endpoint_id":"5cd890e0-eba3-4707-bd64-65ea65089a73","endpoint_name":"UI debug endpoint 2","endpoint_target_url":"http://backend:8000/test-webhooks/e3fb4cd6-bed2-4966-bff3-ea87ae2929fb","event_id":"c5aead5c-cbd1-4ffc-b8bf-ebf34a74f14b","event_type":"test.rate.limit"},{"id":"1ea48903-d2f1-44f6-b4ff-25bba50f9e6c","status":"pending","total_attempts":0,"next_retry_at":null,"last_error":null,"created_at":"2026-04-24T05:42:51.591659Z","updated_at":"2026-04-24T05:42:51.591660Z","endpoint_id":"4884d8c7-abfb-49cf-a00b-95aaa7724c74","endpoint_name":"built-in-test-receiver","endpoint_target_url":"http://backend:8000/test-webhooks/43aed16a-17e6-4e29-b0c7-3a7d162775b4","event_id":"c5aead5c-cbd1-4ffc-b8bf-ebf34a74f14b","event_type":"test.rate.limit"},{"id":"d474c38b-f930-4c05-b8a3-2ad11ed54e61","status":"pending","total_attempts":0,"next_retry_at":null,"last_error":null,"created_at":"2026-04-24T05:42:51.592034Z","updated_at":"2026-04-24T05:42:51.592035Z","endpoint_id":"8e9d3218-546a-4d60-a0a2-d8a2d07d8cdf","endpoint_name":"rate-limited","endpoint_target_url":"http://backend:8000/test-webhooks/43aed16a-17e6-4e29-b0c7-3a7d162775b4","event_id":"c5aead5c-cbd1-4ffc-b8bf-ebf34a74f14b","event_type":"test.rate.limit"},{"id":"54a2b212-2577-4cfb-8561-44e4a80532c1","status":"pending","total_attempts":0,"next_retry_at":null,"last_error":null,"created_at":"2026-04-24T05:43:21.614160Z","updated_at":"2026-04-24T05:43:21.614161Z","endpoint_id":"39f61d7a-03b1-4348-9562-525ea77e7b98","endpoint_name":"Built-in receiver endpoint","endpoint_target_url":"http://backend:8000/test-webhooks/26d9954e-a6f0-42c7-b462-712dba422c71","event_id":"24f3ae2d-425f-42a7-b309-4f7518eac137","event_type":"test.rate.limit"},{"id":"7bede9fb-77e9-449e-8c2c-6f09230fedcb","status":"pending","total_attempts":0,"next_retry_at":null,"last_error":null,"created_at":"2026-04-24T05:43:21.614833Z","updated_at":"2026-04-24T05:43:21.614834Z","endpoint_id":"a64ae9fb-09e9-49b9-bd46-269c84266178","endpoint_name":"fresh-debug-endpoint","endpoint_target_url":"http://backend:8000/test-webhooks/7042e8ef-7fce-49c9-ab0a-c16c05525e3a","event_id":"24f3ae2d-425f-42a7-b309-4f7518eac137","event_type":"test.rate.limit"},{"id":"15ee9ee5-f31a-4afd-8739-8e8735661830","status":"pending","total_attempts":0,"next_retry_at":null,"last_error":null,"created_at":"2026-04-24T05:43:21.615255Z","updated_at":"2026-04-24T05:43:21.615256Z","endpoint_id":"eabedf55-9e53-475f-b6e9-837a3593dc52","endpoint_name":"UI debug endpoint","endpoint_target_url":"http://backend:8000/test-webhooks/e3fb4cd6-bed2-4966-bff3-ea87ae2929fb","event_id":"24f3ae2d-425f-42a7-b309-4f7518eac137","event_type":"test.rate.limit"},{"id":"d5b04acf-e0e9-4748-af4a-ecbb157a3d1c","status":"pending","total_attempts":0,"next_retry_at":null,"last_error":null,"created_at":"2026-04-24T05:43:21.615567Z","updated_at":"2026-04-24T05:43:21.615567Z","endpoint_id":"5cd890e0-eba3-4707-bd64-65ea65089a73","endpoint_name":"UI debug endpoint 2","endpoint_target_url":"http://backend:8000/test-webhooks/e3fb4cd6-bed2-4966-bff3-ea87ae2929fb","event_id":"24f3ae2d-425f-42a7-b309-4f7518eac137","event_type":"test.rate.limit"},{"id":"3032e748-b918-439c-a9bc-12c8c7226f95","status":"pending","total_attempts":0,"next_retry_at":null,"last_error":null,"created_at":"2026-04-24T05:43:21.615856Z","updated_at":"2026-04-24T05:43:21.615857Z","endpoint_id":"4884d8c7-abfb-49cf-a00b-95aaa7724c74","endpoint_name":"built-in-test-receiver","endpoint_target_url":"http://backend:8000/test-webhooks/43aed16a-17e6-4e29-b0c7-3a7d162775b4","event_id":"24f3ae2d-425f-42a7-b309-4f7518eac137","event_type":"test.rate.limit"},{"id":"78f1403f-3087-4b45-bcec-e53a67f03819","status":"pending","total_attempts":0,"next_retry_at":null,"last_error":null,"created_at":"2026-04-24T05:43:21.616106Z","updated_at":"2026-04-24T05:43:21.616107Z","endpoint_id":"8e9d3218-546a-4d60-a0a2-d8a2d07d8cdf","endpoint_name":"rate-limited","endpoint_target_url":"http://backend:8000/test-webhooks/43aed16a-17e6-4e29-b0c7-3a7d162775b4","event_id":"24f3ae2d-425f-42a7-b309-4f7518eac137","event_type":"test.rate.limit"},{"id":"971ac1c2-6320-47b9-a2b1-a92d1e90b74b","status":"succeeded","total_attempts":1,"next_retry_at":null,"last_error":null,"created_at":"2026-04-24T05:01:22.035856Z","updated_at":"2026-04-24T05:01:27.892938Z","endpoint_id":"39f61d7a-03b1-4348-9562-525ea77e7b98","endpoint_name":"Built-in receiver endpoint","endpoint_target_url":"http://backend:8000/test-webhooks/26d9954e-a6f0-42c7-b462-712dba422c71","event_id":"8a00f438-e1a6-4e3c-a2c0-2472a55cff1d","event_type":"load.test"},{"id":"3cd7cad2-526a-421b-969c-2d6c1b5753c0","status":"succeeded","total_attempts":1,"next_retry_at":null,"last_error":null,"created_at":"2026-04-24T05:01:22.134019Z","updated_at":"2026-04-24T05:01:36.100053Z","endpoint_id":"39f61d7a-03b1-4348-9562-525ea77e7b98","endpoint_name":"Built-in receiver endpoint","endpoint_target_url":"http://backend:8000/test-webhooks/26d9954e-a6f0-42c7-b462-712dba422c71","event_id":"10d64903-f635-4a60-9d82-0c19361f95c6","event_type":"load.test"},{"id":"af05a784-e0f6-4561-b5a8-87c42bc66d9e","status":"succeeded","total_attempts":1,"next_retry_at":null,"last_error":null,"created_at":"2026-04-24T05:01:22.037257Z","updated_at":"2026-04-24T05:01:28.281152Z","endpoint_id":"a64ae9fb-09e9-49b9-bd46-269c84266178","endpoint_name":"fresh-debug-endpoint","endpoint_target_url":"http://backend:8000/test-webhooks/7042e8ef-7fce-49c9-ab0a-c16c05525e3a","event_id":"8a00f438-e1a6-4e3c-a2c0-2472a55cff1d","event_type":"load.test"},{"id":"2c6b5405-ced5-4581-bbe3-c939121314c1","status":"succeeded","total_attempts":3,"next_retry_at":null,"last_error":null,"created_at":"2026-04-24T05:01:22.192781Z","updated_at":"2026-04-24T05:04:24.601017Z","endpoint_id":"5cd890e0-eba3-4707-bd64-65ea65089a73","endpoint_name":"UI debug endpoint 2","endpoint_target_url":"http://backend:8000/test-webhooks/e3fb4cd6-bed2-4966-bff3-ea87ae2929fb","event_id":"ec6bfc1b-5290-4777-89f5-75d42c6d4b1a","event_type":"load.test"},{"id":"b36ca1a0-f0f9-4213-841b-a2f5d3042486","status":"succeeded","total_attempts":1,"next_retry_at":null,"last_error":null,"created_at":"2026-04-24T05:01:22.042062Z","updated_at":"2026-04-24T05:01:28.433826Z","endpoint_id":"eabedf55-9e53-475f-b6e9-837a3593dc52","endpoint_name":"UI debug endpoint","endpoint_target_url":"http://backend:8000/test-webhooks/e3fb4cd6-bed2-4966-bff3-ea87ae2929fb","event_id":"8a00f438-e1a6-4e3c-a2c0-2472a55cff1d","event_type":"load.test"},{"id":"362d45f3-76b6-418e-96a4-cb260c2dbc59","status":"succeeded","total_attempts":1,"next_retry_at":null,"last_error":null,"created_at":"2026-04-24T05:01:22.136196Z","updated_at":"2026-04-24T05:01:36.140820Z","endpoint_id":"a64ae9fb-09e9-49b9-bd46-269c84266178","endpoint_name":"fresh-debug-endpoint","endpoint_target_url":"http://backend:8000/test-webhooks/7042e8ef-7fce-49c9-ab0a-c16c05525e3a","event_id":"10d64903-f635-4a60-9d82-0c19361f95c6","event_type":"load.test"},{"id":"71061133-bf2a-464a-856c-fd22a5cab2e5","status":"succeeded","total_attempts":1,"next_retry_at":null,"last_error":null,"created_at":"2026-04-24T05:01:22.045665Z","updated_at":"2026-04-24T05:01:28.771765Z","endpoint_id":"5cd890e0-eba3-4707-bd64-65ea65089a73","endpoint_name":"UI debug endpoint 2","endpoint_target_url":"http://backend:8000/test-webhooks/e3fb4cd6-bed2-4966-bff3-ea87ae2929fb","event_id":"8a00f438-e1a6-4e3c-a2c0-2472a55cff1d","event_type":"load.test"},{"id":"6ad180cf-8600-468f-9225-879616b1c29c","status":"succeeded","total_attempts":1,"next_retry_at":null,"last_error":null,"created_at":"2026-04-24T05:01:22.048606Z","updated_at":"2026-04-24T05:01:29.458971Z","endpoint_id":"4884d8c7-abfb-49cf-a00b-95aaa7724c74","endpoint_name":"built-in-test-receiver","endpoint_target_url":"http://backend:8000/test-webhooks/43aed16a-17e6-4e29-b0c7-3a7d162775b4","event_id":"8a00f438-e1a6-4e3c-a2c0-2472a55cff1d","event_type":"load.test"},{"id":"707e9997-7ecc-4ac2-a166-e08ec9d895dc","status":"succeeded","total_attempts":1,"next_retry_at":null,"last_error":null,"created_at":"2026-04-24T05:01:22.136952Z","updated_at":"2026-04-24T05:01:36.175011Z","endpoint_id":"eabedf55-9e53-475f-b6e9-837a3593dc52","endpoint_name":"UI debug endpoint","endpoint_target_url":"http://backend:8000/test-webhooks/e3fb4cd6-bed2-4966-bff3-ea87ae2929fb","event_id":"10d64903-f635-4a60-9d82-0c19361f95c6","event_type":"load.test"},{"id":"0d0d94a9-4078-4b03-a3f2-c898c42be957","status":"succeeded","total_attempts":1,"next_retry_at":null,"last_error":null,"created_at":"2026-04-24T05:01:22.090700Z","updated_at":"2026-04-24T05:01:32.137402Z","endpoint_id":"39f61d7a-03b1-4348-9562-525ea77e7b98","endpoint_name":"Built-in receiver endpoint","endpoint_target_url":"http://backend:8000/test-webhooks/26d9954e-a6f0-42c7-b462-712dba422c71","event_id":"b6347688-e04c-48e3-abb8-998f229480b5","event_type":"load.test"},{"id":"122c26f7-dd70-47f8-b0c0-2c1b83a2ff88","status":"succeeded","total_attempts":3,"next_retry_at":null,"last_error":null,"created_at":"2026-04-24T05:01:22.339167Z","updated_at":"2026-04-24T05:04:28.299918Z","endpoint_id":"5cd890e0-eba3-4707-bd64-65ea65089a73","endpoint_name":"UI debug endpoint 2","endpoint_target_url":"http://backend:8000/test-webhooks/e3fb4cd6-bed2-4966-bff3-ea87ae2929fb","event_id":"d858e6cd-d40b-4441-9793-54693e212845","event_type":"load.test"},{"id":"a02967ee-d6d3-4910-8981-9a3578017f3c","status":"succeeded","total_attempts":1,"next_retry_at":null,"last_error":null,"created_at":"2026-04-24T05:01:22.093752Z","updated_at":"2026-04-24T05:01:32.156361Z","endpoint_id":"a64ae9fb-09e9-49b9-bd46-269c84266178","endpoint_name":"fresh-debug-endpoint","endpoint_target_url":"http://backend:8000/test-webhooks/7042e8ef-7fce-49c9-ab0a-c16c05525e3a","event_id":"b6347688-e04c-48e3-abb8-998f229480b5","event_type":"load.test"},{"id":"34038f7a-4ba1-4859-830c-66b2209549a4","status":"succeeded","total_attempts":1,"next_retry_at":null,"last_error":null,"created_at":"2026-04-24T05:01:22.138901Z","updated_at":"2026-04-24T05:01:36.525174Z","endpoint_id":"5cd890e0-eba3-4707-bd64-65ea65089a73","endpoint_name":"UI debug endpoint 2","endpoint_target_url":"http://backend:8000/test-webhooks/e3fb4cd6-bed2-4966-bff3-ea87ae2929fb","event_id":"10d64903-f635-4a60-9d82-0c19361f95c6","event_type":"load.test"},{"id":"f169c3e0-8284-4cd6-9524-121512343c61","status":"succeeded","total_attempts":1,"next_retry_at":null,"last_error":null,"created_at":"2026-04-24T05:01:22.096513Z","updated_at":"2026-04-24T05:01:32.171186Z","endpoint_id":"eabedf55-9e53-475f-b6e9-837a3593dc52","endpoint_name":"UI debug endpoint","endpoint_target_url":"http://backend:8000/test-webhooks/e3fb4cd6-bed2-4966-bff3-ea87ae2929fb","event_id":"b6347688-e04c-48e3-abb8-998f229480b5","event_type":"load.test"},{"id":"daddfd5f-2945-4081-b483-bd9abffeac1c","status":"succeeded","total_attempts":1,"next_retry_at":null,"last_error":null,"created_at":"2026-04-24T05:01:22.140869Z","updated_at":"2026-04-24T05:01:36.662721Z","endpoint_id":"4884d8c7-abfb-49cf-a00b-95aaa7724c74","endpoint_name":"built-in-test-receiver","endpoint_target_url":"http://backend:8000/test-webhooks/43aed16a-17e6-4e29-b0c7-3a7d162775b4","event_id":"10d64903-f635-4a60-9d82-0c19361f95c6","event_type":"load.test"},{"id":"43bd1951-15cd-4013-a496-0282de0967e9","status":"succeeded","total_attempts":1,"next_retry_at":null,"last_error":null,"created_at":"2026-04-24T05:01:22.107663Z","updated_at":"2026-04-24T05:01:32.692452Z","endpoint_id":"4884d8c7-abfb-49cf-a00b-95aaa7724c74","endpoint_name":"built-in-test-receiver","endpoint_target_url":"http://backend:8000/test-webhooks/43aed16a-17e6-4e29-b0c7-3a7d162775b4","event_id":"b6347688-e04c-48e3-abb8-998f229480b5","event_type":"load.test"},{"id":"d52163c2-e407-423c-a20d-0b76d6ebfc4d","status":"succeeded","total_attempts":1,"next_retry_at":null,"last_error":null,"created_at":"2026-04-24T05:01:22.184381Z","updated_at":"2026-04-24T05:01:38.145795Z","endpoint_id":"39f61d7a-03b1-4348-9562-525ea77e7b98","endpoint_name":"Built-in receiver endpoint","endpoint_target_url":"http://backend:8000/test-webhooks/26d9954e-a6f0-42c7-b462-712dba422c71","event_id":"ec6bfc1b-5290-4777-89f5-75d42c6d4b1a","event_type":"load.test"},{"id":"8bc0568e-fc50-43ae-896d-10bd0e8b7c64","status":"succeeded","total_attempts":1,"next_retry_at":null,"last_error":null,"created_at":"2026-04-24T05:01:22.187775Z","updated_at":"2026-04-24T05:01:38.204992Z","endpoint_id":"a64ae9fb-09e9-49b9-bd46-269c84266178","endpoint_name":"fresh-debug-endpoint","endpoint_target_url":"http://backend:8000/test-webhooks/7042e8ef-7fce-49c9-ab0a-c16c05525e3a","event_id":"ec6bfc1b-5290-4777-89f5-75d42c6d4b1a","event_type":"load.test"},{"id":"aaeecfc8-33b6-4b2f-8b62-e5b9cc26e6b3","status":"succeeded","total_attempts":1,"next_retry_at":null,"last_error":null,"created_at":"2026-04-24T05:01:22.191896Z","updated_at":"2026-04-24T05:01:38.907735Z","endpoint_id":"eabedf55-9e53-475f-b6e9-837a3593dc52","endpoint_name":"UI debug endpoint","endpoint_target_url":"http://backend:8000/test-webhooks/e3fb4cd6-bed2-4966-bff3-ea87ae2929fb","event_id":"ec6bfc1b-5290-4777-89f5-75d42c6d4b1a","event_type":"load.test"},{"id":"a1c4a6c2-dd64-4037-8d44-64d351b08669","status":"succeeded","total_attempts":1,"next_retry_at":null,"last_error":null,"created_at":"2026-04-24T05:01:22.194067Z","updated_at":"2026-04-24T05:01:40.497824Z","endpoint_id":"4884d8c7-abfb-49cf-a00b-95aaa7724c74","endpoint_name":"built-in-test-receiver","endpoint_target_url":"http://backend:8000/test-webhooks/43aed16a-17e6-4e29-b0c7-3a7d162775b4","event_id":"ec6bfc1b-5290-4777-89f5-75d42c6d4b1a","event_type":"load.test"},{"id":"31f366ea-3d88-41d2-9c3d-3aafbb2aeb46","status":"succeeded","total_attempts":1,"next_retry_at":null,"last_error":null,"created_at":"2026-04-24T05:01:22.331585Z","updated_at":"2026-04-24T05:01:50.988737Z","endpoint_id":"39f61d7a-03b1-4348-9562-525ea77e7b98","endpoint_name":"Built-in receiver endpoint","endpoint_target_url":"http://backend:8000/test-webhooks/26d9954e-a6f0-42c7-b462-712dba422c71","event_id":"d858e6cd-d40b-4441-9793-54693e212845","event_type":"load.test"},{"id":"83c13635-a625-470f-8db6-d267c85d1978","status":"succeeded","total_attempts":1,"next_retry_at":null,"last_error":null,"created_at":"2026-04-24T05:01:22.335246Z","updated_at":"2026-04-24T05:01:51.001449Z","endpoint_id":"a64ae9fb-09e9-49b9-bd46-269c84266178","endpoint_name":"fresh-debug-endpoint","endpoint_target_url":"http://backend:8000/test-webhooks/7042e8ef-7fce-49c9-ab0a-c16c05525e3a","event_id":"d858e6cd-d40b-4441-9793-54693e212845","event_type":"load.test"},{"id":"6b8dce2c-3c60-4679-b87f-e6a52f0d46a9","status":"succeeded","total_attempts":1,"next_retry_at":null,"last_error":null,"created_at":"2026-04-24T05:01:22.336742Z","updated_at":"2026-04-24T05:01:51.150777Z","endpoint_id":"eabedf55-9e53-475f-b6e9-837a3593dc52","endpoint_name":"UI debug endpoint","endpoint_target_url":"http://backend:8000/test-webhooks/e3fb4cd6-bed2-4966-bff3-ea87ae2929fb","event_id":"d858e6cd-d40b-4441-9793-54693e212845","event_type":"load.test"},{"id":"f7895bf4-e930-451d-b568-4df439390d14","status":"succeeded","total_attempts":1,"next_retry_at":null,"last_error":null,"created_at":"2026-04-24T05:01:22.339570Z","updated_at":"2026-04-24T05:01:51.634679Z","endpoint_id":"4884d8c7-abfb-49cf-a00b-95aaa7724c74","endpoint_name":"built-in-test-receiver","endpoint_target_url":"http://backend:8000/test-webhooks/43aed16a-17e6-4e29-b0c7-3a7d162775b4","event_id":"d858e6cd-d40b-4441-9793-54693e212845","event_type":"load.test"},{"id":"13317b12-854f-4291-b600-8fb0183815f8","status":"succeeded","total_attempts":2,"next_retry_at":null,"last_error":null,"created_at":"2026-04-24T05:01:22.106861Z","updated_at":"2026-04-24T05:02:19.833445Z","endpoint_id":"5cd890e0-eba3-4707-bd64-65ea65089a73","endpoint_name":"UI debug endpoint 2","endpoint_target_url":"http://backend:8000/test-webhooks/e3fb4cd6-bed2-4966-bff3-ea87ae2929fb","event_id":"b6347688-e04c-48e3-abb8-998f229480b5","event_type":"load.test"},{"id":"122b3d87-51b9-427b-89ff-bf5d5d589a39","status":"succeeded","total_attempts":1,"next_retry_at":null,"last_error":null,"created_at":"2026-04-24T05:01:22.122584Z","updated_at":"2026-04-24T05:01:33.659496Z","endpoint_id":"5cd890e0-eba3-4707-bd64-65ea65089a73","endpoint_name":"UI debug endpoint 2","endpoint_target_url":"http://backend:8000/test-webhooks/e3fb4cd6-bed2-4966-bff3-ea87ae2929fb","event_id":"b04cb795-28f0-4987-b48a-c2bd0173bbc4","event_type":"load.test"},{"id":"7f2294f4-da68-4797-8f15-948a28920dbf","status":"succeeded","total_attempts":1,"next_retry_at":null,"last_error":null,"created_at":"2026-04-24T05:01:22.053444Z","updated_at":"2026-04-24T05:01:29.537003Z","endpoint_id":"39f61d7a-03b1-4348-9562-525ea77e7b98","endpoint_name":"Built-in receiver endpoint","endpoint_target_url":"http://backend:8000/test-webhooks/26d9954e-a6f0-42c7-b462-712dba422c71","event_id":"2832b671-1d67-4c2f-b562-6be7496f7f91","event_type":"load.test"},{"id":"841c1999-802c-4b9b-ad6f-c1eac64aae75","status":"succeeded","total_attempts":1,"next_retry_at":null,"last_error":null,"created_at":"2026-04-24T05:01:22.296294Z","updated_at":"2026-04-24T05:01:47.565869Z","endpoint_id":"eabedf55-9e53-475f-b6e9-837a3593dc52","endpoint_name":"UI debug endpoint","endpoint_target_url":"http://backend:8000/test-webhooks/e3fb4cd6-bed2-4966-bff3-ea87ae2929fb","event_id":"3dcc364b-efa3-41a6-903f-f48fef3eb5d4","event_type":"load.test"},{"id":"b6559e70-2261-4b7b-88ce-c6a0aaf3e551","status":"succeeded","total_attempts":1,"next_retry_at":null,"last_error":null,"created_at":"2026-04-24T05:01:22.057866Z","updated_at":"2026-04-24T05:01:29.548297Z","endpoint_id":"a64ae9fb-09e9-49b9-bd46-269c84266178","endpoint_name":"fresh-debug-endpoint","endpoint_target_url":"http://backend:8000/test-webhooks/7042e8ef-7fce-49c9-ab0a-c16c05525e3a","event_id":"2832b671-1d67-4c2f-b562-6be7496f7f91","event_type":"load.test"},{"id":"cc5b14f6-fdba-43da-b3b7-817ee3de9305","status":"succeeded","total_attempts":1,"next_retry_at":null,"last_error":null,"created_at":"2026-04-24T05:01:22.123681Z","updated_at":"2026-04-24T05:01:34.328079Z","endpoint_id":"4884d8c7-abfb-49cf-a00b-95aaa7724c74","endpoint_name":"built-in-test-receiver","endpoint_target_url":"http://backend:8000/test-webhooks/43aed16a-17e6-4e29-b0c7-3a7d162775b4","event_id":"b04cb795-28f0-4987-b48a-c2bd0173bbc4","event_type":"load.test"},{"id":"f5457ee8-3ac7-4f94-a116-2be21b06986f","status":"succeeded","total_attempts":1,"next_retry_at":null,"last_error":null,"created_at":"2026-04-24T05:01:22.058778Z","updated_at":"2026-04-24T05:01:30.507490Z","endpoint_id":"eabedf55-9e53-475f-b6e9-837a3593dc52","endpoint_name":"UI debug endpoint","endpoint_target_url":"http://backend:8000/test-webhooks/e3fb4cd6-bed2-4966-bff3-ea87ae2929fb","event_id":"2832b671-1d67-4c2f-b562-6be7496f7f91","event_type":"load.test"},{"id":"e64d7633-22fc-4308-9aa7-01f472697d19","status":"succeeded","total_attempts":1,"next_retry_at":null,"last_error":null,"created_at":"2026-04-24T05:01:22.060004Z","updated_at":"2026-04-24T05:01:30.969774Z","endpoint_id":"5cd890e0-eba3-4707-bd64-65ea65089a73","endpoint_name":"UI debug endpoint 2","endpoint_target_url":"http://backend:8000/test-webhooks/e3fb4cd6-bed2-4966-bff3-ea87ae2929fb","event_id":"2832b671-1d67-4c2f-b562-6be7496f7f91","event_type":"load.test"},{"id":"fa350a48-f88c-4460-b06b-5089e7bf2079","status":"succeeded","total_attempts":1,"next_retry_at":null,"last_error":null,"created_at":"2026-04-24T05:01:22.176164Z","updated_at":"2026-04-24T05:01:38.127502Z","endpoint_id":"39f61d7a-03b1-4348-9562-525ea77e7b98","endpoint_name":"Built-in receiver endpoint","endpoint_target_url":"http://backend:8000/test-webhooks/26d9954e-a6f0-42c7-b462-712dba422c71","event_id":"eadcbda8-abab-4115-ae78-49236abe50bb","event_type":"load.test"},{"id":"ea10fbfb-ec07-43fb-8144-f85392c7873b","status":"succeeded","total_attempts":1,"next_retry_at":null,"last_error":null,"created_at":"2026-04-24T05:01:22.065271Z","updated_at":"2026-04-24T05:01:31.101222Z","endpoint_id":"4884d8c7-abfb-49cf-a00b-95aaa7724c74","endpoint_name":"built-in-test-receiver","endpoint_target_url":"http://backend:8000/test-webhooks/43aed16a-17e6-4e29-b0c7-3a7d162775b4","event_id":"2832b671-1d67-4c2f-b562-6be7496f7f91","event_type":"load.test"},{"id":"66da5296-f0b6-43a6-84a4-e278be152235","status":"failed","total_attempts":3,"next_retry_at":null,"last_error":"http_5xx: 503","created_at":"2026-04-24T05:01:22.263019Z","updated_at":"2026-04-24T05:04:26.269343Z","endpoint_id":"5cd890e0-eba3-4707-bd64-65ea65089a73","endpoint_name":"UI debug endpoint 2","endpoint_target_url":"http://backend:8000/test-webhooks/e3fb4cd6-bed2-4966-bff3-ea87ae2929fb","event_id":"b65ffbfe-c550-4187-a51c-0ff41e539c48","event_type":"load.test"},{"id":"3d7b4416-588b-4082-8a9b-872b64bf15e2","status":"succeeded","total_attempts":1,"next_retry_at":null,"last_error":null,"created_at":"2026-04-24T05:01:22.111612Z","updated_at":"2026-04-24T05:01:33.262186Z","endpoint_id":"39f61d7a-03b1-4348-9562-525ea77e7b98","endpoint_name":"Built-in receiver endpoint","endpoint_target_url":"http://backend:8000/test-webhooks/26d9954e-a6f0-42c7-b462-712dba422c71","event_id":"b04cb795-28f0-4987-b48a-c2bd0173bbc4","event_type":"load.test"},{"id":"d7ccf93d-1270-469e-8400-1ee79c92f232","status":"succeeded","total_attempts":1,"next_retry_at":null,"last_error":null,"created_at":"2026-04-24T05:01:22.179125Z","updated_at":"2026-04-24T05:01:38.408498Z","endpoint_id":"a64ae9fb-09e9-49b9-bd46-269c84266178","endpoint_name":"fresh-debug-endpoint","endpoint_target_url":"http://backend:8000/test-webhooks/7042e8ef-7fce-49c9-ab0a-c16c05525e3a","event_id":"eadcbda8-abab-4115-ae78-49236abe50bb","event_type":"load.test"},{"id":"30816b4a-eeee-4c04-93ad-c0a33f3959c8","status":"succeeded","total_attempts":1,"next_retry_at":null,"last_error":null,"created_at":"2026-04-24T05:01:22.113176Z","updated_at":"2026-04-24T05:01:33.318599Z","endpoint_id":"a64ae9fb-09e9-49b9-bd46-269c84266178","endpoint_name":"fresh-debug-endpoint","endpoint_target_url":"http://backend:8000/test-webhooks/7042e8ef-7fce-49c9-ab0a-c16c05525e3a","event_id":"b04cb795-28f0-4987-b48a-c2bd0173bbc4","event_type":"load.test"},{"id":"98c33e8d-ba88-47b9-ab29-7bb46e190183","status":"succeeded","total_attempts":2,"next_retry_at":null,"last_error":null,"created_at":"2026-04-24T05:01:22.299530Z","updated_at":"2026-04-24T05:02:25.946656Z","endpoint_id":"5cd890e0-eba3-4707-bd64-65ea65089a73","endpoint_name":"UI debug endpoint 2","endpoint_target_url":"http://backend:8000/test-webhooks/e3fb4cd6-bed2-4966-bff3-ea87ae2929fb","event_id":"3dcc364b-efa3-41a6-903f-f48fef3eb5d4","event_type":"load.test"},{"id":"bfd25b21-dc5f-468e-ad3b-582295530bed","status":"succeeded","total_attempts":1,"next_retry_at":null,"last_error":null,"created_at":"2026-04-24T05:01:22.116443Z","updated_at":"2026-04-24T05:01:33.332727Z","endpoint_id":"eabedf55-9e53-475f-b6e9-837a3593dc52","endpoint_name":"UI debug endpoint","endpoint_target_url":"http://backend:8000/test-webhooks/e3fb4cd6-bed2-4966-bff3-ea87ae2929fb","event_id":"b04cb795-28f0-4987-b48a-c2bd0173bbc4","event_type":"load.test"},{"id":"8cd3f4e6-dc98-4d77-870b-f667e028f116","status":"succeeded","total_attempts":1,"next_retry_at":null,"last_error":null,"created_at":"2026-04-24T05:01:22.301157Z","updated_at":"2026-04-24T05:01:48.124518Z","endpoint_id":"4884d8c7-abfb-49cf-a00b-95aaa7724c74","endpoint_name":"built-in-test-receiver","endpoint_target_url":"http://backend:8000/test-webhooks/43aed16a-17e6-4e29-b0c7-3a7d162775b4","event_id":"3dcc364b-efa3-41a6-903f-f48fef3eb5d4","event_type":"load.test"},{"id":"5eba3a35-1449-416c-bc2d-12d46a32dfbf","status":"succeeded","total_attempts":1,"next_retry_at":null,"last_error":null,"created_at":"2026-04-24T05:01:22.180235Z","updated_at":"2026-04-24T05:01:39.155323Z","endpoint_id":"eabedf55-9e53-475f-b6e9-837a3593dc52","endpoint_name":"UI debug endpoint","endpoint_target_url":"http://backend:8000/test-webhooks/e3fb4cd6-bed2-4966-bff3-ea87ae2929fb","event_id":"eadcbda8-abab-4115-ae78-49236abe50bb","event_type":"load.test"},{"id":"e05cebf1-6a78-49d2-851a-8c4f154f22a0","status":"succeeded","total_attempts":1,"next_retry_at":null,"last_error":null,"created_at":"2026-04-24T05:01:22.185429Z","updated_at":"2026-04-24T05:01:40.366520Z","endpoint_id":"5cd890e0-eba3-4707-bd64-65ea65089a73","endpoint_name":"UI debug endpoint 2","endpoint_target_url":"http://backend:8000/test-webhooks/e3fb4cd6-bed2-4966-bff3-ea87ae2929fb","event_id":"eadcbda8-abab-4115-ae78-49236abe50bb","event_type":"load.test"},{"id":"55a72d50-d8b3-41d9-b98e-21acafc7808a","status":"succeeded","total_attempts":1,"next_retry_at":null,"last_error":null,"created_at":"2026-04-24T05:01:22.319288Z","updated_at":"2026-04-24T05:01:49.232882Z","endpoint_id":"39f61d7a-03b1-4348-9562-525ea77e7b98","endpoint_name":"Built-in receiver endpoint","endpoint_target_url":"http://backend:8000/test-webhooks/26d9954e-a6f0-42c7-b462-712dba422c71","event_id":"34edf18f-c261-4e47-8ed9-cec4ac9782d3","event_type":"load.test"},{"id":"fcfc1aae-bf8c-4d4b-9591-cc36e8cbcae4","status":"succeeded","total_attempts":1,"next_retry_at":null,"last_error":null,"created_at":"2026-04-24T05:01:22.186956Z","updated_at":"2026-04-24T05:01:41.018061Z","endpoint_id":"4884d8c7-abfb-49cf-a00b-95aaa7724c74","endpoint_name":"built-in-test-receiver","endpoint_target_url":"http://backend:8000/test-webhooks/43aed16a-17e6-4e29-b0c7-3a7d162775b4","event_id":"eadcbda8-abab-4115-ae78-49236abe50bb","event_type":"load.test"},{"id":"346bf3dc-8144-48df-a8e2-323cb3fe381d","status":"succeeded","total_attempts":2,"next_retry_at":null,"last_error":null,"created_at":"2026-04-24T05:01:22.392097Z","updated_at":"2026-04-24T05:02:29.749751Z","endpoint_id":"5cd890e0-eba3-4707-bd64-65ea65089a73","endpoint_name":"UI debug endpoint 2","endpoint_target_url":"http://backend:8000/test-webhooks/e3fb4cd6-bed2-4966-bff3-ea87ae2929fb","event_id":"2ca11760-2a81-41a9-9de6-4c41307e854d","event_type":"load.test"},{"id":"46265d9c-1995-4df5-9d10-65825fc24c6b","status":"succeeded","total_attempts":1,"next_retry_at":null,"last_error":null,"created_at":"2026-04-24T05:01:22.257995Z","updated_at":"2026-04-24T05:01:44.357388Z","endpoint_id":"39f61d7a-03b1-4348-9562-525ea77e7b98","endpoint_name":"Built-in receiver endpoint","endpoint_target_url":"http://backend:8000/test-webhooks/26d9954e-a6f0-42c7-b462-712dba422c71","event_id":"b65ffbfe-c550-4187-a51c-0ff41e539c48","event_type":"load.test"},{"id":"79983eb0-de40-4168-ba8e-346ae6d2c69e","status":"succeeded","total_attempts":1,"next_retry_at":null,"last_error":null,"created_at":"2026-04-24T05:01:22.321326Z","updated_at":"2026-04-24T05:01:49.258421Z","endpoint_id":"a64ae9fb-09e9-49b9-bd46-269c84266178","endpoint_name":"fresh-debug-endpoint","endpoint_target_url":"http://backend:8000/test-webhooks/7042e8ef-7fce-49c9-ab0a-c16c05525e3a","event_id":"34edf18f-c261-4e47-8ed9-cec4ac9782d3","event_type":"load.test"},{"id":"f7604b97-d75a-4b79-90c6-fc1d873eeba8","status":"succeeded","total_attempts":1,"next_retry_at":null,"last_error":null,"created_at":"2026-04-24T05:01:22.261951Z","updated_at":"2026-04-24T05:01:44.373087Z","endpoint_id":"a64ae9fb-09e9-49b9-bd46-269c84266178","endpoint_name":"fresh-debug-endpoint","endpoint_target_url":"http://backend:8000/test-webhooks/7042e8ef-7fce-49c9-ab0a-c16c05525e3a","event_id":"b65ffbfe-c550-4187-a51c-0ff41e539c48","event_type":"load.test"},{"id":"a404152d-1586-4303-b043-129741f711a6","status":"succeeded","total_attempts":1,"next_retry_at":null,"last_error":null,"created_at":"2026-04-24T05:01:22.262411Z","updated_at":"2026-04-24T05:01:44.400187Z","endpoint_id":"eabedf55-9e53-475f-b6e9-837a3593dc52","endpoint_name":"UI debug endpoint","endpoint_target_url":"http://backend:8000/test-webhooks/e3fb4cd6-bed2-4966-bff3-ea87ae2929fb","event_id":"b65ffbfe-c550-4187-a51c-0ff41e539c48","event_type":"load.test"},{"id":"8c2b7b31-f1f8-467a-93ba-9a532f2d11a0","status":"succeeded","total_attempts":1,"next_retry_at":null,"last_error":null,"created_at":"2026-04-24T05:01:22.323209Z","updated_at":"2026-04-24T05:01:49.283976Z","endpoint_id":"eabedf55-9e53-475f-b6e9-837a3593dc52","endpoint_name":"UI debug endpoint","endpoint_target_url":"http://backend:8000/test-webhooks/e3fb4cd6-bed2-4966-bff3-ea87ae2929fb","event_id":"34edf18f-c261-4e47-8ed9-cec4ac9782d3","event_type":"load.test"},{"id":"9aa052ef-517f-4615-9ee5-f25722ecb988","status":"succeeded","total_attempts":1,"next_retry_at":null,"last_error":null,"created_at":"2026-04-24T05:01:22.263765Z","updated_at":"2026-04-24T05:01:44.886556Z","endpoint_id":"4884d8c7-abfb-49cf-a00b-95aaa7724c74","endpoint_name":"built-in-test-receiver","endpoint_target_url":"http://backend:8000/test-webhooks/43aed16a-17e6-4e29-b0c7-3a7d162775b4","event_id":"b65ffbfe-c550-4187-a51c-0ff41e539c48","event_type":"load.test"},{"id":"a7ff340c-86a8-4c41-93f6-797394389b7f","status":"succeeded","total_attempts":1,"next_retry_at":null,"last_error":null,"created_at":"2026-04-24T05:01:22.324382Z","updated_at":"2026-04-24T05:01:50.071774Z","endpoint_id":"5cd890e0-eba3-4707-bd64-65ea65089a73","endpoint_name":"UI debug endpoint 2","endpoint_target_url":"http://backend:8000/test-webhooks/e3fb4cd6-bed2-4966-bff3-ea87ae2929fb","event_id":"34edf18f-c261-4e47-8ed9-cec4ac9782d3","event_type":"load.test"},{"id":"c99db64d-cf4b-4de4-9444-079c17565e06","status":"succeeded","total_attempts":1,"next_retry_at":null,"last_error":null,"created_at":"2026-04-24T05:01:22.286785Z","updated_at":"2026-04-24T05:01:47.528568Z","endpoint_id":"39f61d7a-03b1-4348-9562-525ea77e7b98","endpoint_name":"Built-in receiver endpoint","endpoint_target_url":"http://backend:8000/test-webhooks/26d9954e-a6f0-42c7-b462-712dba422c71","event_id":"3dcc364b-efa3-41a6-903f-f48fef3eb5d4","event_type":"load.test"},{"id":"47d135bc-12d9-4123-8ade-5664348b3d3f","status":"succeeded","total_attempts":1,"next_retry_at":null,"last_error":null,"created_at":"2026-04-24T05:01:22.295240Z","updated_at":"2026-04-24T05:01:47.549403Z","endpoint_id":"a64ae9fb-09e9-49b9-bd46-269c84266178","endpoint_name":"fresh-debug-endpoint","endpoint_target_url":"http://backend:8000/test-webhooks/7042e8ef-7fce-49c9-ab0a-c16c05525e3a","event_id":"3dcc364b-efa3-41a6-903f-f48fef3eb5d4","event_type":"load.test"},{"id":"3d3da565-e6d9-4af3-92e0-6d20e53f615b","status":"succeeded","total_attempts":1,"next_retry_at":null,"last_error":null,"created_at":"2026-04-24T05:01:22.327831Z","updated_at":"2026-04-24T05:01:50.206220Z","endpoint_id":"4884d8c7-abfb-49cf-a00b-95aaa7724c74","endpoint_name":"built-in-test-receiver","endpoint_target_url":"http://backend:8000/test-webhooks/43aed16a-17e6-4e29-b0c7-3a7d162775b4","event_id":"34edf18f-c261-4e47-8ed9-cec4ac9782d3","event_type":"load.test"},{"id":"47939844-adea-4be5-833c-922a8c6d80d1","status":"succeeded","total_attempts":1,"next_retry_at":null,"last_error":null,"created_at":"2026-04-24T05:01:22.380146Z","updated_at":"2026-04-24T05:01:54.155810Z","endpoint_id":"39f61d7a-03b1-4348-9562-525ea77e7b98","endpoint_name":"Built-in receiver endpoint","endpoint_target_url":"http://backend:8000/test-webhooks/26d9954e-a6f0-42c7-b462-712dba422c71","event_id":"2ca11760-2a81-41a9-9de6-4c41307e854d","event_type":"load.test"},{"id":"729be137-846d-4db9-bd98-ef5066f2a2fb","status":"succeeded","total_attempts":1,"next_retry_at":null,"last_error":null,"created_at":"2026-04-24T05:01:22.386021Z","updated_at":"2026-04-24T05:01:54.367472Z","endpoint_id":"a64ae9fb-09e9-49b9-bd46-269c84266178","endpoint_name":"fresh-debug-endpoint","endpoint_target_url":"http://backend:8000/test-webhooks/7042e8ef-7fce-49c9-ab0a-c16c05525e3a","event_id":"2ca11760-2a81-41a9-9de6-4c41307e854d","event_type":"load.test"},{"id":"ca927795-8acd-4885-868b-ccc2f9d0fca5","status":"succeeded","total_attempts":1,"next_retry_at":null,"last_error":null,"created_at":"2026-04-24T05:01:22.387117Z","updated_at":"2026-04-24T05:01:55.216805Z","endpoint_id":"eabedf55-9e53-475f-b6e9-837a3593dc52","endpoint_name":"UI debug endpoint","endpoint_target_url":"http://backend:8000/test-webhooks/e3fb4cd6-bed2-4966-bff3-ea87ae2929fb","event_id":"2ca11760-2a81-41a9-9de6-4c41307e854d","event_type":"load.test"},{"id":"dcf6f3ca-9209-424b-a30f-62355e63d58b","status":"succeeded","total_attempts":1,"next_retry_at":null,"last_error":null,"created_at":"2026-04-24T05:01:22.394458Z","updated_at":"2026-04-24T05:01:56.864197Z","endpoint_id":"4884d8c7-abfb-49cf-a00b-95aaa7724c74","endpoint_name":"built-in-test-receiver","endpoint_target_url":"http://backend:8000/test-webhooks/43aed16a-17e6-4e29-b0c7-3a7d162775b4","event_id":"2ca11760-2a81-41a9-9de6-4c41307e854d","event_type":"load.test"},{"id":"32f56bf1-059b-4aaa-9cb8-0b105a553873","status":"succeeded","total_attempts":1,"next_retry_at":null,"last_error":null,"created_at":"2026-04-24T05:01:22.193467Z","updated_at":"2026-04-24T05:01:41.209162Z","endpoint_id":"a64ae9fb-09e9-49b9-bd46-269c84266178","endpoint_name":"fresh-debug-endpoint","endpoint_target_url":"http://backend:8000/test-webhooks/7042e8ef-7fce-49c9-ab0a-c16c05525e3a","event_id":"a0258e97-e6eb-4e9f-af7c-78986fa3d796","event_type":"load.test"},{"id":"caf9e91f-480e-48d8-982c-f2e33a6a95f4","status":"succeeded","total_attempts":1,"next_retry_at":null,"last_error":null,"created_at":"2026-04-24T05:01:22.061861Z","updated_at":"2026-04-24T05:01:29.487482Z","endpoint_id":"39f61d7a-03b1-4348-9562-525ea77e7b98","endpoint_name":"Built-in receiver endpoint","endpoint_target_url":"http://backend:8000/test-webhooks/26d9954e-a6f0-42c7-b462-712dba422c71","event_id":"f0b569f6-0f3d-42ea-935c-6b80ac1ceb35","event_type":"load.test"},{"id":"a092b4d6-ed7a-4234-89e4-f081726d7093","status":"succeeded","total_attempts":1,"next_retry_at":null,"last_error":null,"created_at":"2026-04-24T05:01:22.118799Z","updated_at":"2026-04-24T05:01:34.368166Z","endpoint_id":"39f61d7a-03b1-4348-9562-525ea77e7b98","endpoint_name":"Built-in receiver endpoint","endpoint_target_url":"http://backend:8000/test-webhooks/26d9954e-a6f0-42c7-b462-712dba422c71","event_id":"034dd4d2-a593-4281-b766-78a185c3172e","event_type":"load.test"},{"id":"009f7f51-1fce-4bb9-b54a-58a3c8d4ec8b","status":"succeeded","total_attempts":1,"next_retry_at":null,"last_error":null,"created_at":"2026-04-24T05:01:22.064523Z","updated_at":"2026-04-24T05:01:29.506554Z","endpoint_id":"a64ae9fb-09e9-49b9-bd46-269c84266178","endpoint_name":"fresh-debug-endpoint","endpoint_target_url":"http://backend:8000/test-webhooks/7042e8ef-7fce-49c9-ab0a-c16c05525e3a","event_id":"f0b569f6-0f3d-42ea-935c-6b80ac1ceb35","event_type":"load.test"},{"id":"f4b5efcb-0498-4178-9877-df21017daa10","status":"succeeded","total_attempts":1,"next_retry_at":null,"last_error":null,"created_at":"2026-04-24T05:01:22.066572Z","updated_at":"2026-04-24T05:01:29.524368Z","endpoint_id":"eabedf55-9e53-475f-b6e9-837a3593dc52","endpoint_name":"UI debug endpoint","endpoint_target_url":"http://backend:8000/test-webhooks/e3fb4cd6-bed2-4966-bff3-ea87ae2929fb","event_id":"f0b569f6-0f3d-42ea-935c-6b80ac1ceb35","event_type":"load.test"},{"id":"fc7c1611-8024-4c42-b071-5ecf691c8b4b","status":"succeeded","total_attempts":1,"next_retry_at":null,"last_error":null,"created_at":"2026-04-24T05:01:22.123331Z","updated_at":"2026-04-24T05:01:34.458058Z","endpoint_id":"a64ae9fb-09e9-49b9-bd46-269c84266178","endpoint_name":"fresh-debug-endpoint","endpoint_target_url":"http://backend:8000/test-webhooks/7042e8ef-7fce-49c9-ab0a-c16c05525e3a","event_id":"034dd4d2-a593-4281-b766-78a185c3172e","event_type":"load.test"},{"id":"a4587bd2-0a2f-4f53-a950-ee8a05bd87e7","status":"succeeded","total_attempts":1,"next_retry_at":null,"last_error":null,"created_at":"2026-04-24T05:01:22.071470Z","updated_at":"2026-04-24T05:01:29.894084Z","endpoint_id":"5cd890e0-eba3-4707-bd64-65ea65089a73","endpoint_name":"UI debug endpoint 2","endpoint_target_url":"http://backend:8000/test-webhooks/e3fb4cd6-bed2-4966-bff3-ea87ae2929fb","event_id":"f0b569f6-0f3d-42ea-935c-6b80ac1ceb35","event_type":"load.test"},{"id":"12ba194b-86a6-4679-8e2e-08e97990f96e","status":"succeeded","total_attempts":1,"next_retry_at":null,"last_error":null,"created_at":"2026-04-24T05:01:22.197602Z","updated_at":"2026-04-24T05:01:41.234070Z","endpoint_id":"eabedf55-9e53-475f-b6e9-837a3593dc52","endpoint_name":"UI debug endpoint","endpoint_target_url":"http://backend:8000/test-webhooks/e3fb4cd6-bed2-4966-bff3-ea87ae2929fb","event_id":"a0258e97-e6eb-4e9f-af7c-78986fa3d796","event_type":"load.test"},{"id":"a3df677f-324b-4744-baae-7fc982a61df0","status":"succeeded","total_attempts":1,"next_retry_at":null,"last_error":null,"created_at":"2026-04-24T05:01:22.075031Z","updated_at":"2026-04-24T05:01:30.122765Z","endpoint_id":"4884d8c7-abfb-49cf-a00b-95aaa7724c74","endpoint_name":"built-in-test-receiver","endpoint_target_url":"http://backend:8000/test-webhooks/43aed16a-17e6-4e29-b0c7-3a7d162775b4","event_id":"f0b569f6-0f3d-42ea-935c-6b80ac1ceb35","event_type":"load.test"},{"id":"93bda67a-d574-41a3-8a80-914dc93f1ab0","status":"succeeded","total_attempts":1,"next_retry_at":null,"last_error":null,"created_at":"2026-04-24T05:01:22.128193Z","updated_at":"2026-04-24T05:01:34.932430Z","endpoint_id":"eabedf55-9e53-475f-b6e9-837a3593dc52","endpoint_name":"UI debug endpoint","endpoint_target_url":"http://backend:8000/test-webhooks/e3fb4cd6-bed2-4966-bff3-ea87ae2929fb","event_id":"034dd4d2-a593-4281-b766-78a185c3172e","event_type":"load.test"},{"id":"b7b0e72b-220d-4489-befd-1a34f6327288","status":"failed","total_attempts":3,"next_retry_at":null,"last_error":"http_5xx: 503","created_at":"2026-04-24T05:01:22.130594Z","updated_at":"2026-04-24T05:04:23.540329Z","endpoint_id":"5cd890e0-eba3-4707-bd64-65ea65089a73","endpoint_name":"UI debug endpoint 2","endpoint_target_url":"http://backend:8000/test-webhooks/e3fb4cd6-bed2-4966-bff3-ea87ae2929fb","event_id":"034dd4d2-a593-4281-b766-78a185c3172e","event_type":"load.test"},{"id":"cf612c76-007b-4669-bf25-e8f32213c6b7","status":"succeeded","total_attempts":3,"next_retry_at":null,"last_error":null,"created_at":"2026-04-24T05:01:22.162905Z","updated_at":"2026-04-24T05:04:23.919246Z","endpoint_id":"5cd890e0-eba3-4707-bd64-65ea65089a73","endpoint_name":"UI debug endpoint 2","endpoint_target_url":"http://backend:8000/test-webhooks/e3fb4cd6-bed2-4966-bff3-ea87ae2929fb","event_id":"69c96a30-8c54-49a0-b5c0-7540a0817172","event_type":"load.test"},{"id":"5f0176b7-a741-48f0-bf6c-d85bbee59aad","status":"succeeded","total_attempts":1,"next_retry_at":null,"last_error":null,"created_at":"2026-04-24T05:01:22.131433Z","updated_at":"2026-04-24T05:01:35.494487Z","endpoint_id":"4884d8c7-abfb-49cf-a00b-95aaa7724c74","endpoint_name":"built-in-test-receiver","endpoint_target_url":"http://backend:8000/test-webhooks/43aed16a-17e6-4e29-b0c7-3a7d162775b4","event_id":"034dd4d2-a593-4281-b766-78a185c3172e","event_type":"load.test"},{"id":"b004cabd-f465-4286-9b49-4b7c0cd7682e","status":"succeeded","total_attempts":1,"next_retry_at":null,"last_error":null,"created_at":"2026-04-24T05:01:22.158889Z","updated_at":"2026-04-24T05:01:37.231282Z","endpoint_id":"39f61d7a-03b1-4348-9562-525ea77e7b98","endpoint_name":"Built-in receiver endpoint","endpoint_target_url":"http://backend:8000/test-webhooks/26d9954e-a6f0-42c7-b462-712dba422c71","event_id":"69c96a30-8c54-49a0-b5c0-7540a0817172","event_type":"load.test"},{"id":"1addee63-2b5e-4680-acc6-967f377f8296","status":"succeeded","total_attempts":1,"next_retry_at":null,"last_error":null,"created_at":"2026-04-24T05:01:22.201094Z","updated_at":"2026-04-24T05:01:42.191029Z","endpoint_id":"4884d8c7-abfb-49cf-a00b-95aaa7724c74","endpoint_name":"built-in-test-receiver","endpoint_target_url":"http://backend:8000/test-webhooks/43aed16a-17e6-4e29-b0c7-3a7d162775b4","event_id":"a0258e97-e6eb-4e9f-af7c-78986fa3d796","event_type":"load.test"},{"id":"efc2198d-9cf7-4156-8f64-7016bdc97aad","status":"succeeded","total_attempts":1,"next_retry_at":null,"last_error":null,"created_at":"2026-04-24T05:01:22.159908Z","updated_at":"2026-04-24T05:01:37.249857Z","endpoint_id":"a64ae9fb-09e9-49b9-bd46-269c84266178","endpoint_name":"fresh-debug-endpoint","endpoint_target_url":"http://backend:8000/test-webhooks/7042e8ef-7fce-49c9-ab0a-c16c05525e3a","event_id":"69c96a30-8c54-49a0-b5c0-7540a0817172","event_type":"load.test"},{"id":"9c4bee7c-d5f0-4140-9ab3-8d0659b39acf","status":"failed","total_attempts":3,"next_retry_at":null,"last_error":"http_5xx: 503","created_at":"2026-04-24T05:01:22.177051Z","updated_at":"2026-04-24T05:04:24.260745Z","endpoint_id":"5cd890e0-eba3-4707-bd64-65ea65089a73","endpoint_name":"UI debug endpoint 2","endpoint_target_url":"http://backend:8000/test-webhooks/e3fb4cd6-bed2-4966-bff3-ea87ae2929fb","event_id":"e40cda9c-5729-46ac-a247-fa4daadb4730","event_type":"load.test"},{"id":"078f896c-da68-4052-8956-b93534774480","status":"succeeded","total_attempts":1,"next_retry_at":null,"last_error":null,"created_at":"2026-04-24T05:01:22.160588Z","updated_at":"2026-04-24T05:01:37.264245Z","endpoint_id":"eabedf55-9e53-475f-b6e9-837a3593dc52","endpoint_name":"UI debug endpoint","endpoint_target_url":"http://backend:8000/test-webhooks/e3fb4cd6-bed2-4966-bff3-ea87ae2929fb","event_id":"69c96a30-8c54-49a0-b5c0-7540a0817172","event_type":"load.test"},{"id":"714d9142-7ea1-41a9-970b-71cae3b9f9c7","status":"succeeded","total_attempts":1,"next_retry_at":null,"last_error":null,"created_at":"2026-04-24T05:01:22.239757Z","updated_at":"2026-04-24T05:01:42.736729Z","endpoint_id":"39f61d7a-03b1-4348-9562-525ea77e7b98","endpoint_name":"Built-in receiver endpoint","endpoint_target_url":"http://backend:8000/test-webhooks/26d9954e-a6f0-42c7-b462-712dba422c71","event_id":"ed47dbaf-9968-439d-bdba-592537d0a1e1","event_type":"load.test"},{"id":"ae0ee786-364f-460f-b164-43c727a0af49","status":"failed","total_attempts":3,"next_retry_at":null,"last_error":"http_5xx: 503","created_at":"2026-04-24T05:01:22.250715Z","updated_at":"2026-04-24T05:04:25.590149Z","endpoint_id":"5cd890e0-eba3-4707-bd64-65ea65089a73","endpoint_name":"UI debug endpoint 2","endpoint_target_url":"http://backend:8000/test-webhooks/e3fb4cd6-bed2-4966-bff3-ea87ae2929fb","event_id":"ed47dbaf-9968-439d-bdba-592537d0a1e1","event_type":"load.test"},{"id":"e199e2d6-86fe-4e50-a7ec-15ee5641b608","status":"succeeded","total_attempts":1,"next_retry_at":null,"last_error":null,"created_at":"2026-04-24T05:01:22.163911Z","updated_at":"2026-04-24T05:01:37.710438Z","endpoint_id":"4884d8c7-abfb-49cf-a00b-95aaa7724c74","endpoint_name":"built-in-test-receiver","endpoint_target_url":"http://backend:8000/test-webhooks/43aed16a-17e6-4e29-b0c7-3a7d162775b4","event_id":"69c96a30-8c54-49a0-b5c0-7540a0817172","event_type":"load.test"},{"id":"0a21bcb5-aa07-405c-a0e6-4465d7171a40","status":"succeeded","total_attempts":1,"next_retry_at":null,"last_error":null,"created_at":"2026-04-24T05:01:22.243098Z","updated_at":"2026-04-24T05:01:42.804514Z","endpoint_id":"a64ae9fb-09e9-49b9-bd46-269c84266178","endpoint_name":"fresh-debug-endpoint","endpoint_target_url":"http://backend:8000/test-webhooks/7042e8ef-7fce-49c9-ab0a-c16c05525e3a","event_id":"ed47dbaf-9968-439d-bdba-592537d0a1e1","event_type":"load.test"},{"id":"91ce2991-f5cd-4233-b9a5-369e1a1c459a","status":"succeeded","total_attempts":1,"next_retry_at":null,"last_error":null,"created_at":"2026-04-24T05:01:22.171481Z","updated_at":"2026-04-24T05:01:38.164073Z","endpoint_id":"39f61d7a-03b1-4348-9562-525ea77e7b98","endpoint_name":"Built-in receiver endpoint","endpoint_target_url":"http://backend:8000/test-webhooks/26d9954e-a6f0-42c7-b462-712dba422c71","event_id":"e40cda9c-5729-46ac-a247-fa4daadb4730","event_type":"load.test"},{"id":"2b0553c7-6985-4947-a62f-47678ff25ca1","status":"succeeded","total_attempts":1,"next_retry_at":null,"last_error":null,"created_at":"2026-04-24T05:01:22.172355Z","updated_at":"2026-04-24T05:01:38.254444Z","endpoint_id":"a64ae9fb-09e9-49b9-bd46-269c84266178","endpoint_name":"fresh-debug-endpoint","endpoint_target_url":"http://backend:8000/test-webhooks/7042e8ef-7fce-49c9-ab0a-c16c05525e3a","event_id":"e40cda9c-5729-46ac-a247-fa4daadb4730","event_type":"load.test"},{"id":"6747791c-5c02-4a63-b5a7-9641a195c3bf","status":"succeeded","total_attempts":1,"next_retry_at":null,"last_error":null,"created_at":"2026-04-24T05:01:22.250103Z","updated_at":"2026-04-24T05:01:42.838649Z","endpoint_id":"eabedf55-9e53-475f-b6e9-837a3593dc52","endpoint_name":"UI debug endpoint","endpoint_target_url":"http://backend:8000/test-webhooks/e3fb4cd6-bed2-4966-bff3-ea87ae2929fb","event_id":"ed47dbaf-9968-439d-bdba-592537d0a1e1","event_type":"load.test"},{"id":"5ed179ef-b329-43db-a59e-bdff7d1146c4","status":"succeeded","total_attempts":1,"next_retry_at":null,"last_error":null,"created_at":"2026-04-24T05:01:22.173403Z","updated_at":"2026-04-24T05:01:38.394143Z","endpoint_id":"eabedf55-9e53-475f-b6e9-837a3593dc52","endpoint_name":"UI debug endpoint","endpoint_target_url":"http://backend:8000/test-webhooks/e3fb4cd6-bed2-4966-bff3-ea87ae2929fb","event_id":"e40cda9c-5729-46ac-a247-fa4daadb4730","event_type":"load.test"},{"id":"241cefc6-5623-4b45-926d-5aa4e0902050","status":"succeeded","total_attempts":1,"next_retry_at":null,"last_error":null,"created_at":"2026-04-24T05:01:22.178371Z","updated_at":"2026-04-24T05:01:38.866997Z","endpoint_id":"4884d8c7-abfb-49cf-a00b-95aaa7724c74","endpoint_name":"built-in-test-receiver","endpoint_target_url":"http://backend:8000/test-webhooks/43aed16a-17e6-4e29-b0c7-3a7d162775b4","event_id":"e40cda9c-5729-46ac-a247-fa4daadb4730","event_type":"load.test"},{"id":"01900923-64e6-4f5d-936c-81364b661b33","status":"succeeded","total_attempts":1,"next_retry_at":null,"last_error":null,"created_at":"2026-04-24T05:01:22.178758Z","updated_at":"2026-04-24T05:01:41.183588Z","endpoint_id":"39f61d7a-03b1-4348-9562-525ea77e7b98","endpoint_name":"Built-in receiver endpoint","endpoint_target_url":"http://backend:8000/test-webhooks/26d9954e-a6f0-42c7-b462-712dba422c71","event_id":"a0258e97-e6eb-4e9f-af7c-78986fa3d796","event_type":"load.test"},{"id":"7550a288-25b7-43a4-8086-2bed3614c206","status":"succeeded","total_attempts":1,"next_retry_at":null,"last_error":null,"created_at":"2026-04-24T05:01:22.253009Z","updated_at":"2026-04-24T05:01:44.172727Z","endpoint_id":"4884d8c7-abfb-49cf-a00b-95aaa7724c74","endpoint_name":"built-in-test-receiver","endpoint_target_url":"http://backend:8000/test-webhooks/43aed16a-17e6-4e29-b0c7-3a7d162775b4","event_id":"ed47dbaf-9968-439d-bdba-592537d0a1e1","event_type":"load.test"},{"id":"b9551e40-e500-47e0-82f9-fbd728be87e9","status":"succeeded","total_attempts":2,"next_retry_at":null,"last_error":null,"created_at":"2026-04-24T05:01:22.198251Z","updated_at":"2026-04-24T05:02:23.297220Z","endpoint_id":"5cd890e0-eba3-4707-bd64-65ea65089a73","endpoint_name":"UI debug endpoint 2","endpoint_target_url":"http://backend:8000/test-webhooks/e3fb4cd6-bed2-4966-bff3-ea87ae2929fb","event_id":"a0258e97-e6eb-4e9f-af7c-78986fa3d796","event_type":"load.test"},{"id":"2c9d6c6c-d75a-4ef9-907b-6ee3b913303e","status":"failed","total_attempts":3,"next_retry_at":null,"last_error":"http_5xx: 503","created_at":"2026-04-24T05:01:22.226119Z","updated_at":"2026-04-24T05:04:25.256527Z","endpoint_id":"5cd890e0-eba3-4707-bd64-65ea65089a73","endpoint_name":"UI debug endpoint 2","endpoint_target_url":"http://backend:8000/test-webhooks/e3fb4cd6-bed2-4966-bff3-ea87ae2929fb","event_id":"c5e15d12-c7ca-4800-92d5-89fcf1d98ef5","event_type":"load.test"},{"id":"61a21e6f-af3f-42c3-ae20-b136a0429604","status":"succeeded","total_attempts":3,"next_retry_at":null,"last_error":null,"created_at":"2026-04-24T05:01:22.281489Z","updated_at":"2026-04-24T05:04:26.950294Z","endpoint_id":"5cd890e0-eba3-4707-bd64-65ea65089a73","endpoint_name":"UI debug endpoint 2","endpoint_target_url":"http://backend:8000/test-webhooks/e3fb4cd6-bed2-4966-bff3-ea87ae2929fb","event_id":"0a5002f2-275c-4902-816c-1e368ea86bbd","event_type":"load.test"},{"id":"b424553c-a027-4e58-892d-9fdaf5f0d880","status":"succeeded","total_attempts":3,"next_retry_at":null,"last_error":null,"created_at":"2026-04-24T05:01:22.324686Z","updated_at":"2026-04-24T05:04:27.622350Z","endpoint_id":"5cd890e0-eba3-4707-bd64-65ea65089a73","endpoint_name":"UI debug endpoint 2","endpoint_target_url":"http://backend:8000/test-webhooks/e3fb4cd6-bed2-4966-bff3-ea87ae2929fb","event_id":"0093af62-d4fd-4f0d-9764-e9ed6bbd0199","event_type":"load.test"},{"id":"a65a44b2-b886-40b5-93b5-3bc72db52eff","status":"succeeded","total_attempts":1,"next_retry_at":null,"last_error":null,"created_at":"2026-04-24T05:01:22.129102Z","updated_at":"2026-04-24T05:01:35.357752Z","endpoint_id":"a64ae9fb-09e9-49b9-bd46-269c84266178","endpoint_name":"fresh-debug-endpoint","endpoint_target_url":"http://backend:8000/test-webhooks/7042e8ef-7fce-49c9-ab0a-c16c05525e3a","event_id":"63b6f1cc-8a39-4c49-97c8-b8b3f4826378","event_type":"load.test"},{"id":"21b69d4d-081e-4060-9524-ea2c27d2b892","status":"succeeded","total_attempts":1,"next_retry_at":null,"last_error":null,"created_at":"2026-04-24T05:01:22.131008Z","updated_at":"2026-04-24T05:01:35.596272Z","endpoint_id":"eabedf55-9e53-475f-b6e9-837a3593dc52","endpoint_name":"UI debug endpoint","endpoint_target_url":"http://backend:8000/test-webhooks/e3fb4cd6-bed2-4966-bff3-ea87ae2929fb","event_id":"63b6f1cc-8a39-4c49-97c8-b8b3f4826378","event_type":"load.test"},{"id":"1d574968-1cb1-4b30-bb77-27a458a4818c","status":"succeeded","total_attempts":2,"next_retry_at":null,"last_error":null,"created_at":"2026-04-24T05:01:22.134997Z","updated_at":"2026-04-24T05:02:21.151724Z","endpoint_id":"5cd890e0-eba3-4707-bd64-65ea65089a73","endpoint_name":"UI debug endpoint 2","endpoint_target_url":"http://backend:8000/test-webhooks/e3fb4cd6-bed2-4966-bff3-ea87ae2929fb","event_id":"63b6f1cc-8a39-4c49-97c8-b8b3f4826378","event_type":"load.test"},{"id":"3c138b23-156f-44c5-8874-3d91cb891064","status":"succeeded","total_attempts":1,"next_retry_at":null,"last_error":null,"created_at":"2026-04-24T05:01:22.136549Z","updated_at":"2026-04-24T05:01:36.060294Z","endpoint_id":"4884d8c7-abfb-49cf-a00b-95aaa7724c74","endpoint_name":"built-in-test-receiver","endpoint_target_url":"http://backend:8000/test-webhooks/43aed16a-17e6-4e29-b0c7-3a7d162775b4","event_id":"63b6f1cc-8a39-4c49-97c8-b8b3f4826378","event_type":"load.test"},{"id":"0a235502-a0cd-4607-a6fa-0c935e2c19de","status":"succeeded","total_attempts":1,"next_retry_at":null,"last_error":null,"created_at":"2026-04-24T05:01:22.167448Z","updated_at":"2026-04-24T05:01:37.736401Z","endpoint_id":"39f61d7a-03b1-4348-9562-525ea77e7b98","endpoint_name":"Built-in receiver endpoint","endpoint_target_url":"http://backend:8000/test-webhooks/26d9954e-a6f0-42c7-b462-712dba422c71","event_id":"79792d2c-185d-4dfc-8e03-12377368aaed","event_type":"load.test"},{"id":"9bac2467-3a7a-4dd4-8d1e-c77a62b3314d","status":"succeeded","total_attempts":1,"next_retry_at":null,"last_error":null,"created_at":"2026-04-24T05:01:22.171853Z","updated_at":"2026-04-24T05:01:37.755824Z","endpoint_id":"a64ae9fb-09e9-49b9-bd46-269c84266178","endpoint_name":"fresh-debug-endpoint","endpoint_target_url":"http://backend:8000/test-webhooks/7042e8ef-7fce-49c9-ab0a-c16c05525e3a","event_id":"79792d2c-185d-4dfc-8e03-12377368aaed","event_type":"load.test"},{"id":"49759e7b-ce80-49cf-8678-ded57a50b527","status":"succeeded","total_attempts":1,"next_retry_at":null,"last_error":null,"created_at":"2026-04-24T05:01:22.172611Z","updated_at":"2026-04-24T05:01:37.771486Z","endpoint_id":"eabedf55-9e53-475f-b6e9-837a3593dc52","endpoint_name":"UI debug endpoint","endpoint_target_url":"http://backend:8000/test-webhooks/e3fb4cd6-bed2-4966-bff3-ea87ae2929fb","event_id":"79792d2c-185d-4dfc-8e03-12377368aaed","event_type":"load.test"},{"id":"098779bb-cdf7-4e33-9e46-d5007e6419bf","status":"succeeded","total_attempts":1,"next_retry_at":null,"last_error":null,"created_at":"2026-04-24T05:01:22.180919Z","updated_at":"2026-04-24T05:01:38.376605Z","endpoint_id":"4884d8c7-abfb-49cf-a00b-95aaa7724c74","endpoint_name":"built-in-test-receiver","endpoint_target_url":"http://backend:8000/test-webhooks/43aed16a-17e6-4e29-b0c7-3a7d162775b4","event_id":"79792d2c-185d-4dfc-8e03-12377368aaed","event_type":"load.test"},{"id":"6ebd8b72-9c76-4635-a599-6a64f49c1389","status":"succeeded","total_attempts":1,"next_retry_at":null,"last_error":null,"created_at":"2026-04-24T05:01:22.221527Z","updated_at":"2026-04-24T05:01:42.208672Z","endpoint_id":"39f61d7a-03b1-4348-9562-525ea77e7b98","endpoint_name":"Built-in receiver endpoint","endpoint_target_url":"http://backend:8000/test-webhooks/26d9954e-a6f0-42c7-b462-712dba422c71","event_id":"c5e15d12-c7ca-4800-92d5-89fcf1d98ef5","event_type":"load.test"},{"id":"549c193e-4d1b-4073-bf82-aeb8f7d51a31","status":"succeeded","total_attempts":1,"next_retry_at":null,"last_error":null,"created_at":"2026-04-24T05:01:22.222926Z","updated_at":"2026-04-24T05:01:42.225482Z","endpoint_id":"a64ae9fb-09e9-49b9-bd46-269c84266178","endpoint_name":"fresh-debug-endpoint","endpoint_target_url":"http://backend:8000/test-webhooks/7042e8ef-7fce-49c9-ab0a-c16c05525e3a","event_id":"c5e15d12-c7ca-4800-92d5-89fcf1d98ef5","event_type":"load.test"},{"id":"b51db8ad-dadc-41c3-bc02-c96191b5428c","status":"succeeded","total_attempts":1,"next_retry_at":null,"last_error":null,"created_at":"2026-04-24T05:01:22.225248Z","updated_at":"2026-04-24T05:01:42.243091Z","endpoint_id":"eabedf55-9e53-475f-b6e9-837a3593dc52","endpoint_name":"UI debug endpoint","endpoint_target_url":"http://backend:8000/test-webhooks/e3fb4cd6-bed2-4966-bff3-ea87ae2929fb","event_id":"c5e15d12-c7ca-4800-92d5-89fcf1d98ef5","event_type":"load.test"},{"id":"47395062-b3cc-49a8-9019-e04ef97cc559","status":"succeeded","total_attempts":1,"next_retry_at":null,"last_error":null,"created_at":"2026-04-24T05:01:22.228443Z","updated_at":"2026-04-24T05:01:42.697506Z","endpoint_id":"4884d8c7-abfb-49cf-a00b-95aaa7724c74","endpoint_name":"built-in-test-receiver","endpoint_target_url":"http://backend:8000/test-webhooks/43aed16a-17e6-4e29-b0c7-3a7d162775b4","event_id":"c5e15d12-c7ca-4800-92d5-89fcf1d98ef5","event_type":"load.test"},{"id":"b9e45f9b-a660-4411-8eef-bb4544b9f1ff","status":"succeeded","total_attempts":1,"next_retry_at":null,"last_error":null,"created_at":"2026-04-24T05:01:22.244248Z","updated_at":"2026-04-24T05:01:42.758700Z","endpoint_id":"39f61d7a-03b1-4348-9562-525ea77e7b98","endpoint_name":"Built-in receiver endpoint","endpoint_target_url":"http://backend:8000/test-webhooks/26d9954e-a6f0-42c7-b462-712dba422c71","event_id":"da19afcc-ef7e-4712-801d-68438b5c6dbf","event_type":"load.test"},{"id":"f4870e7a-28da-4352-a47c-5834ed70cd29","status":"succeeded","total_attempts":1,"next_retry_at":null,"last_error":null,"created_at":"2026-04-24T05:01:22.247818Z","updated_at":"2026-04-24T05:01:42.854280Z","endpoint_id":"a64ae9fb-09e9-49b9-bd46-269c84266178","endpoint_name":"fresh-debug-endpoint","endpoint_target_url":"http://backend:8000/test-webhooks/7042e8ef-7fce-49c9-ab0a-c16c05525e3a","event_id":"da19afcc-ef7e-4712-801d-68438b5c6dbf","event_type":"load.test"},{"id":"1475ffe6-a3ed-42e3-b309-fb30e98e6e22","status":"succeeded","total_attempts":1,"next_retry_at":null,"last_error":null,"created_at":"2026-04-24T05:01:22.248647Z","updated_at":"2026-04-24T05:01:42.885022Z","endpoint_id":"eabedf55-9e53-475f-b6e9-837a3593dc52","endpoint_name":"UI debug endpoint","endpoint_target_url":"http://backend:8000/test-webhooks/e3fb4cd6-bed2-4966-bff3-ea87ae2929fb","event_id":"da19afcc-ef7e-4712-801d-68438b5c6dbf","event_type":"load.test"},{"id":"5dd7a352-9c83-4cda-b456-2b77e0f1ea94","status":"succeeded","total_attempts":1,"next_retry_at":null,"last_error":null,"created_at":"2026-04-24T05:01:22.252273Z","updated_at":"2026-04-24T05:01:43.557943Z","endpoint_id":"5cd890e0-eba3-4707-bd64-65ea65089a73","endpoint_name":"UI debug endpoint 2","endpoint_target_url":"http://backend:8000/test-webhooks/e3fb4cd6-bed2-4966-bff3-ea87ae2929fb","event_id":"da19afcc-ef7e-4712-801d-68438b5c6dbf","event_type":"load.test"},{"id":"c30c6e4a-a190-496f-8f7e-43e98b173fe4","status":"succeeded","total_attempts":1,"next_retry_at":null,"last_error":null,"created_at":"2026-04-24T05:01:22.256888Z","updated_at":"2026-04-24T05:01:43.709753Z","endpoint_id":"4884d8c7-abfb-49cf-a00b-95aaa7724c74","endpoint_name":"built-in-test-receiver","endpoint_target_url":"http://backend:8000/test-webhooks/43aed16a-17e6-4e29-b0c7-3a7d162775b4","event_id":"da19afcc-ef7e-4712-801d-68438b5c6dbf","event_type":"load.test"},{"id":"4fb001d5-137b-425d-a189-a880c691e06a","status":"succeeded","total_attempts":1,"next_retry_at":null,"last_error":null,"created_at":"2026-04-24T05:01:22.257278Z","updated_at":"2026-04-24T05:01:44.388096Z","endpoint_id":"39f61d7a-03b1-4348-9562-525ea77e7b98","endpoint_name":"Built-in receiver endpoint","endpoint_target_url":"http://backend:8000/test-webhooks/26d9954e-a6f0-42c7-b462-712dba422c71","event_id":"f482e2dc-ed7c-44dd-8db4-02ef3c3c8ffd","event_type":"load.test"},{"id":"a22b3910-9200-41b8-9c95-d4ce5f0bb4a4","status":"succeeded","total_attempts":1,"next_retry_at":null,"last_error":null,"created_at":"2026-04-24T05:01:22.259507Z","updated_at":"2026-04-24T05:01:44.414165Z","endpoint_id":"a64ae9fb-09e9-49b9-bd46-269c84266178","endpoint_name":"fresh-debug-endpoint","endpoint_target_url":"http://backend:8000/test-webhooks/7042e8ef-7fce-49c9-ab0a-c16c05525e3a","event_id":"f482e2dc-ed7c-44dd-8db4-02ef3c3c8ffd","event_type":"load.test"},{"id":"292c6949-4a46-4705-b4c9-8cac45e5bd4d","status":"succeeded","total_attempts":1,"next_retry_at":null,"last_error":null,"created_at":"2026-04-24T05:01:22.261596Z","updated_at":"2026-04-24T05:01:44.764124Z","endpoint_id":"eabedf55-9e53-475f-b6e9-837a3593dc52","endpoint_name":"UI debug endpoint","endpoint_target_url":"http://backend:8000/test-webhooks/e3fb4cd6-bed2-4966-bff3-ea87ae2929fb","event_id":"f482e2dc-ed7c-44dd-8db4-02ef3c3c8ffd","event_type":"load.test"},{"id":"58de7019-0014-4a1e-babf-2afd68903f9c","status":"succeeded","total_attempts":2,"next_retry_at":null,"last_error":null,"created_at":"2026-04-24T05:01:22.263483Z","updated_at":"2026-04-24T05:02:24.982537Z","endpoint_id":"5cd890e0-eba3-4707-bd64-65ea65089a73","endpoint_name":"UI debug endpoint 2","endpoint_target_url":"http://backend:8000/test-webhooks/e3fb4cd6-bed2-4966-bff3-ea87ae2929fb","event_id":"f482e2dc-ed7c-44dd-8db4-02ef3c3c8ffd","event_type":"load.test"},{"id":"78782d09-8423-4c53-8bba-c9d2e643339f","status":"succeeded","total_attempts":1,"next_retry_at":null,"last_error":null,"created_at":"2026-04-24T05:01:22.266810Z","updated_at":"2026-04-24T05:01:45.362587Z","endpoint_id":"4884d8c7-abfb-49cf-a00b-95aaa7724c74","endpoint_name":"built-in-test-receiver","endpoint_target_url":"http://backend:8000/test-webhooks/43aed16a-17e6-4e29-b0c7-3a7d162775b4","event_id":"f482e2dc-ed7c-44dd-8db4-02ef3c3c8ffd","event_type":"load.test"},{"id":"a7c58051-dc7c-4f54-868d-551bcda4c84e","status":"succeeded","total_attempts":1,"next_retry_at":null,"last_error":null,"created_at":"2026-04-24T05:01:22.260072Z","updated_at":"2026-04-24T05:01:45.388242Z","endpoint_id":"39f61d7a-03b1-4348-9562-525ea77e7b98","endpoint_name":"Built-in receiver endpoint","endpoint_target_url":"http://backend:8000/test-webhooks/26d9954e-a6f0-42c7-b462-712dba422c71","event_id":"212ce196-dca5-4786-87cb-7ca87d4f617f","event_type":"load.test"},{"id":"3b879975-237f-49d8-be89-d7e1cab33ab8","status":"succeeded","total_attempts":1,"next_retry_at":null,"last_error":null,"created_at":"2026-04-24T05:01:22.264597Z","updated_at":"2026-04-24T05:01:45.407546Z","endpoint_id":"a64ae9fb-09e9-49b9-bd46-269c84266178","endpoint_name":"fresh-debug-endpoint","endpoint_target_url":"http://backend:8000/test-webhooks/7042e8ef-7fce-49c9-ab0a-c16c05525e3a","event_id":"212ce196-dca5-4786-87cb-7ca87d4f617f","event_type":"load.test"},{"id":"c791a7e1-18d5-4b39-bfef-d25b6c0138f5","status":"succeeded","total_attempts":1,"next_retry_at":null,"last_error":null,"created_at":"2026-04-24T05:01:22.266028Z","updated_at":"2026-04-24T05:01:45.476508Z","endpoint_id":"eabedf55-9e53-475f-b6e9-837a3593dc52","endpoint_name":"UI debug endpoint","endpoint_target_url":"http://backend:8000/test-webhooks/e3fb4cd6-bed2-4966-bff3-ea87ae2929fb","event_id":"212ce196-dca5-4786-87cb-7ca87d4f617f","event_type":"load.test"},{"id":"8b885805-3f7b-474f-900e-941270ced718","status":"succeeded","total_attempts":1,"next_retry_at":null,"last_error":null,"created_at":"2026-04-24T05:01:22.271704Z","updated_at":"2026-04-24T05:01:45.829474Z","endpoint_id":"5cd890e0-eba3-4707-bd64-65ea65089a73","endpoint_name":"UI debug endpoint 2","endpoint_target_url":"http://backend:8000/test-webhooks/e3fb4cd6-bed2-4966-bff3-ea87ae2929fb","event_id":"212ce196-dca5-4786-87cb-7ca87d4f617f","event_type":"load.test"},{"id":"4b4ebe42-a960-4263-832d-1d1729b2ef65","status":"succeeded","total_attempts":1,"next_retry_at":null,"last_error":null,"created_at":"2026-04-24T05:01:22.275107Z","updated_at":"2026-04-24T05:01:46.494824Z","endpoint_id":"39f61d7a-03b1-4348-9562-525ea77e7b98","endpoint_name":"Built-in receiver endpoint","endpoint_target_url":"http://backend:8000/test-webhooks/26d9954e-a6f0-42c7-b462-712dba422c71","event_id":"0a5002f2-275c-4902-816c-1e368ea86bbd","event_type":"load.test"},{"id":"92f40bae-9504-4da2-b910-4b80e542191c","status":"succeeded","total_attempts":1,"next_retry_at":null,"last_error":null,"created_at":"2026-04-24T05:01:22.277057Z","updated_at":"2026-04-24T05:01:46.507598Z","endpoint_id":"a64ae9fb-09e9-49b9-bd46-269c84266178","endpoint_name":"fresh-debug-endpoint","endpoint_target_url":"http://backend:8000/test-webhooks/7042e8ef-7fce-49c9-ab0a-c16c05525e3a","event_id":"0a5002f2-275c-4902-816c-1e368ea86bbd","event_type":"load.test"},{"id":"23820102-893d-4c87-832a-b543a4b05af3","status":"succeeded","total_attempts":1,"next_retry_at":null,"last_error":null,"created_at":"2026-04-24T05:01:22.277751Z","updated_at":"2026-04-24T05:01:46.525514Z","endpoint_id":"eabedf55-9e53-475f-b6e9-837a3593dc52","endpoint_name":"UI debug endpoint","endpoint_target_url":"http://backend:8000/test-webhooks/e3fb4cd6-bed2-4966-bff3-ea87ae2929fb","event_id":"0a5002f2-275c-4902-816c-1e368ea86bbd","event_type":"load.test"},{"id":"4639547a-556d-4ccb-88f4-21e9293168bf","status":"succeeded","total_attempts":1,"next_retry_at":null,"last_error":null,"created_at":"2026-04-24T05:01:22.278327Z","updated_at":"2026-04-24T05:01:46.876650Z","endpoint_id":"39f61d7a-03b1-4348-9562-525ea77e7b98","endpoint_name":"Built-in receiver endpoint","endpoint_target_url":"http://backend:8000/test-webhooks/26d9954e-a6f0-42c7-b462-712dba422c71","event_id":"2a67ce01-679d-46a8-8d71-5ee50994ea4b","event_type":"load.test"},{"id":"dd8298c1-25be-4712-93c7-f130104cadc3","status":"succeeded","total_attempts":1,"next_retry_at":null,"last_error":null,"created_at":"2026-04-24T05:01:22.282361Z","updated_at":"2026-04-24T05:01:46.897563Z","endpoint_id":"a64ae9fb-09e9-49b9-bd46-269c84266178","endpoint_name":"fresh-debug-endpoint","endpoint_target_url":"http://backend:8000/test-webhooks/7042e8ef-7fce-49c9-ab0a-c16c05525e3a","event_id":"2a67ce01-679d-46a8-8d71-5ee50994ea4b","event_type":"load.test"},{"id":"5d0c53eb-4a0d-4f84-a5b3-8d86c7e82e6c","status":"succeeded","total_attempts":1,"next_retry_at":null,"last_error":null,"created_at":"2026-04-24T05:01:22.284701Z","updated_at":"2026-04-24T05:01:46.919263Z","endpoint_id":"eabedf55-9e53-475f-b6e9-837a3593dc52","endpoint_name":"UI debug endpoint","endpoint_target_url":"http://backend:8000/test-webhooks/e3fb4cd6-bed2-4966-bff3-ea87ae2929fb","event_id":"2a67ce01-679d-46a8-8d71-5ee50994ea4b","event_type":"load.test"},{"id":"25a37027-09b5-4bec-9481-aaf7c3422161","status":"succeeded","total_attempts":1,"next_retry_at":null,"last_error":null,"created_at":"2026-04-24T05:01:22.285712Z","updated_at":"2026-04-24T05:01:47.037869Z","endpoint_id":"4884d8c7-abfb-49cf-a00b-95aaa7724c74","endpoint_name":"built-in-test-receiver","endpoint_target_url":"http://backend:8000/test-webhooks/43aed16a-17e6-4e29-b0c7-3a7d162775b4","event_id":"0a5002f2-275c-4902-816c-1e368ea86bbd","event_type":"load.test"},{"id":"62e9df0a-1dc0-4c6e-b6f0-e0a4392b5ee4","status":"succeeded","total_attempts":1,"next_retry_at":null,"last_error":null,"created_at":"2026-04-24T05:01:22.285323Z","updated_at":"2026-04-24T05:01:47.366837Z","endpoint_id":"5cd890e0-eba3-4707-bd64-65ea65089a73","endpoint_name":"UI debug endpoint 2","endpoint_target_url":"http://backend:8000/test-webhooks/e3fb4cd6-bed2-4966-bff3-ea87ae2929fb","event_id":"2a67ce01-679d-46a8-8d71-5ee50994ea4b","event_type":"load.test"},{"id":"6427941a-c64a-4b6c-88d8-a1ca5eb6e656","status":"succeeded","total_attempts":1,"next_retry_at":null,"last_error":null,"created_at":"2026-04-24T05:01:22.286373Z","updated_at":"2026-04-24T05:01:47.501707Z","endpoint_id":"4884d8c7-abfb-49cf-a00b-95aaa7724c74","endpoint_name":"built-in-test-receiver","endpoint_target_url":"http://backend:8000/test-webhooks/43aed16a-17e6-4e29-b0c7-3a7d162775b4","event_id":"2a67ce01-679d-46a8-8d71-5ee50994ea4b","event_type":"load.test"},{"id":"9b026a14-a3b3-40c1-ac51-110dcddbd9c3","status":"succeeded","total_attempts":1,"next_retry_at":null,"last_error":null,"created_at":"2026-04-24T05:01:22.302083Z","updated_at":"2026-04-24T05:01:48.001297Z","endpoint_id":"39f61d7a-03b1-4348-9562-525ea77e7b98","endpoint_name":"Built-in receiver endpoint","endpoint_target_url":"http://backend:8000/test-webhooks/26d9954e-a6f0-42c7-b462-712dba422c71","event_id":"a8e3f9f7-1f27-427d-a90c-dbc8d393fc69","event_type":"load.test"},{"id":"81aa13af-82dd-4e0d-8048-aaf090906d27","status":"succeeded","total_attempts":1,"next_retry_at":null,"last_error":null,"created_at":"2026-04-24T05:01:22.304049Z","updated_at":"2026-04-24T05:01:48.143760Z","endpoint_id":"a64ae9fb-09e9-49b9-bd46-269c84266178","endpoint_name":"fresh-debug-endpoint","endpoint_target_url":"http://backend:8000/test-webhooks/7042e8ef-7fce-49c9-ab0a-c16c05525e3a","event_id":"a8e3f9f7-1f27-427d-a90c-dbc8d393fc69","event_type":"load.test"},{"id":"937f32e2-d931-4cad-8343-a2ea2b5de3dc","status":"succeeded","total_attempts":1,"next_retry_at":null,"last_error":null,"created_at":"2026-04-24T05:01:22.304613Z","updated_at":"2026-04-24T05:01:48.161980Z","endpoint_id":"eabedf55-9e53-475f-b6e9-837a3593dc52","endpoint_name":"UI debug endpoint","endpoint_target_url":"http://backend:8000/test-webhooks/e3fb4cd6-bed2-4966-bff3-ea87ae2929fb","event_id":"a8e3f9f7-1f27-427d-a90c-dbc8d393fc69","event_type":"load.test"},{"id":"ffac9053-8d97-437e-b248-8be78bd6fd25","status":"succeeded","total_attempts":2,"next_retry_at":null,"last_error":null,"created_at":"2026-04-24T05:01:22.305306Z","updated_at":"2026-04-24T05:02:26.274281Z","endpoint_id":"5cd890e0-eba3-4707-bd64-65ea65089a73","endpoint_name":"UI debug endpoint 2","endpoint_target_url":"http://backend:8000/test-webhooks/e3fb4cd6-bed2-4966-bff3-ea87ae2929fb","event_id":"a8e3f9f7-1f27-427d-a90c-dbc8d393fc69","event_type":"load.test"},{"id":"2cd7a7d6-edbf-4446-b7d4-6bac4065b355","status":"succeeded","total_attempts":1,"next_retry_at":null,"last_error":null,"created_at":"2026-04-24T05:01:22.305795Z","updated_at":"2026-04-24T05:01:48.640970Z","endpoint_id":"4884d8c7-abfb-49cf-a00b-95aaa7724c74","endpoint_name":"built-in-test-receiver","endpoint_target_url":"http://backend:8000/test-webhooks/43aed16a-17e6-4e29-b0c7-3a7d162775b4","event_id":"a8e3f9f7-1f27-427d-a90c-dbc8d393fc69","event_type":"load.test"},{"id":"fe20e015-0f18-44d8-84d3-00b78c9a9781","status":"succeeded","total_attempts":1,"next_retry_at":null,"last_error":null,"created_at":"2026-04-24T05:01:22.303318Z","updated_at":"2026-04-24T05:01:48.665877Z","endpoint_id":"39f61d7a-03b1-4348-9562-525ea77e7b98","endpoint_name":"Built-in receiver endpoint","endpoint_target_url":"http://backend:8000/test-webhooks/26d9954e-a6f0-42c7-b462-712dba422c71","event_id":"3a89f04d-ab87-4ada-8222-cf21f61331d9","event_type":"load.test"},{"id":"cb5936e0-8fb6-41eb-9baa-f767b47a844a","status":"succeeded","total_attempts":1,"next_retry_at":null,"last_error":null,"created_at":"2026-04-24T05:01:22.308596Z","updated_at":"2026-04-24T05:01:48.685831Z","endpoint_id":"a64ae9fb-09e9-49b9-bd46-269c84266178","endpoint_name":"fresh-debug-endpoint","endpoint_target_url":"http://backend:8000/test-webhooks/7042e8ef-7fce-49c9-ab0a-c16c05525e3a","event_id":"3a89f04d-ab87-4ada-8222-cf21f61331d9","event_type":"load.test"},{"id":"a18188a6-dac6-4f69-9668-c49d8514b642","status":"succeeded","total_attempts":1,"next_retry_at":null,"last_error":null,"created_at":"2026-04-24T05:01:22.309390Z","updated_at":"2026-04-24T05:01:48.704352Z","endpoint_id":"eabedf55-9e53-475f-b6e9-837a3593dc52","endpoint_name":"UI debug endpoint","endpoint_target_url":"http://backend:8000/test-webhooks/e3fb4cd6-bed2-4966-bff3-ea87ae2929fb","event_id":"3a89f04d-ab87-4ada-8222-cf21f61331d9","event_type":"load.test"},{"id":"626fb905-6436-40f7-b42f-3d4b85bbc997","status":"succeeded","total_attempts":1,"next_retry_at":null,"last_error":null,"created_at":"2026-04-24T05:01:22.313955Z","updated_at":"2026-04-24T05:01:49.165116Z","endpoint_id":"4884d8c7-abfb-49cf-a00b-95aaa7724c74","endpoint_name":"built-in-test-receiver","endpoint_target_url":"http://backend:8000/test-webhooks/43aed16a-17e6-4e29-b0c7-3a7d162775b4","event_id":"3a89f04d-ab87-4ada-8222-cf21f61331d9","event_type":"load.test"},{"id":"ee761eec-17dd-446c-9e6a-559876ee6b2e","status":"succeeded","total_attempts":1,"next_retry_at":null,"last_error":null,"created_at":"2026-04-24T05:01:22.319951Z","updated_at":"2026-04-24T05:01:49.198902Z","endpoint_id":"39f61d7a-03b1-4348-9562-525ea77e7b98","endpoint_name":"Built-in receiver endpoint","endpoint_target_url":"http://backend:8000/test-webhooks/26d9954e-a6f0-42c7-b462-712dba422c71","event_id":"0093af62-d4fd-4f0d-9764-e9ed6bbd0199","event_type":"load.test"},{"id":"c14d6977-714a-48e5-acb8-03cc6c2adf57","status":"succeeded","total_attempts":1,"next_retry_at":null,"last_error":null,"created_at":"2026-04-24T05:01:22.321640Z","updated_at":"2026-04-24T05:01:49.217692Z","endpoint_id":"a64ae9fb-09e9-49b9-bd46-269c84266178","endpoint_name":"fresh-debug-endpoint","endpoint_target_url":"http://backend:8000/test-webhooks/7042e8ef-7fce-49c9-ab0a-c16c05525e3a","event_id":"0093af62-d4fd-4f0d-9764-e9ed6bbd0199","event_type":"load.test"},{"id":"5d42b74d-ddaf-428c-883d-ed5fdae6e0f7","status":"succeeded","total_attempts":1,"next_retry_at":null,"last_error":null,"created_at":"2026-04-24T05:01:22.323854Z","updated_at":"2026-04-24T05:01:49.245621Z","endpoint_id":"eabedf55-9e53-475f-b6e9-837a3593dc52","endpoint_name":"UI debug endpoint","endpoint_target_url":"http://backend:8000/test-webhooks/e3fb4cd6-bed2-4966-bff3-ea87ae2929fb","event_id":"0093af62-d4fd-4f0d-9764-e9ed6bbd0199","event_type":"load.test"},{"id":"3cbbc7eb-9d69-4478-8afe-e4938ac3c35f","status":"succeeded","total_attempts":1,"next_retry_at":null,"last_error":null,"created_at":"2026-04-24T05:01:22.323630Z","updated_at":"2026-04-24T05:01:49.271153Z","endpoint_id":"39f61d7a-03b1-4348-9562-525ea77e7b98","endpoint_name":"Built-in receiver endpoint","endpoint_target_url":"http://backend:8000/test-webhooks/26d9954e-a6f0-42c7-b462-712dba422c71","event_id":"9f9db660-9ed3-459d-83f2-40f531b246c0","event_type":"load.test"},{"id":"e9240f36-ea1e-446f-9c00-d14fcae32e7a","status":"succeeded","total_attempts":1,"next_retry_at":null,"last_error":null,"created_at":"2026-04-24T05:01:22.326187Z","updated_at":"2026-04-24T05:01:49.738854Z","endpoint_id":"4884d8c7-abfb-49cf-a00b-95aaa7724c74","endpoint_name":"built-in-test-receiver","endpoint_target_url":"http://backend:8000/test-webhooks/43aed16a-17e6-4e29-b0c7-3a7d162775b4","event_id":"0093af62-d4fd-4f0d-9764-e9ed6bbd0199","event_type":"load.test"},{"id":"954f9bbd-7518-4338-abed-929d15a41d1a","status":"succeeded","total_attempts":1,"next_retry_at":null,"last_error":null,"created_at":"2026-04-24T05:01:22.326445Z","updated_at":"2026-04-24T05:01:50.233009Z","endpoint_id":"a64ae9fb-09e9-49b9-bd46-269c84266178","endpoint_name":"fresh-debug-endpoint","endpoint_target_url":"http://backend:8000/test-webhooks/7042e8ef-7fce-49c9-ab0a-c16c05525e3a","event_id":"9f9db660-9ed3-459d-83f2-40f531b246c0","event_type":"load.test"},{"id":"ec846e75-e0ec-433b-8b92-a98cfdc39cf9","status":"succeeded","total_attempts":1,"next_retry_at":null,"last_error":null,"created_at":"2026-04-24T05:01:22.330657Z","updated_at":"2026-04-24T05:01:50.253795Z","endpoint_id":"eabedf55-9e53-475f-b6e9-837a3593dc52","endpoint_name":"UI debug endpoint","endpoint_target_url":"http://backend:8000/test-webhooks/e3fb4cd6-bed2-4966-bff3-ea87ae2929fb","event_id":"9f9db660-9ed3-459d-83f2-40f531b246c0","event_type":"load.test"},{"id":"0461cf61-762e-44c7-bbff-51d48e2f522c","status":"succeeded","total_attempts":1,"next_retry_at":null,"last_error":null,"created_at":"2026-04-24T05:01:22.335650Z","updated_at":"2026-04-24T05:01:50.275064Z","endpoint_id":"39f61d7a-03b1-4348-9562-525ea77e7b98","endpoint_name":"Built-in receiver endpoint","endpoint_target_url":"http://backend:8000/test-webhooks/26d9954e-a6f0-42c7-b462-712dba422c71","event_id":"d8f6b6af-4f03-428d-b3c1-65c56c75b656","event_type":"load.test"},{"id":"53b85780-d454-4871-81df-4012ab03f5eb","status":"succeeded","total_attempts":1,"next_retry_at":null,"last_error":null,"created_at":"2026-04-24T05:01:22.337557Z","updated_at":"2026-04-24T05:01:50.291434Z","endpoint_id":"a64ae9fb-09e9-49b9-bd46-269c84266178","endpoint_name":"fresh-debug-endpoint","endpoint_target_url":"http://backend:8000/test-webhooks/7042e8ef-7fce-49c9-ab0a-c16c05525e3a","event_id":"d8f6b6af-4f03-428d-b3c1-65c56c75b656","event_type":"load.test"},{"id":"237bc093-e5e2-4b79-926d-73e473f97866","status":"succeeded","total_attempts":1,"next_retry_at":null,"last_error":null,"created_at":"2026-04-24T05:01:22.338096Z","updated_at":"2026-04-24T05:01:50.304368Z","endpoint_id":"eabedf55-9e53-475f-b6e9-837a3593dc52","endpoint_name":"UI debug endpoint","endpoint_target_url":"http://backend:8000/test-webhooks/e3fb4cd6-bed2-4966-bff3-ea87ae2929fb","event_id":"d8f6b6af-4f03-428d-b3c1-65c56c75b656","event_type":"load.test"},{"id":"91d2332a-642c-481e-9171-9187da5e378d","status":"succeeded","total_attempts":2,"next_retry_at":null,"last_error":null,"created_at":"2026-04-24T05:01:22.333539Z","updated_at":"2026-04-24T05:02:27.242301Z","endpoint_id":"5cd890e0-eba3-4707-bd64-65ea65089a73","endpoint_name":"UI debug endpoint 2","endpoint_target_url":"http://backend:8000/test-webhooks/e3fb4cd6-bed2-4966-bff3-ea87ae2929fb","event_id":"9f9db660-9ed3-459d-83f2-40f531b246c0","event_type":"load.test"},{"id":"f8b2c356-4c28-4353-a3b1-7cfc390bbd65","status":"succeeded","total_attempts":1,"next_retry_at":null,"last_error":null,"created_at":"2026-04-24T05:01:22.336006Z","updated_at":"2026-04-24T05:01:50.650775Z","endpoint_id":"39f61d7a-03b1-4348-9562-525ea77e7b98","endpoint_name":"Built-in receiver endpoint","endpoint_target_url":"http://backend:8000/test-webhooks/26d9954e-a6f0-42c7-b462-712dba422c71","event_id":"3c3b3d09-2525-4295-a260-12cd3ecf5b72","event_type":"load.test"},{"id":"567fed0c-adb7-40ee-b15e-d772fa2cb167","status":"succeeded","total_attempts":1,"next_retry_at":null,"last_error":null,"created_at":"2026-04-24T05:01:22.332325Z","updated_at":"2026-04-24T05:01:51.135792Z","endpoint_id":"39f61d7a-03b1-4348-9562-525ea77e7b98","endpoint_name":"Built-in receiver endpoint","endpoint_target_url":"http://backend:8000/test-webhooks/26d9954e-a6f0-42c7-b462-712dba422c71","event_id":"8e61f257-457d-465d-a44f-b724790cf20c","event_type":"load.test"},{"id":"a216f801-cab8-4db8-b27a-3194cfa8cb42","status":"succeeded","total_attempts":1,"next_retry_at":null,"last_error":null,"created_at":"2026-04-24T05:01:22.333262Z","updated_at":"2026-04-24T05:01:51.162914Z","endpoint_id":"a64ae9fb-09e9-49b9-bd46-269c84266178","endpoint_name":"fresh-debug-endpoint","endpoint_target_url":"http://backend:8000/test-webhooks/7042e8ef-7fce-49c9-ab0a-c16c05525e3a","event_id":"8e61f257-457d-465d-a44f-b724790cf20c","event_type":"load.test"},{"id":"ad9981d3-6aaa-42f4-aedd-6d2016cd7b4f","status":"succeeded","total_attempts":1,"next_retry_at":null,"last_error":null,"created_at":"2026-04-24T05:01:22.337235Z","updated_at":"2026-04-24T05:01:51.507513Z","endpoint_id":"a64ae9fb-09e9-49b9-bd46-269c84266178","endpoint_name":"fresh-debug-endpoint","endpoint_target_url":"http://backend:8000/test-webhooks/7042e8ef-7fce-49c9-ab0a-c16c05525e3a","event_id":"3c3b3d09-2525-4295-a260-12cd3ecf5b72","event_type":"load.test"},{"id":"4ec01047-5d18-4c81-83d0-3c6ba91c9c6d","status":"succeeded","total_attempts":1,"next_retry_at":null,"last_error":null,"created_at":"2026-04-24T05:01:22.334553Z","updated_at":"2026-04-24T05:01:51.760721Z","endpoint_id":"4884d8c7-abfb-49cf-a00b-95aaa7724c74","endpoint_name":"built-in-test-receiver","endpoint_target_url":"http://backend:8000/test-webhooks/43aed16a-17e6-4e29-b0c7-3a7d162775b4","event_id":"9f9db660-9ed3-459d-83f2-40f531b246c0","event_type":"load.test"},{"id":"497bbef1-e79f-4f2e-8663-0b9b43c5fe48","status":"succeeded","total_attempts":1,"next_retry_at":null,"last_error":null,"created_at":"2026-04-24T05:01:22.338330Z","updated_at":"2026-04-24T05:01:51.782267Z","endpoint_id":"eabedf55-9e53-475f-b6e9-837a3593dc52","endpoint_name":"UI debug endpoint","endpoint_target_url":"http://backend:8000/test-webhooks/e3fb4cd6-bed2-4966-bff3-ea87ae2929fb","event_id":"3c3b3d09-2525-4295-a260-12cd3ecf5b72","event_type":"load.test"},{"id":"3b7e9a21-e154-4e13-b0ba-e61478f8f8d5","status":"succeeded","total_attempts":1,"next_retry_at":null,"last_error":null,"created_at":"2026-04-24T05:01:22.336260Z","updated_at":"2026-04-24T05:01:52.159445Z","endpoint_id":"eabedf55-9e53-475f-b6e9-837a3593dc52","endpoint_name":"UI debug endpoint","endpoint_target_url":"http://backend:8000/test-webhooks/e3fb4cd6-bed2-4966-bff3-ea87ae2929fb","event_id":"8e61f257-457d-465d-a44f-b724790cf20c","event_type":"load.test"},{"id":"d34beacb-4043-4bf9-80ce-9b1f1b01a5aa","status":"succeeded","total_attempts":1,"next_retry_at":null,"last_error":null,"created_at":"2026-04-24T05:01:22.338730Z","updated_at":"2026-04-24T05:01:52.746703Z","endpoint_id":"4884d8c7-abfb-49cf-a00b-95aaa7724c74","endpoint_name":"built-in-test-receiver","endpoint_target_url":"http://backend:8000/test-webhooks/43aed16a-17e6-4e29-b0c7-3a7d162775b4","event_id":"8e61f257-457d-465d-a44f-b724790cf20c","event_type":"load.test"},{"id":"19b67b38-4880-4987-a14c-2d347b33b79b","status":"succeeded","total_attempts":1,"next_retry_at":null,"last_error":null,"created_at":"2026-04-24T05:01:22.391777Z","updated_at":"2026-04-24T05:01:54.713961Z","endpoint_id":"39f61d7a-03b1-4348-9562-525ea77e7b98","endpoint_name":"Built-in receiver endpoint","endpoint_target_url":"http://backend:8000/test-webhooks/26d9954e-a6f0-42c7-b462-712dba422c71","event_id":"23314521-7bd3-455d-8d1d-fd5160b61649","event_type":"load.test"},{"id":"058bf2a0-3440-4a5a-9b8e-b7a776ad8ab0","status":"succeeded","total_attempts":1,"next_retry_at":null,"last_error":null,"created_at":"2026-04-24T05:01:22.393083Z","updated_at":"2026-04-24T05:01:54.747918Z","endpoint_id":"a64ae9fb-09e9-49b9-bd46-269c84266178","endpoint_name":"fresh-debug-endpoint","endpoint_target_url":"http://backend:8000/test-webhooks/7042e8ef-7fce-49c9-ab0a-c16c05525e3a","event_id":"23314521-7bd3-455d-8d1d-fd5160b61649","event_type":"load.test"},{"id":"7a2f0f26-4541-4781-8352-36642b0e2b0e","status":"succeeded","total_attempts":1,"next_retry_at":null,"last_error":null,"created_at":"2026-04-24T05:01:22.582340Z","updated_at":"2026-04-24T05:02:04.949180Z","endpoint_id":"4884d8c7-abfb-49cf-a00b-95aaa7724c74","endpoint_name":"built-in-test-receiver","endpoint_target_url":"http://backend:8000/test-webhooks/43aed16a-17e6-4e29-b0c7-3a7d162775b4","event_id":"05525a3b-bfbd-457c-a375-8ef909382a3f","event_type":"load.test"},{"id":"e766a1d8-08ba-41af-9565-15ff6e9e0a5a","status":"succeeded","total_attempts":1,"next_retry_at":null,"last_error":null,"created_at":"2026-04-24T05:01:22.393925Z","updated_at":"2026-04-24T05:01:55.235580Z","endpoint_id":"eabedf55-9e53-475f-b6e9-837a3593dc52","endpoint_name":"UI debug endpoint","endpoint_target_url":"http://backend:8000/test-webhooks/e3fb4cd6-bed2-4966-bff3-ea87ae2929fb","event_id":"23314521-7bd3-455d-8d1d-fd5160b61649","event_type":"load.test"},{"id":"21c5acba-984a-411f-a3ba-df6f38c9e2d4","status":"succeeded","total_attempts":1,"next_retry_at":null,"last_error":null,"created_at":"2026-04-24T05:01:22.397751Z","updated_at":"2026-04-24T05:01:55.893674Z","endpoint_id":"5cd890e0-eba3-4707-bd64-65ea65089a73","endpoint_name":"UI debug endpoint 2","endpoint_target_url":"http://backend:8000/test-webhooks/e3fb4cd6-bed2-4966-bff3-ea87ae2929fb","event_id":"23314521-7bd3-455d-8d1d-fd5160b61649","event_type":"load.test"},{"id":"83d564d8-9bb6-4011-900a-1417c388e758","status":"succeeded","total_attempts":1,"next_retry_at":null,"last_error":null,"created_at":"2026-04-24T05:01:22.677144Z","updated_at":"2026-04-24T05:02:12.331603Z","endpoint_id":"39f61d7a-03b1-4348-9562-525ea77e7b98","endpoint_name":"Built-in receiver endpoint","endpoint_target_url":"http://backend:8000/test-webhooks/26d9954e-a6f0-42c7-b462-712dba422c71","event_id":"f7971543-6133-4176-9c3f-fc798d2a8697","event_type":"load.test"},{"id":"b4e86fa7-6d96-48dd-92ea-e466c5a1e671","status":"succeeded","total_attempts":1,"next_retry_at":null,"last_error":null,"created_at":"2026-04-24T05:01:22.403943Z","updated_at":"2026-04-24T05:01:56.044047Z","endpoint_id":"4884d8c7-abfb-49cf-a00b-95aaa7724c74","endpoint_name":"built-in-test-receiver","endpoint_target_url":"http://backend:8000/test-webhooks/43aed16a-17e6-4e29-b0c7-3a7d162775b4","event_id":"23314521-7bd3-455d-8d1d-fd5160b61649","event_type":"load.test"},{"id":"e0e5b06a-55ba-480e-b650-9e28b33b075a","status":"succeeded","total_attempts":1,"next_retry_at":null,"last_error":null,"created_at":"2026-04-24T05:01:22.454043Z","updated_at":"2026-04-24T05:01:58.846340Z","endpoint_id":"39f61d7a-03b1-4348-9562-525ea77e7b98","endpoint_name":"Built-in receiver endpoint","endpoint_target_url":"http://backend:8000/test-webhooks/26d9954e-a6f0-42c7-b462-712dba422c71","event_id":"cccf3c9c-02ea-41c6-99fd-25658b47a25b","event_type":"load.test"},{"id":"9f8b3091-1052-42b6-811c-d044c14f2d74","status":"succeeded","total_attempts":1,"next_retry_at":null,"last_error":null,"created_at":"2026-04-24T05:01:22.679339Z","updated_at":"2026-04-24T05:02:12.345299Z","endpoint_id":"a64ae9fb-09e9-49b9-bd46-269c84266178","endpoint_name":"fresh-debug-endpoint","endpoint_target_url":"http://backend:8000/test-webhooks/7042e8ef-7fce-49c9-ab0a-c16c05525e3a","event_id":"f7971543-6133-4176-9c3f-fc798d2a8697","event_type":"load.test"},{"id":"a3c19be7-67d5-47c2-a680-7b065e23e7f0","status":"succeeded","total_attempts":1,"next_retry_at":null,"last_error":null,"created_at":"2026-04-24T05:01:22.466744Z","updated_at":"2026-04-24T05:01:59.250109Z","endpoint_id":"a64ae9fb-09e9-49b9-bd46-269c84266178","endpoint_name":"fresh-debug-endpoint","endpoint_target_url":"http://backend:8000/test-webhooks/7042e8ef-7fce-49c9-ab0a-c16c05525e3a","event_id":"cccf3c9c-02ea-41c6-99fd-25658b47a25b","event_type":"load.test"},{"id":"c9cfab03-0b57-439d-b2c2-853c40eeddeb","status":"succeeded","total_attempts":1,"next_retry_at":null,"last_error":null,"created_at":"2026-04-24T05:01:22.468508Z","updated_at":"2026-04-24T05:01:59.442705Z","endpoint_id":"eabedf55-9e53-475f-b6e9-837a3593dc52","endpoint_name":"UI debug endpoint","endpoint_target_url":"http://backend:8000/test-webhooks/e3fb4cd6-bed2-4966-bff3-ea87ae2929fb","event_id":"cccf3c9c-02ea-41c6-99fd-25658b47a25b","event_type":"load.test"},{"id":"9665d813-e9a7-42c4-a3e5-c4a613872cf8","status":"succeeded","total_attempts":1,"next_retry_at":null,"last_error":null,"created_at":"2026-04-24T05:01:22.682384Z","updated_at":"2026-04-24T05:02:12.361352Z","endpoint_id":"eabedf55-9e53-475f-b6e9-837a3593dc52","endpoint_name":"UI debug endpoint","endpoint_target_url":"http://backend:8000/test-webhooks/e3fb4cd6-bed2-4966-bff3-ea87ae2929fb","event_id":"f7971543-6133-4176-9c3f-fc798d2a8697","event_type":"load.test"},{"id":"84def6ac-d4b2-4ddb-8101-f3266dd9a184","status":"succeeded","total_attempts":2,"next_retry_at":null,"last_error":null,"created_at":"2026-04-24T05:01:22.579337Z","updated_at":"2026-04-24T05:02:38.651402Z","endpoint_id":"5cd890e0-eba3-4707-bd64-65ea65089a73","endpoint_name":"UI debug endpoint 2","endpoint_target_url":"http://backend:8000/test-webhooks/e3fb4cd6-bed2-4966-bff3-ea87ae2929fb","event_id":"05525a3b-bfbd-457c-a375-8ef909382a3f","event_type":"load.test"},{"id":"b0620881-c54e-42e4-9d58-b940ec712dcf","status":"succeeded","total_attempts":1,"next_retry_at":null,"last_error":null,"created_at":"2026-04-24T05:01:22.472924Z","updated_at":"2026-04-24T05:02:01.162338Z","endpoint_id":"4884d8c7-abfb-49cf-a00b-95aaa7724c74","endpoint_name":"built-in-test-receiver","endpoint_target_url":"http://backend:8000/test-webhooks/43aed16a-17e6-4e29-b0c7-3a7d162775b4","event_id":"cccf3c9c-02ea-41c6-99fd-25658b47a25b","event_type":"load.test"},{"id":"5f122811-3193-4bac-a3c3-41d4a7433827","status":"succeeded","total_attempts":1,"next_retry_at":null,"last_error":null,"created_at":"2026-04-24T05:01:22.683495Z","updated_at":"2026-04-24T05:02:12.686250Z","endpoint_id":"5cd890e0-eba3-4707-bd64-65ea65089a73","endpoint_name":"UI debug endpoint 2","endpoint_target_url":"http://backend:8000/test-webhooks/e3fb4cd6-bed2-4966-bff3-ea87ae2929fb","event_id":"f7971543-6133-4176-9c3f-fc798d2a8697","event_type":"load.test"},{"id":"34e64ddd-7640-45b1-ad61-70005ddded3d","status":"succeeded","total_attempts":1,"next_retry_at":null,"last_error":null,"created_at":"2026-04-24T05:01:22.488118Z","updated_at":"2026-04-24T05:02:02.281437Z","endpoint_id":"39f61d7a-03b1-4348-9562-525ea77e7b98","endpoint_name":"Built-in receiver endpoint","endpoint_target_url":"http://backend:8000/test-webhooks/26d9954e-a6f0-42c7-b462-712dba422c71","event_id":"f53ff08c-c958-4f0d-ba30-a9bec7eb9f9f","event_type":"load.test"},{"id":"4170099d-d022-4565-a7f2-eae353df5018","status":"succeeded","total_attempts":1,"next_retry_at":null,"last_error":null,"created_at":"2026-04-24T05:01:22.492303Z","updated_at":"2026-04-24T05:02:02.417983Z","endpoint_id":"a64ae9fb-09e9-49b9-bd46-269c84266178","endpoint_name":"fresh-debug-endpoint","endpoint_target_url":"http://backend:8000/test-webhooks/7042e8ef-7fce-49c9-ab0a-c16c05525e3a","event_id":"f53ff08c-c958-4f0d-ba30-a9bec7eb9f9f","event_type":"load.test"},{"id":"5be27c97-7a0e-47b5-a0ea-18633df08711","status":"succeeded","total_attempts":1,"next_retry_at":null,"last_error":null,"created_at":"2026-04-24T05:01:22.688049Z","updated_at":"2026-04-24T05:02:12.825556Z","endpoint_id":"4884d8c7-abfb-49cf-a00b-95aaa7724c74","endpoint_name":"built-in-test-receiver","endpoint_target_url":"http://backend:8000/test-webhooks/43aed16a-17e6-4e29-b0c7-3a7d162775b4","event_id":"f7971543-6133-4176-9c3f-fc798d2a8697","event_type":"load.test"},{"id":"29150a14-1b6d-45f5-94df-cea05ebf0821","status":"succeeded","total_attempts":1,"next_retry_at":null,"last_error":null,"created_at":"2026-04-24T05:01:22.493098Z","updated_at":"2026-04-24T05:02:02.435003Z","endpoint_id":"eabedf55-9e53-475f-b6e9-837a3593dc52","endpoint_name":"UI debug endpoint","endpoint_target_url":"http://backend:8000/test-webhooks/e3fb4cd6-bed2-4966-bff3-ea87ae2929fb","event_id":"f53ff08c-c958-4f0d-ba30-a9bec7eb9f9f","event_type":"load.test"},{"id":"012b6d22-2ed4-4418-8f30-2d1f2f02dd75","status":"failed","total_attempts":3,"next_retry_at":null,"last_error":"http_5xx: 503","created_at":"2026-04-24T05:01:22.469662Z","updated_at":"2026-04-24T05:04:41.486432Z","endpoint_id":"5cd890e0-eba3-4707-bd64-65ea65089a73","endpoint_name":"UI debug endpoint 2","endpoint_target_url":"http://backend:8000/test-webhooks/e3fb4cd6-bed2-4966-bff3-ea87ae2929fb","event_id":"cccf3c9c-02ea-41c6-99fd-25658b47a25b","event_type":"load.test"},{"id":"094f59c8-e0de-4768-a915-0231ad40d48d","status":"succeeded","total_attempts":1,"next_retry_at":null,"last_error":null,"created_at":"2026-04-24T05:01:22.499620Z","updated_at":"2026-04-24T05:02:02.894815Z","endpoint_id":"4884d8c7-abfb-49cf-a00b-95aaa7724c74","endpoint_name":"built-in-test-receiver","endpoint_target_url":"http://backend:8000/test-webhooks/43aed16a-17e6-4e29-b0c7-3a7d162775b4","event_id":"f53ff08c-c958-4f0d-ba30-a9bec7eb9f9f","event_type":"load.test"},{"id":"773bbdb0-c35b-48fe-ac35-217eb18d00bf","status":"failed","total_attempts":3,"next_retry_at":null,"last_error":"http_5xx: 503","created_at":"2026-04-24T05:01:22.496022Z","updated_at":"2026-04-24T05:04:41.819292Z","endpoint_id":"5cd890e0-eba3-4707-bd64-65ea65089a73","endpoint_name":"UI debug endpoint 2","endpoint_target_url":"http://backend:8000/test-webhooks/e3fb4cd6-bed2-4966-bff3-ea87ae2929fb","event_id":"f53ff08c-c958-4f0d-ba30-a9bec7eb9f9f","event_type":"load.test"},{"id":"751946db-1e49-4595-9d0b-1987ce1de55f","status":"succeeded","total_attempts":1,"next_retry_at":null,"last_error":null,"created_at":"2026-04-24T05:01:22.575590Z","updated_at":"2026-04-24T05:02:04.435126Z","endpoint_id":"39f61d7a-03b1-4348-9562-525ea77e7b98","endpoint_name":"Built-in receiver endpoint","endpoint_target_url":"http://backend:8000/test-webhooks/26d9954e-a6f0-42c7-b462-712dba422c71","event_id":"05525a3b-bfbd-457c-a375-8ef909382a3f","event_type":"load.test"},{"id":"90eae6a9-3651-4b30-a4d8-76c17d6d3897","status":"succeeded","total_attempts":1,"next_retry_at":null,"last_error":null,"created_at":"2026-04-24T05:01:22.577058Z","updated_at":"2026-04-24T05:02:04.463739Z","endpoint_id":"a64ae9fb-09e9-49b9-bd46-269c84266178","endpoint_name":"fresh-debug-endpoint","endpoint_target_url":"http://backend:8000/test-webhooks/7042e8ef-7fce-49c9-ab0a-c16c05525e3a","event_id":"05525a3b-bfbd-457c-a375-8ef909382a3f","event_type":"load.test"},{"id":"085d9550-441a-4158-bed6-c83439573d2a","status":"succeeded","total_attempts":1,"next_retry_at":null,"last_error":null,"created_at":"2026-04-24T05:01:22.578203Z","updated_at":"2026-04-24T05:02:04.491963Z","endpoint_id":"eabedf55-9e53-475f-b6e9-837a3593dc52","endpoint_name":"UI debug endpoint","endpoint_target_url":"http://backend:8000/test-webhooks/e3fb4cd6-bed2-4966-bff3-ea87ae2929fb","event_id":"05525a3b-bfbd-457c-a375-8ef909382a3f","event_type":"load.test"},{"id":"dec19ee7-6e95-42ba-9753-0712bf248f37","status":"succeeded","total_attempts":3,"next_retry_at":null,"last_error":null,"created_at":"2026-04-24T05:01:22.339800Z","updated_at":"2026-04-24T05:04:27.959208Z","endpoint_id":"5cd890e0-eba3-4707-bd64-65ea65089a73","endpoint_name":"UI debug endpoint 2","endpoint_target_url":"http://backend:8000/test-webhooks/e3fb4cd6-bed2-4966-bff3-ea87ae2929fb","event_id":"d8f6b6af-4f03-428d-b3c1-65c56c75b656","event_type":"load.test"},{"id":"d121a428-e05b-4caf-a693-9e02079aee67","status":"succeeded","total_attempts":1,"next_retry_at":null,"last_error":null,"created_at":"2026-04-24T05:01:22.340942Z","updated_at":"2026-04-24T05:01:51.120116Z","endpoint_id":"4884d8c7-abfb-49cf-a00b-95aaa7724c74","endpoint_name":"built-in-test-receiver","endpoint_target_url":"http://backend:8000/test-webhooks/43aed16a-17e6-4e29-b0c7-3a7d162775b4","event_id":"d8f6b6af-4f03-428d-b3c1-65c56c75b656","event_type":"load.test"},{"id":"5ca29db0-4b84-4323-bac9-55e047ef58fe","status":"succeeded","total_attempts":1,"next_retry_at":null,"last_error":null,"created_at":"2026-04-24T05:01:22.340035Z","updated_at":"2026-04-24T05:01:52.119613Z","endpoint_id":"5cd890e0-eba3-4707-bd64-65ea65089a73","endpoint_name":"UI debug endpoint 2","endpoint_target_url":"http://backend:8000/test-webhooks/e3fb4cd6-bed2-4966-bff3-ea87ae2929fb","event_id":"3c3b3d09-2525-4295-a260-12cd3ecf5b72","event_type":"load.test"},{"id":"a542392f-7a65-4915-8f09-4ede1b9c5419","status":"succeeded","total_attempts":1,"next_retry_at":null,"last_error":null,"created_at":"2026-04-24T05:01:22.340694Z","updated_at":"2026-04-24T05:01:52.283046Z","endpoint_id":"4884d8c7-abfb-49cf-a00b-95aaa7724c74","endpoint_name":"built-in-test-receiver","endpoint_target_url":"http://backend:8000/test-webhooks/43aed16a-17e6-4e29-b0c7-3a7d162775b4","event_id":"3c3b3d09-2525-4295-a260-12cd3ecf5b72","event_type":"load.test"},{"id":"67dba2b5-b895-4c85-9bfd-7da9d3c1ef05","status":"succeeded","total_attempts":1,"next_retry_at":null,"last_error":null,"created_at":"2026-04-24T05:01:22.357553Z","updated_at":"2026-04-24T05:01:52.759869Z","endpoint_id":"39f61d7a-03b1-4348-9562-525ea77e7b98","endpoint_name":"Built-in receiver endpoint","endpoint_target_url":"http://backend:8000/test-webhooks/26d9954e-a6f0-42c7-b462-712dba422c71","event_id":"402ab5dd-22ed-46ab-8f07-2169c91f7767","event_type":"load.test"},{"id":"32690e46-8a6c-4319-b2e8-838e08ed5419","status":"succeeded","total_attempts":1,"next_retry_at":null,"last_error":null,"created_at":"2026-04-24T05:01:22.358655Z","updated_at":"2026-04-24T05:01:52.772942Z","endpoint_id":"a64ae9fb-09e9-49b9-bd46-269c84266178","endpoint_name":"fresh-debug-endpoint","endpoint_target_url":"http://backend:8000/test-webhooks/7042e8ef-7fce-49c9-ab0a-c16c05525e3a","event_id":"402ab5dd-22ed-46ab-8f07-2169c91f7767","event_type":"load.test"},{"id":"1af48cc8-159e-4cba-88fd-a82734d41750","status":"succeeded","total_attempts":1,"next_retry_at":null,"last_error":null,"created_at":"2026-04-24T05:01:22.359766Z","updated_at":"2026-04-24T05:01:52.786219Z","endpoint_id":"eabedf55-9e53-475f-b6e9-837a3593dc52","endpoint_name":"UI debug endpoint","endpoint_target_url":"http://backend:8000/test-webhooks/e3fb4cd6-bed2-4966-bff3-ea87ae2929fb","event_id":"402ab5dd-22ed-46ab-8f07-2169c91f7767","event_type":"load.test"},{"id":"b598961b-2176-42e9-84f8-5d75fe5d35ec","status":"succeeded","total_attempts":1,"next_retry_at":null,"last_error":null,"created_at":"2026-04-24T05:01:22.361338Z","updated_at":"2026-04-24T05:01:53.113239Z","endpoint_id":"5cd890e0-eba3-4707-bd64-65ea65089a73","endpoint_name":"UI debug endpoint 2","endpoint_target_url":"http://backend:8000/test-webhooks/e3fb4cd6-bed2-4966-bff3-ea87ae2929fb","event_id":"402ab5dd-22ed-46ab-8f07-2169c91f7767","event_type":"load.test"},{"id":"ae424890-52f3-4b65-aa68-f2966dd861b8","status":"succeeded","total_attempts":1,"next_retry_at":null,"last_error":null,"created_at":"2026-04-24T05:01:22.362663Z","updated_at":"2026-04-24T05:01:53.236428Z","endpoint_id":"4884d8c7-abfb-49cf-a00b-95aaa7724c74","endpoint_name":"built-in-test-receiver","endpoint_target_url":"http://backend:8000/test-webhooks/43aed16a-17e6-4e29-b0c7-3a7d162775b4","event_id":"402ab5dd-22ed-46ab-8f07-2169c91f7767","event_type":"load.test"},{"id":"a0d2dd8b-c129-4bd8-829c-a492c47731b8","status":"succeeded","total_attempts":1,"next_retry_at":null,"last_error":null,"created_at":"2026-04-24T05:01:22.401159Z","updated_at":"2026-04-24T05:01:56.887826Z","endpoint_id":"39f61d7a-03b1-4348-9562-525ea77e7b98","endpoint_name":"Built-in receiver endpoint","endpoint_target_url":"http://backend:8000/test-webhooks/26d9954e-a6f0-42c7-b462-712dba422c71","event_id":"f055a940-9c92-43a4-ad8b-d94c172825ba","event_type":"load.test"},{"id":"aa09d53b-86ae-47e6-becc-05f087d1dddf","status":"succeeded","total_attempts":1,"next_retry_at":null,"last_error":null,"created_at":"2026-04-24T05:01:22.406624Z","updated_at":"2026-04-24T05:01:56.902615Z","endpoint_id":"a64ae9fb-09e9-49b9-bd46-269c84266178","endpoint_name":"fresh-debug-endpoint","endpoint_target_url":"http://backend:8000/test-webhooks/7042e8ef-7fce-49c9-ab0a-c16c05525e3a","event_id":"f055a940-9c92-43a4-ad8b-d94c172825ba","event_type":"load.test"},{"id":"b4ce69cc-cc16-4c38-b630-7b8ef64e4125","status":"succeeded","total_attempts":1,"next_retry_at":null,"last_error":null,"created_at":"2026-04-24T05:01:22.407488Z","updated_at":"2026-04-24T05:01:56.935383Z","endpoint_id":"eabedf55-9e53-475f-b6e9-837a3593dc52","endpoint_name":"UI debug endpoint","endpoint_target_url":"http://backend:8000/test-webhooks/e3fb4cd6-bed2-4966-bff3-ea87ae2929fb","event_id":"f055a940-9c92-43a4-ad8b-d94c172825ba","event_type":"load.test"},{"id":"ee9927f2-6950-4530-8622-9271a1afa1e6","status":"succeeded","total_attempts":1,"next_retry_at":null,"last_error":null,"created_at":"2026-04-24T05:01:22.408050Z","updated_at":"2026-04-24T05:01:57.268198Z","endpoint_id":"5cd890e0-eba3-4707-bd64-65ea65089a73","endpoint_name":"UI debug endpoint 2","endpoint_target_url":"http://backend:8000/test-webhooks/e3fb4cd6-bed2-4966-bff3-ea87ae2929fb","event_id":"f055a940-9c92-43a4-ad8b-d94c172825ba","event_type":"load.test"},{"id":"c2717a8e-8375-484b-8dfc-8df56fe609f1","status":"succeeded","total_attempts":1,"next_retry_at":null,"last_error":null,"created_at":"2026-04-24T05:01:22.411606Z","updated_at":"2026-04-24T05:01:57.429674Z","endpoint_id":"4884d8c7-abfb-49cf-a00b-95aaa7724c74","endpoint_name":"built-in-test-receiver","endpoint_target_url":"http://backend:8000/test-webhooks/43aed16a-17e6-4e29-b0c7-3a7d162775b4","event_id":"f055a940-9c92-43a4-ad8b-d94c172825ba","event_type":"load.test"},{"id":"15161536-014a-463f-83fa-e9817d00ed0b","status":"succeeded","total_attempts":2,"next_retry_at":null,"last_error":null,"created_at":"2026-04-24T05:01:22.474966Z","updated_at":"2026-04-24T05:02:37.283327Z","endpoint_id":"5cd890e0-eba3-4707-bd64-65ea65089a73","endpoint_name":"UI debug endpoint 2","endpoint_target_url":"http://backend:8000/test-webhooks/e3fb4cd6-bed2-4966-bff3-ea87ae2929fb","event_id":"000f1fab-790b-4c46-8961-2f7eb9cd0aed","event_type":"load.test"},{"id":"73236a9b-97e5-4b63-ac37-9521c986579a","status":"succeeded","total_attempts":2,"next_retry_at":null,"last_error":null,"created_at":"2026-04-24T05:01:22.567552Z","updated_at":"2026-04-24T05:02:37.954670Z","endpoint_id":"5cd890e0-eba3-4707-bd64-65ea65089a73","endpoint_name":"UI debug endpoint 2","endpoint_target_url":"http://backend:8000/test-webhooks/e3fb4cd6-bed2-4966-bff3-ea87ae2929fb","event_id":"3c6a3004-6c80-4ad3-85ea-46a5a4328778","event_type":"load.test"},{"id":"bc2f00b0-be41-406e-a3f5-a0f89245c5c9","status":"succeeded","total_attempts":2,"next_retry_at":null,"last_error":null,"created_at":"2026-04-24T05:01:22.641482Z","updated_at":"2026-04-24T05:02:40.663783Z","endpoint_id":"5cd890e0-eba3-4707-bd64-65ea65089a73","endpoint_name":"UI debug endpoint 2","endpoint_target_url":"http://backend:8000/test-webhooks/e3fb4cd6-bed2-4966-bff3-ea87ae2929fb","event_id":"0165344b-49b8-42a6-b516-8b4a2b1e6ab2","event_type":"load.test"},{"id":"f59a59c8-af6a-4072-a1f5-aa94ae6cb08a","status":"succeeded","total_attempts":1,"next_retry_at":null,"last_error":null,"created_at":"2026-04-24T05:01:22.372277Z","updated_at":"2026-04-24T05:01:53.263646Z","endpoint_id":"a64ae9fb-09e9-49b9-bd46-269c84266178","endpoint_name":"fresh-debug-endpoint","endpoint_target_url":"http://backend:8000/test-webhooks/7042e8ef-7fce-49c9-ab0a-c16c05525e3a","event_id":"fc430f5b-3b2d-4e05-a501-71b05efeb636","event_type":"load.test"},{"id":"6485a276-3478-4bf3-afd6-ef20ea98d703","status":"succeeded","total_attempts":1,"next_retry_at":null,"last_error":null,"created_at":"2026-04-24T05:01:22.374190Z","updated_at":"2026-04-24T05:01:53.275203Z","endpoint_id":"eabedf55-9e53-475f-b6e9-837a3593dc52","endpoint_name":"UI debug endpoint","endpoint_target_url":"http://backend:8000/test-webhooks/e3fb4cd6-bed2-4966-bff3-ea87ae2929fb","event_id":"fc430f5b-3b2d-4e05-a501-71b05efeb636","event_type":"load.test"},{"id":"d33b3593-0c00-4a5b-ba31-0bfa26ab9225","status":"succeeded","total_attempts":2,"next_retry_at":null,"last_error":null,"created_at":"2026-04-24T05:01:22.375288Z","updated_at":"2026-04-24T05:02:28.719791Z","endpoint_id":"5cd890e0-eba3-4707-bd64-65ea65089a73","endpoint_name":"UI debug endpoint 2","endpoint_target_url":"http://backend:8000/test-webhooks/e3fb4cd6-bed2-4966-bff3-ea87ae2929fb","event_id":"fc430f5b-3b2d-4e05-a501-71b05efeb636","event_type":"load.test"},{"id":"5c6590b9-7b59-48fc-b8f5-64a1ac50a3e7","status":"succeeded","total_attempts":1,"next_retry_at":null,"last_error":null,"created_at":"2026-04-24T05:01:22.376744Z","updated_at":"2026-04-24T05:01:53.726354Z","endpoint_id":"4884d8c7-abfb-49cf-a00b-95aaa7724c74","endpoint_name":"built-in-test-receiver","endpoint_target_url":"http://backend:8000/test-webhooks/43aed16a-17e6-4e29-b0c7-3a7d162775b4","event_id":"fc430f5b-3b2d-4e05-a501-71b05efeb636","event_type":"load.test"},{"id":"d6c50844-557c-40e3-915e-15d1abf052f9","status":"succeeded","total_attempts":1,"next_retry_at":null,"last_error":null,"created_at":"2026-04-24T05:01:22.378574Z","updated_at":"2026-04-24T05:01:53.759864Z","endpoint_id":"39f61d7a-03b1-4348-9562-525ea77e7b98","endpoint_name":"Built-in receiver endpoint","endpoint_target_url":"http://backend:8000/test-webhooks/26d9954e-a6f0-42c7-b462-712dba422c71","event_id":"60dac309-0883-41ca-9084-80c98ab38c61","event_type":"load.test"},{"id":"bb7db00c-4ba7-4284-95cb-d8ae23881b43","status":"succeeded","total_attempts":1,"next_retry_at":null,"last_error":null,"created_at":"2026-04-24T05:01:22.380451Z","updated_at":"2026-04-24T05:01:53.773744Z","endpoint_id":"a64ae9fb-09e9-49b9-bd46-269c84266178","endpoint_name":"fresh-debug-endpoint","endpoint_target_url":"http://backend:8000/test-webhooks/7042e8ef-7fce-49c9-ab0a-c16c05525e3a","event_id":"60dac309-0883-41ca-9084-80c98ab38c61","event_type":"load.test"},{"id":"251fb4a5-e43c-429d-be97-1d7d1b31d733","status":"succeeded","total_attempts":1,"next_retry_at":null,"last_error":null,"created_at":"2026-04-24T05:01:22.382046Z","updated_at":"2026-04-24T05:01:53.797995Z","endpoint_id":"eabedf55-9e53-475f-b6e9-837a3593dc52","endpoint_name":"UI debug endpoint","endpoint_target_url":"http://backend:8000/test-webhooks/e3fb4cd6-bed2-4966-bff3-ea87ae2929fb","event_id":"60dac309-0883-41ca-9084-80c98ab38c61","event_type":"load.test"},{"id":"cc6cf823-4e9c-4ab9-ba9b-9ada39ef81c5","status":"succeeded","total_attempts":1,"next_retry_at":null,"last_error":null,"created_at":"2026-04-24T05:01:22.392645Z","updated_at":"2026-04-24T05:01:54.142507Z","endpoint_id":"39f61d7a-03b1-4348-9562-525ea77e7b98","endpoint_name":"Built-in receiver endpoint","endpoint_target_url":"http://backend:8000/test-webhooks/26d9954e-a6f0-42c7-b462-712dba422c71","event_id":"8c575282-81cc-45d5-99eb-1f4a0cf8c9c6","event_type":"load.test"},{"id":"3820b553-a7f5-4d6b-8fdd-76ecba343947","status":"succeeded","total_attempts":1,"next_retry_at":null,"last_error":null,"created_at":"2026-04-24T05:01:22.393553Z","updated_at":"2026-04-24T05:01:54.277277Z","endpoint_id":"4884d8c7-abfb-49cf-a00b-95aaa7724c74","endpoint_name":"built-in-test-receiver","endpoint_target_url":"http://backend:8000/test-webhooks/43aed16a-17e6-4e29-b0c7-3a7d162775b4","event_id":"60dac309-0883-41ca-9084-80c98ab38c61","event_type":"load.test"},{"id":"885a6a11-7f00-417f-9ed0-052759608d1e","status":"succeeded","total_attempts":1,"next_retry_at":null,"last_error":null,"created_at":"2026-04-24T05:01:22.377227Z","updated_at":"2026-04-24T05:01:54.314696Z","endpoint_id":"39f61d7a-03b1-4348-9562-525ea77e7b98","endpoint_name":"Built-in receiver endpoint","endpoint_target_url":"http://backend:8000/test-webhooks/26d9954e-a6f0-42c7-b462-712dba422c71","event_id":"64d3b233-ea8d-48ec-93ea-e4901a27d7b3","event_type":"load.test"},{"id":"48d872f8-30b6-4390-852f-5c57178a53f8","status":"succeeded","total_attempts":1,"next_retry_at":null,"last_error":null,"created_at":"2026-04-24T05:01:22.401710Z","updated_at":"2026-04-24T05:01:54.337997Z","endpoint_id":"a64ae9fb-09e9-49b9-bd46-269c84266178","endpoint_name":"fresh-debug-endpoint","endpoint_target_url":"http://backend:8000/test-webhooks/7042e8ef-7fce-49c9-ab0a-c16c05525e3a","event_id":"8c575282-81cc-45d5-99eb-1f4a0cf8c9c6","event_type":"load.test"},{"id":"bb70a8d0-96b3-4db0-aadb-9891c8a84ec2","status":"succeeded","total_attempts":1,"next_retry_at":null,"last_error":null,"created_at":"2026-04-24T05:01:22.379124Z","updated_at":"2026-04-24T05:01:54.354739Z","endpoint_id":"a64ae9fb-09e9-49b9-bd46-269c84266178","endpoint_name":"fresh-debug-endpoint","endpoint_target_url":"http://backend:8000/test-webhooks/7042e8ef-7fce-49c9-ab0a-c16c05525e3a","event_id":"64d3b233-ea8d-48ec-93ea-e4901a27d7b3","event_type":"load.test"},{"id":"08467edd-6fcf-4709-8aa9-34cd91d54e97","status":"succeeded","total_attempts":1,"next_retry_at":null,"last_error":null,"created_at":"2026-04-24T05:01:22.383800Z","updated_at":"2026-04-24T05:01:54.380321Z","endpoint_id":"eabedf55-9e53-475f-b6e9-837a3593dc52","endpoint_name":"UI debug endpoint","endpoint_target_url":"http://backend:8000/test-webhooks/e3fb4cd6-bed2-4966-bff3-ea87ae2929fb","event_id":"64d3b233-ea8d-48ec-93ea-e4901a27d7b3","event_type":"load.test"},{"id":"8837b8b6-b58b-4c60-aedf-28c54e52f2d0","status":"succeeded","total_attempts":1,"next_retry_at":null,"last_error":null,"created_at":"2026-04-24T05:01:22.402316Z","updated_at":"2026-04-24T05:01:54.733495Z","endpoint_id":"eabedf55-9e53-475f-b6e9-837a3593dc52","endpoint_name":"UI debug endpoint","endpoint_target_url":"http://backend:8000/test-webhooks/e3fb4cd6-bed2-4966-bff3-ea87ae2929fb","event_id":"8c575282-81cc-45d5-99eb-1f4a0cf8c9c6","event_type":"load.test"},{"id":"68057fd8-6f8a-40dd-8f47-e2fd0010cf41","status":"succeeded","total_attempts":1,"next_retry_at":null,"last_error":null,"created_at":"2026-04-24T05:01:22.404608Z","updated_at":"2026-04-24T05:01:55.069773Z","endpoint_id":"5cd890e0-eba3-4707-bd64-65ea65089a73","endpoint_name":"UI debug endpoint 2","endpoint_target_url":"http://backend:8000/test-webhooks/e3fb4cd6-bed2-4966-bff3-ea87ae2929fb","event_id":"8c575282-81cc-45d5-99eb-1f4a0cf8c9c6","event_type":"load.test"},{"id":"58cde3dd-e8c1-4352-8ed7-19aa150a1cfa","status":"succeeded","total_attempts":2,"next_retry_at":null,"last_error":null,"created_at":"2026-04-24T05:01:22.385719Z","updated_at":"2026-04-24T05:02:29.412433Z","endpoint_id":"5cd890e0-eba3-4707-bd64-65ea65089a73","endpoint_name":"UI debug endpoint 2","endpoint_target_url":"http://backend:8000/test-webhooks/e3fb4cd6-bed2-4966-bff3-ea87ae2929fb","event_id":"64d3b233-ea8d-48ec-93ea-e4901a27d7b3","event_type":"load.test"},{"id":"1ca2173f-dc10-4024-9ff3-3e190def987a","status":"succeeded","total_attempts":1,"next_retry_at":null,"last_error":null,"created_at":"2026-04-24T05:01:22.387359Z","updated_at":"2026-04-24T05:01:56.210532Z","endpoint_id":"4884d8c7-abfb-49cf-a00b-95aaa7724c74","endpoint_name":"built-in-test-receiver","endpoint_target_url":"http://backend:8000/test-webhooks/43aed16a-17e6-4e29-b0c7-3a7d162775b4","event_id":"64d3b233-ea8d-48ec-93ea-e4901a27d7b3","event_type":"load.test"},{"id":"665163e0-23b6-4494-b8a5-71c23d4872cb","status":"succeeded","total_attempts":1,"next_retry_at":null,"last_error":null,"created_at":"2026-04-24T05:01:22.405794Z","updated_at":"2026-04-24T05:01:56.339111Z","endpoint_id":"4884d8c7-abfb-49cf-a00b-95aaa7724c74","endpoint_name":"built-in-test-receiver","endpoint_target_url":"http://backend:8000/test-webhooks/43aed16a-17e6-4e29-b0c7-3a7d162775b4","event_id":"8c575282-81cc-45d5-99eb-1f4a0cf8c9c6","event_type":"load.test"},{"id":"3ff810fd-a91e-47d5-b05e-55d4a38395dd","status":"succeeded","total_attempts":1,"next_retry_at":null,"last_error":null,"created_at":"2026-04-24T05:01:22.409163Z","updated_at":"2026-04-24T05:01:56.922076Z","endpoint_id":"39f61d7a-03b1-4348-9562-525ea77e7b98","endpoint_name":"Built-in receiver endpoint","endpoint_target_url":"http://backend:8000/test-webhooks/26d9954e-a6f0-42c7-b462-712dba422c71","event_id":"f3c540b0-cfbc-4bc1-a3e0-660249e9c1d7","event_type":"load.test"},{"id":"4f927c61-39f6-4a65-85c6-af76887c5f5d","status":"succeeded","total_attempts":1,"next_retry_at":null,"last_error":null,"created_at":"2026-04-24T05:01:22.410604Z","updated_at":"2026-04-24T05:01:56.947573Z","endpoint_id":"a64ae9fb-09e9-49b9-bd46-269c84266178","endpoint_name":"fresh-debug-endpoint","endpoint_target_url":"http://backend:8000/test-webhooks/7042e8ef-7fce-49c9-ab0a-c16c05525e3a","event_id":"f3c540b0-cfbc-4bc1-a3e0-660249e9c1d7","event_type":"load.test"},{"id":"239e61ee-3a55-4cc1-a613-848231d08757","status":"succeeded","total_attempts":1,"next_retry_at":null,"last_error":null,"created_at":"2026-04-24T05:01:22.413547Z","updated_at":"2026-04-24T05:01:57.298771Z","endpoint_id":"eabedf55-9e53-475f-b6e9-837a3593dc52","endpoint_name":"UI debug endpoint","endpoint_target_url":"http://backend:8000/test-webhooks/e3fb4cd6-bed2-4966-bff3-ea87ae2929fb","event_id":"f3c540b0-cfbc-4bc1-a3e0-660249e9c1d7","event_type":"load.test"},{"id":"60d821f2-241d-4313-949f-bf00276953b5","status":"succeeded","total_attempts":1,"next_retry_at":null,"last_error":null,"created_at":"2026-04-24T05:01:22.417198Z","updated_at":"2026-04-24T05:01:57.750898Z","endpoint_id":"5cd890e0-eba3-4707-bd64-65ea65089a73","endpoint_name":"UI debug endpoint 2","endpoint_target_url":"http://backend:8000/test-webhooks/e3fb4cd6-bed2-4966-bff3-ea87ae2929fb","event_id":"f3c540b0-cfbc-4bc1-a3e0-660249e9c1d7","event_type":"load.test"},{"id":"22d8d3f3-8e3d-46ce-a1c5-9ae72b33811d","status":"succeeded","total_attempts":1,"next_retry_at":null,"last_error":null,"created_at":"2026-04-24T05:01:22.418263Z","updated_at":"2026-04-24T05:01:57.870062Z","endpoint_id":"4884d8c7-abfb-49cf-a00b-95aaa7724c74","endpoint_name":"built-in-test-receiver","endpoint_target_url":"http://backend:8000/test-webhooks/43aed16a-17e6-4e29-b0c7-3a7d162775b4","event_id":"f3c540b0-cfbc-4bc1-a3e0-660249e9c1d7","event_type":"load.test"},{"id":"dc8fea64-1d95-45e5-bd56-363c883f05d6","status":"succeeded","total_attempts":1,"next_retry_at":null,"last_error":null,"created_at":"2026-04-24T05:01:22.427644Z","updated_at":"2026-04-24T05:01:57.882678Z","endpoint_id":"39f61d7a-03b1-4348-9562-525ea77e7b98","endpoint_name":"Built-in receiver endpoint","endpoint_target_url":"http://backend:8000/test-webhooks/26d9954e-a6f0-42c7-b462-712dba422c71","event_id":"8f195443-badd-4cb6-8a72-f8186debbfdd","event_type":"load.test"},{"id":"8b08ca20-7bfe-400d-9419-6f41060470c7","status":"succeeded","total_attempts":1,"next_retry_at":null,"last_error":null,"created_at":"2026-04-24T05:01:22.430553Z","updated_at":"2026-04-24T05:01:57.895509Z","endpoint_id":"a64ae9fb-09e9-49b9-bd46-269c84266178","endpoint_name":"fresh-debug-endpoint","endpoint_target_url":"http://backend:8000/test-webhooks/7042e8ef-7fce-49c9-ab0a-c16c05525e3a","event_id":"8f195443-badd-4cb6-8a72-f8186debbfdd","event_type":"load.test"},{"id":"294dfcc4-5ae1-4ce5-b2bc-0e250f2f9964","status":"succeeded","total_attempts":1,"next_retry_at":null,"last_error":null,"created_at":"2026-04-24T05:01:22.431530Z","updated_at":"2026-04-24T05:01:57.908493Z","endpoint_id":"eabedf55-9e53-475f-b6e9-837a3593dc52","endpoint_name":"UI debug endpoint","endpoint_target_url":"http://backend:8000/test-webhooks/e3fb4cd6-bed2-4966-bff3-ea87ae2929fb","event_id":"8f195443-badd-4cb6-8a72-f8186debbfdd","event_type":"load.test"},{"id":"4e65f94a-7956-4fdf-98d4-6d4c62470e62","status":"succeeded","total_attempts":2,"next_retry_at":null,"last_error":null,"created_at":"2026-04-24T05:01:22.432222Z","updated_at":"2026-04-24T05:02:30.086331Z","endpoint_id":"5cd890e0-eba3-4707-bd64-65ea65089a73","endpoint_name":"UI debug endpoint 2","endpoint_target_url":"http://backend:8000/test-webhooks/e3fb4cd6-bed2-4966-bff3-ea87ae2929fb","event_id":"8f195443-badd-4cb6-8a72-f8186debbfdd","event_type":"load.test"},{"id":"7d26bc4d-51ed-4baf-9b04-cbfbd44327a2","status":"succeeded","total_attempts":1,"next_retry_at":null,"last_error":null,"created_at":"2026-04-24T05:01:22.446038Z","updated_at":"2026-04-24T05:01:58.402946Z","endpoint_id":"39f61d7a-03b1-4348-9562-525ea77e7b98","endpoint_name":"Built-in receiver endpoint","endpoint_target_url":"http://backend:8000/test-webhooks/26d9954e-a6f0-42c7-b462-712dba422c71","event_id":"3afde603-41cc-4f98-a5a1-c190290984d4","event_type":"load.test"},{"id":"ac77a46e-c830-429d-859a-10e691fbe02c","status":"succeeded","total_attempts":1,"next_retry_at":null,"last_error":null,"created_at":"2026-04-24T05:01:22.447244Z","updated_at":"2026-04-24T05:01:58.416995Z","endpoint_id":"a64ae9fb-09e9-49b9-bd46-269c84266178","endpoint_name":"fresh-debug-endpoint","endpoint_target_url":"http://backend:8000/test-webhooks/7042e8ef-7fce-49c9-ab0a-c16c05525e3a","event_id":"3afde603-41cc-4f98-a5a1-c190290984d4","event_type":"load.test"},{"id":"5b10af16-b264-4306-b93e-0ecaa04b4515","status":"succeeded","total_attempts":1,"next_retry_at":null,"last_error":null,"created_at":"2026-04-24T05:01:22.461067Z","updated_at":"2026-04-24T05:01:58.454367Z","endpoint_id":"39f61d7a-03b1-4348-9562-525ea77e7b98","endpoint_name":"Built-in receiver endpoint","endpoint_target_url":"http://backend:8000/test-webhooks/26d9954e-a6f0-42c7-b462-712dba422c71","event_id":"fd9d038d-c848-4791-8ffc-f53be05872f2","event_type":"load.test"},{"id":"887e338c-235c-4881-bf34-71884dbf0500","status":"succeeded","total_attempts":1,"next_retry_at":null,"last_error":null,"created_at":"2026-04-24T05:01:22.448045Z","updated_at":"2026-04-24T05:01:58.503742Z","endpoint_id":"eabedf55-9e53-475f-b6e9-837a3593dc52","endpoint_name":"UI debug endpoint","endpoint_target_url":"http://backend:8000/test-webhooks/e3fb4cd6-bed2-4966-bff3-ea87ae2929fb","event_id":"3afde603-41cc-4f98-a5a1-c190290984d4","event_type":"load.test"},{"id":"bc92bf58-046a-42be-bf03-b7ae4e9c2073","status":"succeeded","total_attempts":1,"next_retry_at":null,"last_error":null,"created_at":"2026-04-24T05:01:22.459855Z","updated_at":"2026-04-24T05:01:58.827385Z","endpoint_id":"5cd890e0-eba3-4707-bd64-65ea65089a73","endpoint_name":"UI debug endpoint 2","endpoint_target_url":"http://backend:8000/test-webhooks/e3fb4cd6-bed2-4966-bff3-ea87ae2929fb","event_id":"3afde603-41cc-4f98-a5a1-c190290984d4","event_type":"load.test"},{"id":"87d6413f-2e4a-43f5-9b42-353660bed914","status":"succeeded","total_attempts":1,"next_retry_at":null,"last_error":null,"created_at":"2026-04-24T05:01:22.465472Z","updated_at":"2026-04-24T05:01:59.198944Z","endpoint_id":"39f61d7a-03b1-4348-9562-525ea77e7b98","endpoint_name":"Built-in receiver endpoint","endpoint_target_url":"http://backend:8000/test-webhooks/26d9954e-a6f0-42c7-b462-712dba422c71","event_id":"ef934523-7260-4752-ad9c-96c3442bac1d","event_type":"load.test"},{"id":"c02858fc-57c1-4882-b5d6-b34c6bf1a43a","status":"succeeded","total_attempts":1,"next_retry_at":null,"last_error":null,"created_at":"2026-04-24T05:01:22.467757Z","updated_at":"2026-04-24T05:01:59.234244Z","endpoint_id":"a64ae9fb-09e9-49b9-bd46-269c84266178","endpoint_name":"fresh-debug-endpoint","endpoint_target_url":"http://backend:8000/test-webhooks/7042e8ef-7fce-49c9-ab0a-c16c05525e3a","event_id":"ef934523-7260-4752-ad9c-96c3442bac1d","event_type":"load.test"},{"id":"6652ba77-a8bb-4dd2-87c9-4c35d6e4f9d0","status":"succeeded","total_attempts":1,"next_retry_at":null,"last_error":null,"created_at":"2026-04-24T05:01:22.470671Z","updated_at":"2026-04-24T05:01:59.369064Z","endpoint_id":"4884d8c7-abfb-49cf-a00b-95aaa7724c74","endpoint_name":"built-in-test-receiver","endpoint_target_url":"http://backend:8000/test-webhooks/43aed16a-17e6-4e29-b0c7-3a7d162775b4","event_id":"3afde603-41cc-4f98-a5a1-c190290984d4","event_type":"load.test"},{"id":"f07f394c-c909-4d27-aa33-9c9b836e67bd","status":"succeeded","total_attempts":1,"next_retry_at":null,"last_error":null,"created_at":"2026-04-24T05:01:22.464801Z","updated_at":"2026-04-24T05:01:59.388268Z","endpoint_id":"a64ae9fb-09e9-49b9-bd46-269c84266178","endpoint_name":"fresh-debug-endpoint","endpoint_target_url":"http://backend:8000/test-webhooks/7042e8ef-7fce-49c9-ab0a-c16c05525e3a","event_id":"fd9d038d-c848-4791-8ffc-f53be05872f2","event_type":"load.test"},{"id":"c9b6a6b1-d22f-4c4c-ae8e-05988aa900c3","status":"succeeded","total_attempts":1,"next_retry_at":null,"last_error":null,"created_at":"2026-04-24T05:01:22.452955Z","updated_at":"2026-04-24T05:01:59.402361Z","endpoint_id":"39f61d7a-03b1-4348-9562-525ea77e7b98","endpoint_name":"Built-in receiver endpoint","endpoint_target_url":"http://backend:8000/test-webhooks/26d9954e-a6f0-42c7-b462-712dba422c71","event_id":"000f1fab-790b-4c46-8961-2f7eb9cd0aed","event_type":"load.test"},{"id":"5a386ef4-1f22-4ee3-b79e-afe05d0a5361","status":"succeeded","total_attempts":1,"next_retry_at":null,"last_error":null,"created_at":"2026-04-24T05:01:22.469003Z","updated_at":"2026-04-24T05:01:59.418484Z","endpoint_id":"eabedf55-9e53-475f-b6e9-837a3593dc52","endpoint_name":"UI debug endpoint","endpoint_target_url":"http://backend:8000/test-webhooks/e3fb4cd6-bed2-4966-bff3-ea87ae2929fb","event_id":"ef934523-7260-4752-ad9c-96c3442bac1d","event_type":"load.test"},{"id":"9e6611f0-511a-4f7e-a81a-80fefbba2353","status":"succeeded","total_attempts":1,"next_retry_at":null,"last_error":null,"created_at":"2026-04-24T05:01:22.470349Z","updated_at":"2026-04-24T05:01:59.430975Z","endpoint_id":"eabedf55-9e53-475f-b6e9-837a3593dc52","endpoint_name":"UI debug endpoint","endpoint_target_url":"http://backend:8000/test-webhooks/e3fb4cd6-bed2-4966-bff3-ea87ae2929fb","event_id":"fd9d038d-c848-4791-8ffc-f53be05872f2","event_type":"load.test"},{"id":"84aeb1ef-4f31-4abd-b490-b78205c4b9ba","status":"succeeded","total_attempts":1,"next_retry_at":null,"last_error":null,"created_at":"2026-04-24T05:01:22.473222Z","updated_at":"2026-04-24T05:01:59.893043Z","endpoint_id":"5cd890e0-eba3-4707-bd64-65ea65089a73","endpoint_name":"UI debug endpoint 2","endpoint_target_url":"http://backend:8000/test-webhooks/e3fb4cd6-bed2-4966-bff3-ea87ae2929fb","event_id":"fd9d038d-c848-4791-8ffc-f53be05872f2","event_type":"load.test"},{"id":"c47aa29f-beb4-41ce-af8e-c7c5408ad1b8","status":"succeeded","total_attempts":1,"next_retry_at":null,"last_error":null,"created_at":"2026-04-24T05:01:22.458470Z","updated_at":"2026-04-24T05:01:59.930893Z","endpoint_id":"a64ae9fb-09e9-49b9-bd46-269c84266178","endpoint_name":"fresh-debug-endpoint","endpoint_target_url":"http://backend:8000/test-webhooks/7042e8ef-7fce-49c9-ab0a-c16c05525e3a","event_id":"000f1fab-790b-4c46-8961-2f7eb9cd0aed","event_type":"load.test"},{"id":"ed5bd575-cb1a-4427-9583-15bc03f81bb6","status":"succeeded","total_attempts":1,"next_retry_at":null,"last_error":null,"created_at":"2026-04-24T05:01:22.472006Z","updated_at":"2026-04-24T05:02:00.594440Z","endpoint_id":"5cd890e0-eba3-4707-bd64-65ea65089a73","endpoint_name":"UI debug endpoint 2","endpoint_target_url":"http://backend:8000/test-webhooks/e3fb4cd6-bed2-4966-bff3-ea87ae2929fb","event_id":"ef934523-7260-4752-ad9c-96c3442bac1d","event_type":"load.test"},{"id":"041bc4ad-839b-4e04-9fdb-7e24ebacf76f","status":"succeeded","total_attempts":1,"next_retry_at":null,"last_error":null,"created_at":"2026-04-24T05:01:22.473813Z","updated_at":"2026-04-24T05:02:01.037412Z","endpoint_id":"4884d8c7-abfb-49cf-a00b-95aaa7724c74","endpoint_name":"built-in-test-receiver","endpoint_target_url":"http://backend:8000/test-webhooks/43aed16a-17e6-4e29-b0c7-3a7d162775b4","event_id":"ef934523-7260-4752-ad9c-96c3442bac1d","event_type":"load.test"},{"id":"0dac2481-407e-45c8-8000-c54fc369f899","status":"succeeded","total_attempts":1,"next_retry_at":null,"last_error":null,"created_at":"2026-04-24T05:01:22.474664Z","updated_at":"2026-04-24T05:02:01.409054Z","endpoint_id":"4884d8c7-abfb-49cf-a00b-95aaa7724c74","endpoint_name":"built-in-test-receiver","endpoint_target_url":"http://backend:8000/test-webhooks/43aed16a-17e6-4e29-b0c7-3a7d162775b4","event_id":"fd9d038d-c848-4791-8ffc-f53be05872f2","event_type":"load.test"},{"id":"433249f7-de3d-463f-93e5-1ef6e142adc2","status":"succeeded","total_attempts":1,"next_retry_at":null,"last_error":null,"created_at":"2026-04-24T05:01:22.471417Z","updated_at":"2026-04-24T05:02:01.431113Z","endpoint_id":"eabedf55-9e53-475f-b6e9-837a3593dc52","endpoint_name":"UI debug endpoint","endpoint_target_url":"http://backend:8000/test-webhooks/e3fb4cd6-bed2-4966-bff3-ea87ae2929fb","event_id":"000f1fab-790b-4c46-8961-2f7eb9cd0aed","event_type":"load.test"},{"id":"33af8fd9-2c76-485b-93e9-932d26aa6554","status":"succeeded","total_attempts":1,"next_retry_at":null,"last_error":null,"created_at":"2026-04-24T05:01:22.477550Z","updated_at":"2026-04-24T05:02:01.894042Z","endpoint_id":"4884d8c7-abfb-49cf-a00b-95aaa7724c74","endpoint_name":"built-in-test-receiver","endpoint_target_url":"http://backend:8000/test-webhooks/43aed16a-17e6-4e29-b0c7-3a7d162775b4","event_id":"000f1fab-790b-4c46-8961-2f7eb9cd0aed","event_type":"load.test"},{"id":"6c793ed9-b74d-438f-a490-93fa0f528f51","status":"succeeded","total_attempts":1,"next_retry_at":null,"last_error":null,"created_at":"2026-04-24T05:01:22.549064Z","updated_at":"2026-04-24T05:02:02.908020Z","endpoint_id":"39f61d7a-03b1-4348-9562-525ea77e7b98","endpoint_name":"Built-in receiver endpoint","endpoint_target_url":"http://backend:8000/test-webhooks/26d9954e-a6f0-42c7-b462-712dba422c71","event_id":"3c6a3004-6c80-4ad3-85ea-46a5a4328778","event_type":"load.test"},{"id":"6c487b4e-cd2f-4423-a131-4974bb908156","status":"succeeded","total_attempts":1,"next_retry_at":null,"last_error":null,"created_at":"2026-04-24T05:01:22.552503Z","updated_at":"2026-04-24T05:02:02.920891Z","endpoint_id":"a64ae9fb-09e9-49b9-bd46-269c84266178","endpoint_name":"fresh-debug-endpoint","endpoint_target_url":"http://backend:8000/test-webhooks/7042e8ef-7fce-49c9-ab0a-c16c05525e3a","event_id":"3c6a3004-6c80-4ad3-85ea-46a5a4328778","event_type":"load.test"},{"id":"ebdda5c9-ab2f-4ca6-a9bc-d82dd05d2d45","status":"succeeded","total_attempts":1,"next_retry_at":null,"last_error":null,"created_at":"2026-04-24T05:01:22.560204Z","updated_at":"2026-04-24T05:02:02.965543Z","endpoint_id":"39f61d7a-03b1-4348-9562-525ea77e7b98","endpoint_name":"Built-in receiver endpoint","endpoint_target_url":"http://backend:8000/test-webhooks/26d9954e-a6f0-42c7-b462-712dba422c71","event_id":"dcd662b9-7f37-4aab-9c8c-384c42d7cc9a","event_type":"load.test"},{"id":"26cbb4fb-29bc-4240-a484-ef2643cb8544","status":"succeeded","total_attempts":1,"next_retry_at":null,"last_error":null,"created_at":"2026-04-24T05:01:22.562016Z","updated_at":"2026-04-24T05:02:02.981145Z","endpoint_id":"a64ae9fb-09e9-49b9-bd46-269c84266178","endpoint_name":"fresh-debug-endpoint","endpoint_target_url":"http://backend:8000/test-webhooks/7042e8ef-7fce-49c9-ab0a-c16c05525e3a","event_id":"dcd662b9-7f37-4aab-9c8c-384c42d7cc9a","event_type":"load.test"},{"id":"5260b596-a9eb-4032-ad85-4b4bc39d1922","status":"succeeded","total_attempts":1,"next_retry_at":null,"last_error":null,"created_at":"2026-04-24T05:01:22.570937Z","updated_at":"2026-04-24T05:02:03.468280Z","endpoint_id":"4884d8c7-abfb-49cf-a00b-95aaa7724c74","endpoint_name":"built-in-test-receiver","endpoint_target_url":"http://backend:8000/test-webhooks/43aed16a-17e6-4e29-b0c7-3a7d162775b4","event_id":"3c6a3004-6c80-4ad3-85ea-46a5a4328778","event_type":"load.test"},{"id":"6bc6f14f-1fac-43e2-9133-603749b506ac","status":"succeeded","total_attempts":1,"next_retry_at":null,"last_error":null,"created_at":"2026-04-24T05:01:22.569845Z","updated_at":"2026-04-24T05:02:03.483267Z","endpoint_id":"eabedf55-9e53-475f-b6e9-837a3593dc52","endpoint_name":"UI debug endpoint","endpoint_target_url":"http://backend:8000/test-webhooks/e3fb4cd6-bed2-4966-bff3-ea87ae2929fb","event_id":"dcd662b9-7f37-4aab-9c8c-384c42d7cc9a","event_type":"load.test"},{"id":"e7cd1a6b-bfef-4c4d-8306-17c81840920a","status":"succeeded","total_attempts":1,"next_retry_at":null,"last_error":null,"created_at":"2026-04-24T05:01:22.570640Z","updated_at":"2026-04-24T05:02:04.277760Z","endpoint_id":"5cd890e0-eba3-4707-bd64-65ea65089a73","endpoint_name":"UI debug endpoint 2","endpoint_target_url":"http://backend:8000/test-webhooks/e3fb4cd6-bed2-4966-bff3-ea87ae2929fb","event_id":"dcd662b9-7f37-4aab-9c8c-384c42d7cc9a","event_type":"load.test"},{"id":"58ffafca-0462-4e5e-9638-bbd08b2a85b2","status":"succeeded","total_attempts":1,"next_retry_at":null,"last_error":null,"created_at":"2026-04-24T05:01:22.573781Z","updated_at":"2026-04-24T05:02:04.402083Z","endpoint_id":"4884d8c7-abfb-49cf-a00b-95aaa7724c74","endpoint_name":"built-in-test-receiver","endpoint_target_url":"http://backend:8000/test-webhooks/43aed16a-17e6-4e29-b0c7-3a7d162775b4","event_id":"dcd662b9-7f37-4aab-9c8c-384c42d7cc9a","event_type":"load.test"},{"id":"50dc3ea0-e27b-4838-aa80-9edb13ecbc75","status":"succeeded","total_attempts":1,"next_retry_at":null,"last_error":null,"created_at":"2026-04-24T05:01:22.562580Z","updated_at":"2026-04-24T05:02:05.481941Z","endpoint_id":"39f61d7a-03b1-4348-9562-525ea77e7b98","endpoint_name":"Built-in receiver endpoint","endpoint_target_url":"http://backend:8000/test-webhooks/26d9954e-a6f0-42c7-b462-712dba422c71","event_id":"c0524a57-15d5-4696-b4ef-5fe66103ac1d","event_type":"load.test"},{"id":"0d7a1e02-df0f-46e5-9ad5-ffb6461b9215","status":"succeeded","total_attempts":1,"next_retry_at":null,"last_error":null,"created_at":"2026-04-24T05:01:22.568580Z","updated_at":"2026-04-24T05:02:05.504985Z","endpoint_id":"a64ae9fb-09e9-49b9-bd46-269c84266178","endpoint_name":"fresh-debug-endpoint","endpoint_target_url":"http://backend:8000/test-webhooks/7042e8ef-7fce-49c9-ab0a-c16c05525e3a","event_id":"c0524a57-15d5-4696-b4ef-5fe66103ac1d","event_type":"load.test"},{"id":"7d227f2c-11d6-404e-ae7f-b14118e266e5","status":"succeeded","total_attempts":1,"next_retry_at":null,"last_error":null,"created_at":"2026-04-24T05:01:22.581016Z","updated_at":"2026-04-24T05:02:05.520629Z","endpoint_id":"eabedf55-9e53-475f-b6e9-837a3593dc52","endpoint_name":"UI debug endpoint","endpoint_target_url":"http://backend:8000/test-webhooks/e3fb4cd6-bed2-4966-bff3-ea87ae2929fb","event_id":"c0524a57-15d5-4696-b4ef-5fe66103ac1d","event_type":"load.test"},{"id":"a39ece0e-79d7-4abc-8f60-369ca7008401","status":"succeeded","total_attempts":1,"next_retry_at":null,"last_error":null,"created_at":"2026-04-24T05:01:22.585006Z","updated_at":"2026-04-24T05:02:05.848091Z","endpoint_id":"5cd890e0-eba3-4707-bd64-65ea65089a73","endpoint_name":"UI debug endpoint 2","endpoint_target_url":"http://backend:8000/test-webhooks/e3fb4cd6-bed2-4966-bff3-ea87ae2929fb","event_id":"c0524a57-15d5-4696-b4ef-5fe66103ac1d","event_type":"load.test"},{"id":"f265912a-d379-490e-97af-18cf8138a3fa","status":"succeeded","total_attempts":1,"next_retry_at":null,"last_error":null,"created_at":"2026-04-24T05:01:22.588263Z","updated_at":"2026-04-24T05:02:05.969486Z","endpoint_id":"4884d8c7-abfb-49cf-a00b-95aaa7724c74","endpoint_name":"built-in-test-receiver","endpoint_target_url":"http://backend:8000/test-webhooks/43aed16a-17e6-4e29-b0c7-3a7d162775b4","event_id":"c0524a57-15d5-4696-b4ef-5fe66103ac1d","event_type":"load.test"},{"id":"93d523cf-c936-4c3d-8a5e-5916c87dd206","status":"succeeded","total_attempts":1,"next_retry_at":null,"last_error":null,"created_at":"2026-04-24T05:01:22.627784Z","updated_at":"2026-04-24T05:02:09.174280Z","endpoint_id":"39f61d7a-03b1-4348-9562-525ea77e7b98","endpoint_name":"Built-in receiver endpoint","endpoint_target_url":"http://backend:8000/test-webhooks/26d9954e-a6f0-42c7-b462-712dba422c71","event_id":"0165344b-49b8-42a6-b516-8b4a2b1e6ab2","event_type":"load.test"},{"id":"c021b62e-cb2e-428a-bab4-73db773d501b","status":"succeeded","total_attempts":1,"next_retry_at":null,"last_error":null,"created_at":"2026-04-24T05:01:22.634940Z","updated_at":"2026-04-24T05:02:09.216976Z","endpoint_id":"a64ae9fb-09e9-49b9-bd46-269c84266178","endpoint_name":"fresh-debug-endpoint","endpoint_target_url":"http://backend:8000/test-webhooks/7042e8ef-7fce-49c9-ab0a-c16c05525e3a","event_id":"0165344b-49b8-42a6-b516-8b4a2b1e6ab2","event_type":"load.test"},{"id":"0810c410-a453-4b31-812b-c1b5ec44178c","status":"succeeded","total_attempts":1,"next_retry_at":null,"last_error":null,"created_at":"2026-04-24T05:01:22.640753Z","updated_at":"2026-04-24T05:02:09.253333Z","endpoint_id":"eabedf55-9e53-475f-b6e9-837a3593dc52","endpoint_name":"UI debug endpoint","endpoint_target_url":"http://backend:8000/test-webhooks/e3fb4cd6-bed2-4966-bff3-ea87ae2929fb","event_id":"0165344b-49b8-42a6-b516-8b4a2b1e6ab2","event_type":"load.test"},{"id":"4fa7d6e3-7bb2-445e-b5f7-7c54653b9ac6","status":"succeeded","total_attempts":1,"next_retry_at":null,"last_error":null,"created_at":"2026-04-24T05:01:22.644451Z","updated_at":"2026-04-24T05:02:10.081482Z","endpoint_id":"4884d8c7-abfb-49cf-a00b-95aaa7724c74","endpoint_name":"built-in-test-receiver","endpoint_target_url":"http://backend:8000/test-webhooks/43aed16a-17e6-4e29-b0c7-3a7d162775b4","event_id":"0165344b-49b8-42a6-b516-8b4a2b1e6ab2","event_type":"load.test"},{"id":"198a0d16-e979-45fd-8895-c2b9c5988b28","status":"succeeded","total_attempts":2,"next_retry_at":null,"last_error":null,"created_at":"2026-04-24T05:01:22.574519Z","updated_at":"2026-04-24T05:02:38.297522Z","endpoint_id":"5cd890e0-eba3-4707-bd64-65ea65089a73","endpoint_name":"UI debug endpoint 2","endpoint_target_url":"http://backend:8000/test-webhooks/e3fb4cd6-bed2-4966-bff3-ea87ae2929fb","event_id":"3a0a2928-ab5c-4f1f-a353-6b5392f38f5d","event_type":"load.test"},{"id":"8399f3c2-e9a8-4edd-a0bd-4b4cf7a9592f","status":"failed","total_attempts":3,"next_retry_at":null,"last_error":"http_5xx: 503","created_at":"2026-04-24T05:01:22.601606Z","updated_at":"2026-04-24T05:04:42.491956Z","endpoint_id":"5cd890e0-eba3-4707-bd64-65ea65089a73","endpoint_name":"UI debug endpoint 2","endpoint_target_url":"http://backend:8000/test-webhooks/e3fb4cd6-bed2-4966-bff3-ea87ae2929fb","event_id":"762b6c6f-a5c1-4780-a60c-baf846c7bd48","event_type":"load.test"},{"id":"b4bdeb47-d8f7-4922-befc-07f923813af5","status":"failed","total_attempts":3,"next_retry_at":null,"last_error":"http_5xx: 503","created_at":"2026-04-24T05:01:22.637965Z","updated_at":"2026-04-24T05:04:42.836886Z","endpoint_id":"5cd890e0-eba3-4707-bd64-65ea65089a73","endpoint_name":"UI debug endpoint 2","endpoint_target_url":"http://backend:8000/test-webhooks/e3fb4cd6-bed2-4966-bff3-ea87ae2929fb","event_id":"9e34eb1b-df36-4306-a226-a4c5f179c29f","event_type":"load.test"},{"id":"65a3abcf-98e2-46cb-8b3a-16363d207db2","status":"succeeded","total_attempts":2,"next_retry_at":null,"last_error":null,"created_at":"2026-04-24T05:01:22.640280Z","updated_at":"2026-04-24T05:02:40.329557Z","endpoint_id":"5cd890e0-eba3-4707-bd64-65ea65089a73","endpoint_name":"UI debug endpoint 2","endpoint_target_url":"http://backend:8000/test-webhooks/e3fb4cd6-bed2-4966-bff3-ea87ae2929fb","event_id":"84570fa3-5e7d-429e-90b7-872152c3d293","event_type":"load.test"},{"id":"de3fd813-0ef9-4732-8058-ea67c58f7c52","status":"succeeded","total_attempts":2,"next_retry_at":null,"last_error":null,"created_at":"2026-04-24T05:01:22.650981Z","updated_at":"2026-04-24T05:02:41.332570Z","endpoint_id":"5cd890e0-eba3-4707-bd64-65ea65089a73","endpoint_name":"UI debug endpoint 2","endpoint_target_url":"http://backend:8000/test-webhooks/e3fb4cd6-bed2-4966-bff3-ea87ae2929fb","event_id":"bc98554f-f38e-48a2-90ab-cede8dc2850a","event_type":"load.test"},{"id":"c61995b3-e437-4b37-8432-4b5a22b810f7","status":"succeeded","total_attempts":1,"next_retry_at":null,"last_error":null,"created_at":"2026-04-24T05:01:22.463103Z","updated_at":"2026-04-24T05:01:58.474403Z","endpoint_id":"a64ae9fb-09e9-49b9-bd46-269c84266178","endpoint_name":"fresh-debug-endpoint","endpoint_target_url":"http://backend:8000/test-webhooks/7042e8ef-7fce-49c9-ab0a-c16c05525e3a","event_id":"8c171cec-1e1b-4322-8a95-da937b24fa7e","event_type":"load.test"},{"id":"fda7c699-1c56-4640-96f1-bf3b64632da5","status":"succeeded","total_attempts":1,"next_retry_at":null,"last_error":null,"created_at":"2026-04-24T05:01:22.468191Z","updated_at":"2026-04-24T05:01:58.490816Z","endpoint_id":"eabedf55-9e53-475f-b6e9-837a3593dc52","endpoint_name":"UI debug endpoint","endpoint_target_url":"http://backend:8000/test-webhooks/e3fb4cd6-bed2-4966-bff3-ea87ae2929fb","event_id":"8c171cec-1e1b-4322-8a95-da937b24fa7e","event_type":"load.test"},{"id":"1556396e-806f-4885-af5b-a5bf03ee8a4a","status":"succeeded","total_attempts":2,"next_retry_at":null,"last_error":null,"created_at":"2026-04-24T05:01:22.684719Z","updated_at":"2026-04-24T05:02:47.844977Z","endpoint_id":"5cd890e0-eba3-4707-bd64-65ea65089a73","endpoint_name":"UI debug endpoint 2","endpoint_target_url":"http://backend:8000/test-webhooks/e3fb4cd6-bed2-4966-bff3-ea87ae2929fb","event_id":"cdfba868-5d1c-47a0-9085-d0fe7608486b","event_type":"load.test"},{"id":"0986de1c-055e-453f-a05f-5b25fe10defc","status":"succeeded","total_attempts":1,"next_retry_at":null,"last_error":null,"created_at":"2026-04-24T05:01:22.473542Z","updated_at":"2026-04-24T05:01:59.560065Z","endpoint_id":"4884d8c7-abfb-49cf-a00b-95aaa7724c74","endpoint_name":"built-in-test-receiver","endpoint_target_url":"http://backend:8000/test-webhooks/43aed16a-17e6-4e29-b0c7-3a7d162775b4","event_id":"8c171cec-1e1b-4322-8a95-da937b24fa7e","event_type":"load.test"},{"id":"63e33d7f-1c28-4e55-b466-5491544965b6","status":"succeeded","total_attempts":1,"next_retry_at":null,"last_error":null,"created_at":"2026-04-24T05:01:22.489715Z","updated_at":"2026-04-24T05:02:01.915810Z","endpoint_id":"39f61d7a-03b1-4348-9562-525ea77e7b98","endpoint_name":"Built-in receiver endpoint","endpoint_target_url":"http://backend:8000/test-webhooks/26d9954e-a6f0-42c7-b462-712dba422c71","event_id":"aaab265e-9f21-4576-86ff-8cd7ffa61930","event_type":"load.test"},{"id":"57c7b469-a644-4594-861c-382fc260a8fa","status":"succeeded","total_attempts":1,"next_retry_at":null,"last_error":null,"created_at":"2026-04-24T05:01:22.490813Z","updated_at":"2026-04-24T05:02:01.930073Z","endpoint_id":"a64ae9fb-09e9-49b9-bd46-269c84266178","endpoint_name":"fresh-debug-endpoint","endpoint_target_url":"http://backend:8000/test-webhooks/7042e8ef-7fce-49c9-ab0a-c16c05525e3a","event_id":"aaab265e-9f21-4576-86ff-8cd7ffa61930","event_type":"load.test"},{"id":"d161444f-4de3-4d5b-b6d7-9a977ae0c3cd","status":"succeeded","total_attempts":1,"next_retry_at":null,"last_error":null,"created_at":"2026-04-24T05:01:22.491899Z","updated_at":"2026-04-24T05:02:01.943920Z","endpoint_id":"eabedf55-9e53-475f-b6e9-837a3593dc52","endpoint_name":"UI debug endpoint","endpoint_target_url":"http://backend:8000/test-webhooks/e3fb4cd6-bed2-4966-bff3-ea87ae2929fb","event_id":"aaab265e-9f21-4576-86ff-8cd7ffa61930","event_type":"load.test"},{"id":"e7b966db-baba-494d-8f1a-7d5cab034e83","status":"succeeded","total_attempts":1,"next_retry_at":null,"last_error":null,"created_at":"2026-04-24T05:01:22.494924Z","updated_at":"2026-04-24T05:02:02.403403Z","endpoint_id":"4884d8c7-abfb-49cf-a00b-95aaa7724c74","endpoint_name":"built-in-test-receiver","endpoint_target_url":"http://backend:8000/test-webhooks/43aed16a-17e6-4e29-b0c7-3a7d162775b4","event_id":"aaab265e-9f21-4576-86ff-8cd7ffa61930","event_type":"load.test"},{"id":"f62cc874-caf3-4037-a255-4a3c04dcf86d","status":"succeeded","total_attempts":1,"next_retry_at":null,"last_error":null,"created_at":"2026-04-24T05:01:22.565681Z","updated_at":"2026-04-24T05:02:02.934799Z","endpoint_id":"39f61d7a-03b1-4348-9562-525ea77e7b98","endpoint_name":"Built-in receiver endpoint","endpoint_target_url":"http://backend:8000/test-webhooks/26d9954e-a6f0-42c7-b462-712dba422c71","event_id":"3a0a2928-ab5c-4f1f-a353-6b5392f38f5d","event_type":"load.test"},{"id":"ecae5512-b08d-42f6-8bc8-3d026dbf086a","status":"succeeded","total_attempts":1,"next_retry_at":null,"last_error":null,"created_at":"2026-04-24T05:01:22.570290Z","updated_at":"2026-04-24T05:02:02.951826Z","endpoint_id":"a64ae9fb-09e9-49b9-bd46-269c84266178","endpoint_name":"fresh-debug-endpoint","endpoint_target_url":"http://backend:8000/test-webhooks/7042e8ef-7fce-49c9-ab0a-c16c05525e3a","event_id":"3a0a2928-ab5c-4f1f-a353-6b5392f38f5d","event_type":"load.test"},{"id":"d13ff572-ec3c-428d-82d2-5028c486d398","status":"succeeded","total_attempts":1,"next_retry_at":null,"last_error":null,"created_at":"2026-04-24T05:01:22.573382Z","updated_at":"2026-04-24T05:02:03.503262Z","endpoint_id":"eabedf55-9e53-475f-b6e9-837a3593dc52","endpoint_name":"UI debug endpoint","endpoint_target_url":"http://backend:8000/test-webhooks/e3fb4cd6-bed2-4966-bff3-ea87ae2929fb","event_id":"3a0a2928-ab5c-4f1f-a353-6b5392f38f5d","event_type":"load.test"},{"id":"84d64cc8-0c6a-4b23-bb78-12d82e8f5fb0","status":"succeeded","total_attempts":1,"next_retry_at":null,"last_error":null,"created_at":"2026-04-24T05:01:22.576630Z","updated_at":"2026-04-24T05:02:03.956160Z","endpoint_id":"4884d8c7-abfb-49cf-a00b-95aaa7724c74","endpoint_name":"built-in-test-receiver","endpoint_target_url":"http://backend:8000/test-webhooks/43aed16a-17e6-4e29-b0c7-3a7d162775b4","event_id":"3a0a2928-ab5c-4f1f-a353-6b5392f38f5d","event_type":"load.test"},{"id":"d9fbea7d-03e5-41f6-829a-a4a4a381172d","status":"succeeded","total_attempts":1,"next_retry_at":null,"last_error":null,"created_at":"2026-04-24T05:01:22.577862Z","updated_at":"2026-04-24T05:02:05.984461Z","endpoint_id":"39f61d7a-03b1-4348-9562-525ea77e7b98","endpoint_name":"Built-in receiver endpoint","endpoint_target_url":"http://backend:8000/test-webhooks/26d9954e-a6f0-42c7-b462-712dba422c71","event_id":"64437995-6618-4e8b-9194-3674f1bf5f73","event_type":"load.test"},{"id":"fbe609cc-7322-4ccb-ae77-55bad2be904d","status":"succeeded","total_attempts":1,"next_retry_at":null,"last_error":null,"created_at":"2026-04-24T05:01:22.579006Z","updated_at":"2026-04-24T05:02:05.997972Z","endpoint_id":"a64ae9fb-09e9-49b9-bd46-269c84266178","endpoint_name":"fresh-debug-endpoint","endpoint_target_url":"http://backend:8000/test-webhooks/7042e8ef-7fce-49c9-ab0a-c16c05525e3a","event_id":"64437995-6618-4e8b-9194-3674f1bf5f73","event_type":"load.test"},{"id":"b0ec317a-40a5-4b72-bd20-9f6bf8052f0c","status":"succeeded","total_attempts":1,"next_retry_at":null,"last_error":null,"created_at":"2026-04-24T05:01:22.582006Z","updated_at":"2026-04-24T05:02:06.010542Z","endpoint_id":"eabedf55-9e53-475f-b6e9-837a3593dc52","endpoint_name":"UI debug endpoint","endpoint_target_url":"http://backend:8000/test-webhooks/e3fb4cd6-bed2-4966-bff3-ea87ae2929fb","event_id":"64437995-6618-4e8b-9194-3674f1bf5f73","event_type":"load.test"},{"id":"4432f835-ce6d-4ad3-9886-5be0bcd47c80","status":"succeeded","total_attempts":1,"next_retry_at":null,"last_error":null,"created_at":"2026-04-24T05:01:22.584742Z","updated_at":"2026-04-24T05:02:06.341429Z","endpoint_id":"5cd890e0-eba3-4707-bd64-65ea65089a73","endpoint_name":"UI debug endpoint 2","endpoint_target_url":"http://backend:8000/test-webhooks/e3fb4cd6-bed2-4966-bff3-ea87ae2929fb","event_id":"64437995-6618-4e8b-9194-3674f1bf5f73","event_type":"load.test"},{"id":"1fa583dd-ff14-463e-9f4c-8c4800100fc0","status":"succeeded","total_attempts":1,"next_retry_at":null,"last_error":null,"created_at":"2026-04-24T05:01:22.591598Z","updated_at":"2026-04-24T05:02:06.482739Z","endpoint_id":"4884d8c7-abfb-49cf-a00b-95aaa7724c74","endpoint_name":"built-in-test-receiver","endpoint_target_url":"http://backend:8000/test-webhooks/43aed16a-17e6-4e29-b0c7-3a7d162775b4","event_id":"64437995-6618-4e8b-9194-3674f1bf5f73","event_type":"load.test"},{"id":"20f61606-82db-424a-ac19-4a5118d7e2d3","status":"succeeded","total_attempts":1,"next_retry_at":null,"last_error":null,"created_at":"2026-04-24T05:01:22.593182Z","updated_at":"2026-04-24T05:02:06.543621Z","endpoint_id":"39f61d7a-03b1-4348-9562-525ea77e7b98","endpoint_name":"Built-in receiver endpoint","endpoint_target_url":"http://backend:8000/test-webhooks/26d9954e-a6f0-42c7-b462-712dba422c71","event_id":"762b6c6f-a5c1-4780-a60c-baf846c7bd48","event_type":"load.test"},{"id":"4fbca7d1-2ee5-40c8-9073-4171a95209ef","status":"succeeded","total_attempts":1,"next_retry_at":null,"last_error":null,"created_at":"2026-04-24T05:01:22.594685Z","updated_at":"2026-04-24T05:02:06.575846Z","endpoint_id":"a64ae9fb-09e9-49b9-bd46-269c84266178","endpoint_name":"fresh-debug-endpoint","endpoint_target_url":"http://backend:8000/test-webhooks/7042e8ef-7fce-49c9-ab0a-c16c05525e3a","event_id":"762b6c6f-a5c1-4780-a60c-baf846c7bd48","event_type":"load.test"},{"id":"49f05746-c871-47f0-86ea-d923043f6775","status":"succeeded","total_attempts":1,"next_retry_at":null,"last_error":null,"created_at":"2026-04-24T05:01:22.599979Z","updated_at":"2026-04-24T05:02:06.592596Z","endpoint_id":"eabedf55-9e53-475f-b6e9-837a3593dc52","endpoint_name":"UI debug endpoint","endpoint_target_url":"http://backend:8000/test-webhooks/e3fb4cd6-bed2-4966-bff3-ea87ae2929fb","event_id":"762b6c6f-a5c1-4780-a60c-baf846c7bd48","event_type":"load.test"},{"id":"96b3fdef-a6ed-450d-9e8a-1362a53d77be","status":"succeeded","total_attempts":1,"next_retry_at":null,"last_error":null,"created_at":"2026-04-24T05:01:22.604319Z","updated_at":"2026-04-24T05:02:07.043739Z","endpoint_id":"4884d8c7-abfb-49cf-a00b-95aaa7724c74","endpoint_name":"built-in-test-receiver","endpoint_target_url":"http://backend:8000/test-webhooks/43aed16a-17e6-4e29-b0c7-3a7d162775b4","event_id":"762b6c6f-a5c1-4780-a60c-baf846c7bd48","event_type":"load.test"},{"id":"e687280b-a882-40b7-a202-ffe3ac4184ed","status":"succeeded","total_attempts":1,"next_retry_at":null,"last_error":null,"created_at":"2026-04-24T05:01:22.590270Z","updated_at":"2026-04-24T05:02:07.059929Z","endpoint_id":"39f61d7a-03b1-4348-9562-525ea77e7b98","endpoint_name":"Built-in receiver endpoint","endpoint_target_url":"http://backend:8000/test-webhooks/26d9954e-a6f0-42c7-b462-712dba422c71","event_id":"017e4b57-3eba-47b1-8154-7965d41cd289","event_type":"load.test"},{"id":"d5f67173-ad94-4bd6-add0-072859a8b48e","status":"succeeded","total_attempts":1,"next_retry_at":null,"last_error":null,"created_at":"2026-04-24T05:01:22.596550Z","updated_at":"2026-04-24T05:02:07.078811Z","endpoint_id":"a64ae9fb-09e9-49b9-bd46-269c84266178","endpoint_name":"fresh-debug-endpoint","endpoint_target_url":"http://backend:8000/test-webhooks/7042e8ef-7fce-49c9-ab0a-c16c05525e3a","event_id":"017e4b57-3eba-47b1-8154-7965d41cd289","event_type":"load.test"},{"id":"8530e043-5688-4eca-9022-7b1804585753","status":"succeeded","total_attempts":1,"next_retry_at":null,"last_error":null,"created_at":"2026-04-24T05:01:22.598711Z","updated_at":"2026-04-24T05:02:07.091992Z","endpoint_id":"eabedf55-9e53-475f-b6e9-837a3593dc52","endpoint_name":"UI debug endpoint","endpoint_target_url":"http://backend:8000/test-webhooks/e3fb4cd6-bed2-4966-bff3-ea87ae2929fb","event_id":"017e4b57-3eba-47b1-8154-7965d41cd289","event_type":"load.test"},{"id":"0d7d6130-e6a5-45fd-a7cd-9b0689334f27","status":"succeeded","total_attempts":1,"next_retry_at":null,"last_error":null,"created_at":"2026-04-24T05:01:22.602772Z","updated_at":"2026-04-24T05:02:07.536975Z","endpoint_id":"4884d8c7-abfb-49cf-a00b-95aaa7724c74","endpoint_name":"built-in-test-receiver","endpoint_target_url":"http://backend:8000/test-webhooks/43aed16a-17e6-4e29-b0c7-3a7d162775b4","event_id":"017e4b57-3eba-47b1-8154-7965d41cd289","event_type":"load.test"},{"id":"91adc4f1-25d4-4873-8721-ed6d1af00dcd","status":"succeeded","total_attempts":1,"next_retry_at":null,"last_error":null,"created_at":"2026-04-24T05:01:22.601223Z","updated_at":"2026-04-24T05:02:07.549870Z","endpoint_id":"39f61d7a-03b1-4348-9562-525ea77e7b98","endpoint_name":"Built-in receiver endpoint","endpoint_target_url":"http://backend:8000/test-webhooks/26d9954e-a6f0-42c7-b462-712dba422c71","event_id":"0dc9a94e-1f37-4e60-888f-461b0d0b1f21","event_type":"load.test"},{"id":"0f2705df-05a8-4118-b567-9988e4552ec2","status":"succeeded","total_attempts":1,"next_retry_at":null,"last_error":null,"created_at":"2026-04-24T05:01:22.606099Z","updated_at":"2026-04-24T05:02:07.565550Z","endpoint_id":"a64ae9fb-09e9-49b9-bd46-269c84266178","endpoint_name":"fresh-debug-endpoint","endpoint_target_url":"http://backend:8000/test-webhooks/7042e8ef-7fce-49c9-ab0a-c16c05525e3a","event_id":"0dc9a94e-1f37-4e60-888f-461b0d0b1f21","event_type":"load.test"},{"id":"3308c22b-1636-4564-b7aa-fbfc29e8dee8","status":"succeeded","total_attempts":1,"next_retry_at":null,"last_error":null,"created_at":"2026-04-24T05:01:22.608656Z","updated_at":"2026-04-24T05:02:07.586793Z","endpoint_id":"eabedf55-9e53-475f-b6e9-837a3593dc52","endpoint_name":"UI debug endpoint","endpoint_target_url":"http://backend:8000/test-webhooks/e3fb4cd6-bed2-4966-bff3-ea87ae2929fb","event_id":"0dc9a94e-1f37-4e60-888f-461b0d0b1f21","event_type":"load.test"},{"id":"26d0a0be-49de-49f4-a517-e35fc064652c","status":"succeeded","total_attempts":1,"next_retry_at":null,"last_error":null,"created_at":"2026-04-24T05:01:22.610403Z","updated_at":"2026-04-24T05:02:07.911298Z","endpoint_id":"5cd890e0-eba3-4707-bd64-65ea65089a73","endpoint_name":"UI debug endpoint 2","endpoint_target_url":"http://backend:8000/test-webhooks/e3fb4cd6-bed2-4966-bff3-ea87ae2929fb","event_id":"0dc9a94e-1f37-4e60-888f-461b0d0b1f21","event_type":"load.test"},{"id":"dffc0683-195c-4c0e-8091-0683218905ec","status":"succeeded","total_attempts":1,"next_retry_at":null,"last_error":null,"created_at":"2026-04-24T05:01:22.611419Z","updated_at":"2026-04-24T05:02:08.033967Z","endpoint_id":"4884d8c7-abfb-49cf-a00b-95aaa7724c74","endpoint_name":"built-in-test-receiver","endpoint_target_url":"http://backend:8000/test-webhooks/43aed16a-17e6-4e29-b0c7-3a7d162775b4","event_id":"0dc9a94e-1f37-4e60-888f-461b0d0b1f21","event_type":"load.test"},{"id":"66018880-c152-436b-87ee-e3def2e11137","status":"succeeded","total_attempts":1,"next_retry_at":null,"last_error":null,"created_at":"2026-04-24T05:01:22.632462Z","updated_at":"2026-04-24T05:02:08.049773Z","endpoint_id":"39f61d7a-03b1-4348-9562-525ea77e7b98","endpoint_name":"Built-in receiver endpoint","endpoint_target_url":"http://backend:8000/test-webhooks/26d9954e-a6f0-42c7-b462-712dba422c71","event_id":"9e34eb1b-df36-4306-a226-a4c5f179c29f","event_type":"load.test"},{"id":"127065db-e5d0-45aa-aaa1-7860dfbf738a","status":"succeeded","total_attempts":1,"next_retry_at":null,"last_error":null,"created_at":"2026-04-24T05:01:22.633955Z","updated_at":"2026-04-24T05:02:08.064394Z","endpoint_id":"a64ae9fb-09e9-49b9-bd46-269c84266178","endpoint_name":"fresh-debug-endpoint","endpoint_target_url":"http://backend:8000/test-webhooks/7042e8ef-7fce-49c9-ab0a-c16c05525e3a","event_id":"9e34eb1b-df36-4306-a226-a4c5f179c29f","event_type":"load.test"},{"id":"1413c4ae-431c-4a21-960e-2649690881a7","status":"succeeded","total_attempts":1,"next_retry_at":null,"last_error":null,"created_at":"2026-04-24T05:01:22.632978Z","updated_at":"2026-04-24T05:02:08.077732Z","endpoint_id":"39f61d7a-03b1-4348-9562-525ea77e7b98","endpoint_name":"Built-in receiver endpoint","endpoint_target_url":"http://backend:8000/test-webhooks/26d9954e-a6f0-42c7-b462-712dba422c71","event_id":"84570fa3-5e7d-429e-90b7-872152c3d293","event_type":"load.test"},{"id":"0a1b06cd-2aa9-427a-9e8e-9e992c040ff5","status":"succeeded","total_attempts":1,"next_retry_at":null,"last_error":null,"created_at":"2026-04-24T05:01:22.636032Z","updated_at":"2026-04-24T05:02:08.091957Z","endpoint_id":"eabedf55-9e53-475f-b6e9-837a3593dc52","endpoint_name":"UI debug endpoint","endpoint_target_url":"http://backend:8000/test-webhooks/e3fb4cd6-bed2-4966-bff3-ea87ae2929fb","event_id":"9e34eb1b-df36-4306-a226-a4c5f179c29f","event_type":"load.test"},{"id":"b86dc3c5-64b6-452e-9165-e3f8fecffeca","status":"succeeded","total_attempts":1,"next_retry_at":null,"last_error":null,"created_at":"2026-04-24T05:01:22.636626Z","updated_at":"2026-04-24T05:02:08.108660Z","endpoint_id":"a64ae9fb-09e9-49b9-bd46-269c84266178","endpoint_name":"fresh-debug-endpoint","endpoint_target_url":"http://backend:8000/test-webhooks/7042e8ef-7fce-49c9-ab0a-c16c05525e3a","event_id":"84570fa3-5e7d-429e-90b7-872152c3d293","event_type":"load.test"},{"id":"77d8eccc-d807-4dd3-a909-24cbdc0272fe","status":"succeeded","total_attempts":1,"next_retry_at":null,"last_error":null,"created_at":"2026-04-24T05:01:22.637443Z","updated_at":"2026-04-24T05:02:08.443474Z","endpoint_id":"eabedf55-9e53-475f-b6e9-837a3593dc52","endpoint_name":"UI debug endpoint","endpoint_target_url":"http://backend:8000/test-webhooks/e3fb4cd6-bed2-4966-bff3-ea87ae2929fb","event_id":"84570fa3-5e7d-429e-90b7-872152c3d293","event_type":"load.test"},{"id":"0f61e698-789e-4d4f-8372-d79983188471","status":"succeeded","total_attempts":1,"next_retry_at":null,"last_error":null,"created_at":"2026-04-24T05:01:22.634292Z","updated_at":"2026-04-24T05:02:08.461530Z","endpoint_id":"39f61d7a-03b1-4348-9562-525ea77e7b98","endpoint_name":"Built-in receiver endpoint","endpoint_target_url":"http://backend:8000/test-webhooks/26d9954e-a6f0-42c7-b462-712dba422c71","event_id":"2b38b388-d122-449f-ae34-b7ae2c336762","event_type":"load.test"},{"id":"39269337-2dd7-40e6-bf54-f8b84952f8b5","status":"succeeded","total_attempts":1,"next_retry_at":null,"last_error":null,"created_at":"2026-04-24T05:01:22.642801Z","updated_at":"2026-04-24T05:02:08.914667Z","endpoint_id":"4884d8c7-abfb-49cf-a00b-95aaa7724c74","endpoint_name":"built-in-test-receiver","endpoint_target_url":"http://backend:8000/test-webhooks/43aed16a-17e6-4e29-b0c7-3a7d162775b4","event_id":"9e34eb1b-df36-4306-a226-a4c5f179c29f","event_type":"load.test"},{"id":"3ac50f3c-f747-4bb9-9935-1f51878d4b3b","status":"succeeded","total_attempts":1,"next_retry_at":null,"last_error":null,"created_at":"2026-04-24T05:01:22.641767Z","updated_at":"2026-04-24T05:02:09.037370Z","endpoint_id":"4884d8c7-abfb-49cf-a00b-95aaa7724c74","endpoint_name":"built-in-test-receiver","endpoint_target_url":"http://backend:8000/test-webhooks/43aed16a-17e6-4e29-b0c7-3a7d162775b4","event_id":"84570fa3-5e7d-429e-90b7-872152c3d293","event_type":"load.test"},{"id":"887ba043-8ac2-47e8-9da5-43f92cf384f5","status":"succeeded","total_attempts":1,"next_retry_at":null,"last_error":null,"created_at":"2026-04-24T05:01:22.638958Z","updated_at":"2026-04-24T05:02:09.233019Z","endpoint_id":"a64ae9fb-09e9-49b9-bd46-269c84266178","endpoint_name":"fresh-debug-endpoint","endpoint_target_url":"http://backend:8000/test-webhooks/7042e8ef-7fce-49c9-ab0a-c16c05525e3a","event_id":"2b38b388-d122-449f-ae34-b7ae2c336762","event_type":"load.test"},{"id":"3e292a30-e2a7-4199-815f-0f2483218aa7","status":"succeeded","total_attempts":1,"next_retry_at":null,"last_error":null,"created_at":"2026-04-24T05:01:22.641198Z","updated_at":"2026-04-24T05:02:09.270794Z","endpoint_id":"eabedf55-9e53-475f-b6e9-837a3593dc52","endpoint_name":"UI debug endpoint","endpoint_target_url":"http://backend:8000/test-webhooks/e3fb4cd6-bed2-4966-bff3-ea87ae2929fb","event_id":"2b38b388-d122-449f-ae34-b7ae2c336762","event_type":"load.test"},{"id":"3f22b171-8c51-4a9e-a532-5e2d2cf8f1eb","status":"succeeded","total_attempts":1,"next_retry_at":null,"last_error":null,"created_at":"2026-04-24T05:01:22.644766Z","updated_at":"2026-04-24T05:02:10.211047Z","endpoint_id":"4884d8c7-abfb-49cf-a00b-95aaa7724c74","endpoint_name":"built-in-test-receiver","endpoint_target_url":"http://backend:8000/test-webhooks/43aed16a-17e6-4e29-b0c7-3a7d162775b4","event_id":"2b38b388-d122-449f-ae34-b7ae2c336762","event_type":"load.test"},{"id":"ccd0dc25-ab95-45f3-b28f-cf42c732f2ab","status":"succeeded","total_attempts":1,"next_retry_at":null,"last_error":null,"created_at":"2026-04-24T05:01:22.645832Z","updated_at":"2026-04-24T05:02:10.228667Z","endpoint_id":"39f61d7a-03b1-4348-9562-525ea77e7b98","endpoint_name":"Built-in receiver endpoint","endpoint_target_url":"http://backend:8000/test-webhooks/26d9954e-a6f0-42c7-b462-712dba422c71","event_id":"bc98554f-f38e-48a2-90ab-cede8dc2850a","event_type":"load.test"},{"id":"4f64c18b-c96c-4efb-a774-050ad7a828f1","status":"succeeded","total_attempts":1,"next_retry_at":null,"last_error":null,"created_at":"2026-04-24T05:01:22.649270Z","updated_at":"2026-04-24T05:02:10.245860Z","endpoint_id":"a64ae9fb-09e9-49b9-bd46-269c84266178","endpoint_name":"fresh-debug-endpoint","endpoint_target_url":"http://backend:8000/test-webhooks/7042e8ef-7fce-49c9-ab0a-c16c05525e3a","event_id":"bc98554f-f38e-48a2-90ab-cede8dc2850a","event_type":"load.test"},{"id":"ae1cb672-cece-40d4-9a65-2a54eef49124","status":"succeeded","total_attempts":1,"next_retry_at":null,"last_error":null,"created_at":"2026-04-24T05:01:22.649842Z","updated_at":"2026-04-24T05:02:10.261962Z","endpoint_id":"eabedf55-9e53-475f-b6e9-837a3593dc52","endpoint_name":"UI debug endpoint","endpoint_target_url":"http://backend:8000/test-webhooks/e3fb4cd6-bed2-4966-bff3-ea87ae2929fb","event_id":"bc98554f-f38e-48a2-90ab-cede8dc2850a","event_type":"load.test"},{"id":"96cc6b0e-41db-4fa4-8d17-979817893065","status":"succeeded","total_attempts":1,"next_retry_at":null,"last_error":null,"created_at":"2026-04-24T05:01:22.651917Z","updated_at":"2026-04-24T05:02:10.719016Z","endpoint_id":"4884d8c7-abfb-49cf-a00b-95aaa7724c74","endpoint_name":"built-in-test-receiver","endpoint_target_url":"http://backend:8000/test-webhooks/43aed16a-17e6-4e29-b0c7-3a7d162775b4","event_id":"bc98554f-f38e-48a2-90ab-cede8dc2850a","event_type":"load.test"},{"id":"9e50d212-65fe-4c98-a500-f4251f5acf88","status":"succeeded","total_attempts":1,"next_retry_at":null,"last_error":null,"created_at":"2026-04-24T05:01:22.642193Z","updated_at":"2026-04-24T05:02:10.736098Z","endpoint_id":"39f61d7a-03b1-4348-9562-525ea77e7b98","endpoint_name":"Built-in receiver endpoint","endpoint_target_url":"http://backend:8000/test-webhooks/26d9954e-a6f0-42c7-b462-712dba422c71","event_id":"62921572-6625-4f5f-a39b-f1213f7cec88","event_type":"load.test"},{"id":"1aaf3143-19fe-4ed4-aeac-56664b367e16","status":"succeeded","total_attempts":1,"next_retry_at":null,"last_error":null,"created_at":"2026-04-24T05:01:22.645212Z","updated_at":"2026-04-24T05:02:10.750529Z","endpoint_id":"a64ae9fb-09e9-49b9-bd46-269c84266178","endpoint_name":"fresh-debug-endpoint","endpoint_target_url":"http://backend:8000/test-webhooks/7042e8ef-7fce-49c9-ab0a-c16c05525e3a","event_id":"62921572-6625-4f5f-a39b-f1213f7cec88","event_type":"load.test"},{"id":"25929b92-344d-44c6-aee3-731097bb0bd2","status":"succeeded","total_attempts":1,"next_retry_at":null,"last_error":null,"created_at":"2026-04-24T05:01:22.647381Z","updated_at":"2026-04-24T05:02:10.765405Z","endpoint_id":"eabedf55-9e53-475f-b6e9-837a3593dc52","endpoint_name":"UI debug endpoint","endpoint_target_url":"http://backend:8000/test-webhooks/e3fb4cd6-bed2-4966-bff3-ea87ae2929fb","event_id":"62921572-6625-4f5f-a39b-f1213f7cec88","event_type":"load.test"},{"id":"dc23f243-2693-47b3-9a2d-3d3844a2a56c","status":"succeeded","total_attempts":1,"next_retry_at":null,"last_error":null,"created_at":"2026-04-24T05:01:22.652791Z","updated_at":"2026-04-24T05:02:10.780035Z","endpoint_id":"39f61d7a-03b1-4348-9562-525ea77e7b98","endpoint_name":"Built-in receiver endpoint","endpoint_target_url":"http://backend:8000/test-webhooks/26d9954e-a6f0-42c7-b462-712dba422c71","event_id":"0ca91f74-d955-40f0-a9c0-3b02e0451cba","event_type":"load.test"},{"id":"ef920322-7a26-44bc-ba21-b257efac13b4","status":"succeeded","total_attempts":1,"next_retry_at":null,"last_error":null,"created_at":"2026-04-24T05:01:22.654291Z","updated_at":"2026-04-24T05:02:10.798466Z","endpoint_id":"a64ae9fb-09e9-49b9-bd46-269c84266178","endpoint_name":"fresh-debug-endpoint","endpoint_target_url":"http://backend:8000/test-webhooks/7042e8ef-7fce-49c9-ab0a-c16c05525e3a","event_id":"0ca91f74-d955-40f0-a9c0-3b02e0451cba","event_type":"load.test"},{"id":"b544c961-e56b-4648-aa4d-4212d8ce81a0","status":"succeeded","total_attempts":1,"next_retry_at":null,"last_error":null,"created_at":"2026-04-24T05:01:22.659997Z","updated_at":"2026-04-24T05:02:10.826792Z","endpoint_id":"eabedf55-9e53-475f-b6e9-837a3593dc52","endpoint_name":"UI debug endpoint","endpoint_target_url":"http://backend:8000/test-webhooks/e3fb4cd6-bed2-4966-bff3-ea87ae2929fb","event_id":"0ca91f74-d955-40f0-a9c0-3b02e0451cba","event_type":"load.test"},{"id":"e32d2abf-cc7f-4682-9ed1-7a1953f4cf85","status":"succeeded","total_attempts":1,"next_retry_at":null,"last_error":null,"created_at":"2026-04-24T05:01:22.648983Z","updated_at":"2026-04-24T05:02:11.161571Z","endpoint_id":"5cd890e0-eba3-4707-bd64-65ea65089a73","endpoint_name":"UI debug endpoint 2","endpoint_target_url":"http://backend:8000/test-webhooks/e3fb4cd6-bed2-4966-bff3-ea87ae2929fb","event_id":"62921572-6625-4f5f-a39b-f1213f7cec88","event_type":"load.test"},{"id":"f55f0a13-0185-48d4-8d1a-d3f7e1a6644c","status":"succeeded","total_attempts":1,"next_retry_at":null,"last_error":null,"created_at":"2026-04-24T05:01:22.661093Z","updated_at":"2026-04-24T05:02:11.484596Z","endpoint_id":"5cd890e0-eba3-4707-bd64-65ea65089a73","endpoint_name":"UI debug endpoint 2","endpoint_target_url":"http://backend:8000/test-webhooks/e3fb4cd6-bed2-4966-bff3-ea87ae2929fb","event_id":"0ca91f74-d955-40f0-a9c0-3b02e0451cba","event_type":"load.test"},{"id":"e9aaf6ef-ba04-47ee-a9b7-10bb68b3210b","status":"succeeded","total_attempts":1,"next_retry_at":null,"last_error":null,"created_at":"2026-04-24T05:01:22.662131Z","updated_at":"2026-04-24T05:02:11.615048Z","endpoint_id":"4884d8c7-abfb-49cf-a00b-95aaa7724c74","endpoint_name":"built-in-test-receiver","endpoint_target_url":"http://backend:8000/test-webhooks/43aed16a-17e6-4e29-b0c7-3a7d162775b4","event_id":"0ca91f74-d955-40f0-a9c0-3b02e0451cba","event_type":"load.test"},{"id":"c8f4f2bb-d665-4e59-8193-5d1c474ef6f2","status":"succeeded","total_attempts":1,"next_retry_at":null,"last_error":null,"created_at":"2026-04-24T05:01:22.653374Z","updated_at":"2026-04-24T05:02:11.779956Z","endpoint_id":"4884d8c7-abfb-49cf-a00b-95aaa7724c74","endpoint_name":"built-in-test-receiver","endpoint_target_url":"http://backend:8000/test-webhooks/43aed16a-17e6-4e29-b0c7-3a7d162775b4","event_id":"62921572-6625-4f5f-a39b-f1213f7cec88","event_type":"load.test"},{"id":"71b2505f-658f-454b-88f9-670b7581cdc3","status":"succeeded","total_attempts":1,"next_retry_at":null,"last_error":null,"created_at":"2026-04-24T05:01:22.675249Z","updated_at":"2026-04-24T05:02:11.804205Z","endpoint_id":"39f61d7a-03b1-4348-9562-525ea77e7b98","endpoint_name":"Built-in receiver endpoint","endpoint_target_url":"http://backend:8000/test-webhooks/26d9954e-a6f0-42c7-b462-712dba422c71","event_id":"cdfba868-5d1c-47a0-9085-d0fe7608486b","event_type":"load.test"},{"id":"f6cf3429-43c0-43ad-a343-7388ea0d4514","status":"succeeded","total_attempts":1,"next_retry_at":null,"last_error":null,"created_at":"2026-04-24T05:01:22.680664Z","updated_at":"2026-04-24T05:02:11.819301Z","endpoint_id":"a64ae9fb-09e9-49b9-bd46-269c84266178","endpoint_name":"fresh-debug-endpoint","endpoint_target_url":"http://backend:8000/test-webhooks/7042e8ef-7fce-49c9-ab0a-c16c05525e3a","event_id":"cdfba868-5d1c-47a0-9085-d0fe7608486b","event_type":"load.test"},{"id":"2c250c3d-7f88-4d9d-965a-3ce3158b81c0","status":"succeeded","total_attempts":1,"next_retry_at":null,"last_error":null,"created_at":"2026-04-24T05:01:22.682980Z","updated_at":"2026-04-24T05:02:11.836993Z","endpoint_id":"eabedf55-9e53-475f-b6e9-837a3593dc52","endpoint_name":"UI debug endpoint","endpoint_target_url":"http://backend:8000/test-webhooks/e3fb4cd6-bed2-4966-bff3-ea87ae2929fb","event_id":"cdfba868-5d1c-47a0-9085-d0fe7608486b","event_type":"load.test"},{"id":"2d020f2c-9eaa-47cc-8619-510e1ec10824","status":"succeeded","total_attempts":1,"next_retry_at":null,"last_error":null,"created_at":"2026-04-24T05:01:22.681378Z","updated_at":"2026-04-24T05:02:12.706479Z","endpoint_id":"39f61d7a-03b1-4348-9562-525ea77e7b98","endpoint_name":"Built-in receiver endpoint","endpoint_target_url":"http://backend:8000/test-webhooks/26d9954e-a6f0-42c7-b462-712dba422c71","event_id":"d5da5b22-4fe3-4c5f-9d96-0f95d3f81ea9","event_type":"load.test"},{"id":"2de2106a-f137-450a-8f84-6a077b73da8c","status":"succeeded","total_attempts":1,"next_retry_at":null,"last_error":null,"created_at":"2026-04-24T05:01:22.685688Z","updated_at":"2026-04-24T05:02:12.317977Z","endpoint_id":"4884d8c7-abfb-49cf-a00b-95aaa7724c74","endpoint_name":"built-in-test-receiver","endpoint_target_url":"http://backend:8000/test-webhooks/43aed16a-17e6-4e29-b0c7-3a7d162775b4","event_id":"cdfba868-5d1c-47a0-9085-d0fe7608486b","event_type":"load.test"},{"id":"3057dc62-e4a3-4d38-b22a-58c6e8f6e899","status":"succeeded","total_attempts":1,"next_retry_at":null,"last_error":null,"created_at":"2026-04-24T05:01:22.687797Z","updated_at":"2026-04-24T05:02:12.841394Z","endpoint_id":"a64ae9fb-09e9-49b9-bd46-269c84266178","endpoint_name":"fresh-debug-endpoint","endpoint_target_url":"http://backend:8000/test-webhooks/7042e8ef-7fce-49c9-ab0a-c16c05525e3a","event_id":"d5da5b22-4fe3-4c5f-9d96-0f95d3f81ea9","event_type":"load.test"},{"id":"7bdab1e8-213c-4ee3-976d-506b3d44b579","status":"succeeded","total_attempts":1,"next_retry_at":null,"last_error":null,"created_at":"2026-04-24T05:01:22.710933Z","updated_at":"2026-04-24T05:02:14.945101Z","endpoint_id":"4884d8c7-abfb-49cf-a00b-95aaa7724c74","endpoint_name":"built-in-test-receiver","endpoint_target_url":"http://backend:8000/test-webhooks/43aed16a-17e6-4e29-b0c7-3a7d162775b4","event_id":"bf35d383-4701-434c-b622-f92919a2c18f","event_type":"load.test"},{"id":"846159ea-1068-43ff-bc29-a01dc0cbfadc","status":"succeeded","total_attempts":1,"next_retry_at":null,"last_error":null,"created_at":"2026-04-24T05:01:22.688885Z","updated_at":"2026-04-24T05:02:12.855987Z","endpoint_id":"eabedf55-9e53-475f-b6e9-837a3593dc52","endpoint_name":"UI debug endpoint","endpoint_target_url":"http://backend:8000/test-webhooks/e3fb4cd6-bed2-4966-bff3-ea87ae2929fb","event_id":"d5da5b22-4fe3-4c5f-9d96-0f95d3f81ea9","event_type":"load.test"},{"id":"bd4a84b7-80a0-427d-b5d9-c195da856f19","status":"succeeded","total_attempts":1,"next_retry_at":null,"last_error":null,"created_at":"2026-04-24T05:01:22.697755Z","updated_at":"2026-04-24T05:02:12.876980Z","endpoint_id":"39f61d7a-03b1-4348-9562-525ea77e7b98","endpoint_name":"Built-in receiver endpoint","endpoint_target_url":"http://backend:8000/test-webhooks/26d9954e-a6f0-42c7-b462-712dba422c71","event_id":"0ce06cee-99aa-459a-a7cb-4d3a2cd01cda","event_type":"load.test"},{"id":"028f250a-5088-4681-a95f-032780bbbf3d","status":"succeeded","total_attempts":1,"next_retry_at":null,"last_error":null,"created_at":"2026-04-24T05:01:22.703732Z","updated_at":"2026-04-24T05:02:14.965845Z","endpoint_id":"eabedf55-9e53-475f-b6e9-837a3593dc52","endpoint_name":"UI debug endpoint","endpoint_target_url":"http://backend:8000/test-webhooks/e3fb4cd6-bed2-4966-bff3-ea87ae2929fb","event_id":"9b565db6-a6ca-44d0-886a-03582937e3fc","event_type":"load.test"},{"id":"2345f64d-8fae-4034-b8df-14ffb9559a6e","status":"succeeded","total_attempts":1,"next_retry_at":null,"last_error":null,"created_at":"2026-04-24T05:01:22.699487Z","updated_at":"2026-04-24T05:02:12.902504Z","endpoint_id":"a64ae9fb-09e9-49b9-bd46-269c84266178","endpoint_name":"fresh-debug-endpoint","endpoint_target_url":"http://backend:8000/test-webhooks/7042e8ef-7fce-49c9-ab0a-c16c05525e3a","event_id":"0ce06cee-99aa-459a-a7cb-4d3a2cd01cda","event_type":"load.test"},{"id":"2bb45580-d1f6-4256-8879-de136e35f096","status":"succeeded","total_attempts":1,"next_retry_at":null,"last_error":null,"created_at":"2026-04-24T05:01:22.700187Z","updated_at":"2026-04-24T05:02:12.916893Z","endpoint_id":"eabedf55-9e53-475f-b6e9-837a3593dc52","endpoint_name":"UI debug endpoint","endpoint_target_url":"http://backend:8000/test-webhooks/e3fb4cd6-bed2-4966-bff3-ea87ae2929fb","event_id":"0ce06cee-99aa-459a-a7cb-4d3a2cd01cda","event_type":"load.test"},{"id":"5957ef7a-8395-4815-aded-868628f4d8c9","status":"succeeded","total_attempts":1,"next_retry_at":null,"last_error":null,"created_at":"2026-04-24T05:01:22.704961Z","updated_at":"2026-04-24T05:02:15.292179Z","endpoint_id":"5cd890e0-eba3-4707-bd64-65ea65089a73","endpoint_name":"UI debug endpoint 2","endpoint_target_url":"http://backend:8000/test-webhooks/e3fb4cd6-bed2-4966-bff3-ea87ae2929fb","event_id":"9b565db6-a6ca-44d0-886a-03582937e3fc","event_type":"load.test"},{"id":"e1e66f4b-7712-413e-8531-2ccdfaefea10","status":"failed","total_attempts":3,"next_retry_at":null,"last_error":"http_5xx: 503","created_at":"2026-04-24T05:01:22.693112Z","updated_at":"2026-04-24T05:04:55.677354Z","endpoint_id":"5cd890e0-eba3-4707-bd64-65ea65089a73","endpoint_name":"UI debug endpoint 2","endpoint_target_url":"http://backend:8000/test-webhooks/e3fb4cd6-bed2-4966-bff3-ea87ae2929fb","event_id":"d5da5b22-4fe3-4c5f-9d96-0f95d3f81ea9","event_type":"load.test"},{"id":"b6659b97-b894-4347-bb72-b7249e89c9a1","status":"succeeded","total_attempts":1,"next_retry_at":null,"last_error":null,"created_at":"2026-04-24T05:01:22.695048Z","updated_at":"2026-04-24T05:02:13.374319Z","endpoint_id":"4884d8c7-abfb-49cf-a00b-95aaa7724c74","endpoint_name":"built-in-test-receiver","endpoint_target_url":"http://backend:8000/test-webhooks/43aed16a-17e6-4e29-b0c7-3a7d162775b4","event_id":"d5da5b22-4fe3-4c5f-9d96-0f95d3f81ea9","event_type":"load.test"},{"id":"d6747fdf-ac22-439c-ab88-60eb1439dedf","status":"succeeded","total_attempts":1,"next_retry_at":null,"last_error":null,"created_at":"2026-04-24T05:01:22.707456Z","updated_at":"2026-04-24T05:02:15.417316Z","endpoint_id":"4884d8c7-abfb-49cf-a00b-95aaa7724c74","endpoint_name":"built-in-test-receiver","endpoint_target_url":"http://backend:8000/test-webhooks/43aed16a-17e6-4e29-b0c7-3a7d162775b4","event_id":"9b565db6-a6ca-44d0-886a-03582937e3fc","event_type":"load.test"},{"id":"6de945a1-e4fc-484f-821c-fb9b476a0dfb","status":"succeeded","total_attempts":1,"next_retry_at":null,"last_error":null,"created_at":"2026-04-24T05:01:22.702510Z","updated_at":"2026-04-24T05:02:13.698405Z","endpoint_id":"5cd890e0-eba3-4707-bd64-65ea65089a73","endpoint_name":"UI debug endpoint 2","endpoint_target_url":"http://backend:8000/test-webhooks/e3fb4cd6-bed2-4966-bff3-ea87ae2929fb","event_id":"0ce06cee-99aa-459a-a7cb-4d3a2cd01cda","event_type":"load.test"},{"id":"2f38c846-07ea-46bb-9e66-dafc1f2e5534","status":"succeeded","total_attempts":1,"next_retry_at":null,"last_error":null,"created_at":"2026-04-24T05:01:22.703407Z","updated_at":"2026-04-24T05:02:13.851999Z","endpoint_id":"4884d8c7-abfb-49cf-a00b-95aaa7724c74","endpoint_name":"built-in-test-receiver","endpoint_target_url":"http://backend:8000/test-webhooks/43aed16a-17e6-4e29-b0c7-3a7d162775b4","event_id":"0ce06cee-99aa-459a-a7cb-4d3a2cd01cda","event_type":"load.test"},{"id":"38a3d0b3-e752-457a-88a3-50faca3c8b28","status":"succeeded","total_attempts":1,"next_retry_at":null,"last_error":null,"created_at":"2026-04-24T05:01:22.704541Z","updated_at":"2026-04-24T05:02:13.879963Z","endpoint_id":"39f61d7a-03b1-4348-9562-525ea77e7b98","endpoint_name":"Built-in receiver endpoint","endpoint_target_url":"http://backend:8000/test-webhooks/26d9954e-a6f0-42c7-b462-712dba422c71","event_id":"b5167bd1-7b8a-48d2-8725-b9efcde0d756","event_type":"load.test"},{"id":"87400c73-5bbc-4f13-9e3c-038e8991cd21","status":"succeeded","total_attempts":1,"next_retry_at":null,"last_error":null,"created_at":"2026-04-24T05:01:22.705811Z","updated_at":"2026-04-24T05:02:13.895675Z","endpoint_id":"a64ae9fb-09e9-49b9-bd46-269c84266178","endpoint_name":"fresh-debug-endpoint","endpoint_target_url":"http://backend:8000/test-webhooks/7042e8ef-7fce-49c9-ab0a-c16c05525e3a","event_id":"b5167bd1-7b8a-48d2-8725-b9efcde0d756","event_type":"load.test"},{"id":"385ad26e-036e-4da6-b160-48adc44ea4cd","status":"succeeded","total_attempts":1,"next_retry_at":null,"last_error":null,"created_at":"2026-04-24T05:01:22.704113Z","updated_at":"2026-04-24T05:02:13.909933Z","endpoint_id":"39f61d7a-03b1-4348-9562-525ea77e7b98","endpoint_name":"Built-in receiver endpoint","endpoint_target_url":"http://backend:8000/test-webhooks/26d9954e-a6f0-42c7-b462-712dba422c71","event_id":"bf35d383-4701-434c-b622-f92919a2c18f","event_type":"load.test"},{"id":"5198ea12-70b8-48d4-b5ec-92211c759cb8","status":"succeeded","total_attempts":1,"next_retry_at":null,"last_error":null,"created_at":"2026-04-24T05:01:22.709141Z","updated_at":"2026-04-24T05:02:13.930410Z","endpoint_id":"eabedf55-9e53-475f-b6e9-837a3593dc52","endpoint_name":"UI debug endpoint","endpoint_target_url":"http://backend:8000/test-webhooks/e3fb4cd6-bed2-4966-bff3-ea87ae2929fb","event_id":"b5167bd1-7b8a-48d2-8725-b9efcde0d756","event_type":"load.test"},{"id":"c2ff1e1d-e359-4163-8751-f9d1cefe9db5","status":"succeeded","total_attempts":1,"next_retry_at":null,"last_error":null,"created_at":"2026-04-24T05:01:22.705522Z","updated_at":"2026-04-24T05:02:13.944328Z","endpoint_id":"a64ae9fb-09e9-49b9-bd46-269c84266178","endpoint_name":"fresh-debug-endpoint","endpoint_target_url":"http://backend:8000/test-webhooks/7042e8ef-7fce-49c9-ab0a-c16c05525e3a","event_id":"bf35d383-4701-434c-b622-f92919a2c18f","event_type":"load.test"},{"id":"4bd481ba-d945-49d0-ad61-37058f3e01a3","status":"succeeded","total_attempts":1,"next_retry_at":null,"last_error":null,"created_at":"2026-04-24T05:01:22.710294Z","updated_at":"2026-04-24T05:02:14.273944Z","endpoint_id":"5cd890e0-eba3-4707-bd64-65ea65089a73","endpoint_name":"UI debug endpoint 2","endpoint_target_url":"http://backend:8000/test-webhooks/e3fb4cd6-bed2-4966-bff3-ea87ae2929fb","event_id":"b5167bd1-7b8a-48d2-8725-b9efcde0d756","event_type":"load.test"},{"id":"a47f73c9-51c6-43cb-a8ad-3935a1624b8e","status":"succeeded","total_attempts":1,"next_retry_at":null,"last_error":null,"created_at":"2026-04-24T05:01:22.700599Z","updated_at":"2026-04-24T05:02:14.302791Z","endpoint_id":"39f61d7a-03b1-4348-9562-525ea77e7b98","endpoint_name":"Built-in receiver endpoint","endpoint_target_url":"http://backend:8000/test-webhooks/26d9954e-a6f0-42c7-b462-712dba422c71","event_id":"9b565db6-a6ca-44d0-886a-03582937e3fc","event_type":"load.test"},{"id":"968d4a7a-8cc4-4e75-a746-b1af6a3e7984","status":"succeeded","total_attempts":1,"next_retry_at":null,"last_error":null,"created_at":"2026-04-24T05:01:22.708174Z","updated_at":"2026-04-24T05:02:14.325889Z","endpoint_id":"eabedf55-9e53-475f-b6e9-837a3593dc52","endpoint_name":"UI debug endpoint","endpoint_target_url":"http://backend:8000/test-webhooks/e3fb4cd6-bed2-4966-bff3-ea87ae2929fb","event_id":"bf35d383-4701-434c-b622-f92919a2c18f","event_type":"load.test"},{"id":"253c6a87-8913-4428-bf58-abf229ab26c1","status":"succeeded","total_attempts":1,"next_retry_at":null,"last_error":null,"created_at":"2026-04-24T05:01:22.709915Z","updated_at":"2026-04-24T05:02:14.652624Z","endpoint_id":"5cd890e0-eba3-4707-bd64-65ea65089a73","endpoint_name":"UI debug endpoint 2","endpoint_target_url":"http://backend:8000/test-webhooks/e3fb4cd6-bed2-4966-bff3-ea87ae2929fb","event_id":"bf35d383-4701-434c-b622-f92919a2c18f","event_type":"load.test"},{"id":"c0051956-6557-41ba-b110-8cf486853eda","status":"succeeded","total_attempts":1,"next_retry_at":null,"last_error":null,"created_at":"2026-04-24T05:01:22.711397Z","updated_at":"2026-04-24T05:02:14.786780Z","endpoint_id":"4884d8c7-abfb-49cf-a00b-95aaa7724c74","endpoint_name":"built-in-test-receiver","endpoint_target_url":"http://backend:8000/test-webhooks/43aed16a-17e6-4e29-b0c7-3a7d162775b4","event_id":"b5167bd1-7b8a-48d2-8725-b9efcde0d756","event_type":"load.test"},{"id":"0c3b6caf-2192-4c2f-bc0d-a2a0280bfc2c","status":"succeeded","total_attempts":1,"next_retry_at":null,"last_error":null,"created_at":"2026-04-24T05:01:22.701888Z","updated_at":"2026-04-24T05:02:14.812564Z","endpoint_id":"a64ae9fb-09e9-49b9-bd46-269c84266178","endpoint_name":"fresh-debug-endpoint","endpoint_target_url":"http://backend:8000/test-webhooks/7042e8ef-7fce-49c9-ab0a-c16c05525e3a","event_id":"9b565db6-a6ca-44d0-886a-03582937e3fc","event_type":"load.test"}]